Archive member included to satisfy reference by file (symbol)

/usr/bin/../lib/gcc/arm-none-eabi/7.3.1/../../../../arm-none-eabi/lib/thumb/v7e-m/fpv4-sp/hard/libc.a(lib_a-abs.o)
                              _build/kobukiActuator.o (abs)
/usr/bin/../lib/gcc/arm-none-eabi/7.3.1/../../../../arm-none-eabi/lib/thumb/v7e-m/fpv4-sp/hard/libc.a(lib_a-exit.o)
                              /usr/bin/../lib/gcc/arm-none-eabi/7.3.1/../../../../arm-none-eabi/lib/thumb/v7e-m/fpv4-sp/hard/crt0.o (exit)
/usr/bin/../lib/gcc/arm-none-eabi/7.3.1/../../../../arm-none-eabi/lib/thumb/v7e-m/fpv4-sp/hard/libc.a(lib_a-impure.o)
                              /usr/bin/../lib/gcc/arm-none-eabi/7.3.1/../../../../arm-none-eabi/lib/thumb/v7e-m/fpv4-sp/hard/libc.a(lib_a-exit.o) (_global_impure_ptr)
/usr/bin/../lib/gcc/arm-none-eabi/7.3.1/../../../../arm-none-eabi/lib/thumb/v7e-m/fpv4-sp/hard/libc.a(lib_a-init.o)
                              /usr/bin/../lib/gcc/arm-none-eabi/7.3.1/../../../../arm-none-eabi/lib/thumb/v7e-m/fpv4-sp/hard/crt0.o (__libc_init_array)
/usr/bin/../lib/gcc/arm-none-eabi/7.3.1/../../../../arm-none-eabi/lib/thumb/v7e-m/fpv4-sp/hard/libc.a(lib_a-locale.o)
                              _build/nrf_log_str_formatter.o (__locale_ctype_ptr)
/usr/bin/../lib/gcc/arm-none-eabi/7.3.1/../../../../arm-none-eabi/lib/thumb/v7e-m/fpv4-sp/hard/libc.a(lib_a-mbtowc_r.o)
                              /usr/bin/../lib/gcc/arm-none-eabi/7.3.1/../../../../arm-none-eabi/lib/thumb/v7e-m/fpv4-sp/hard/libc.a(lib_a-locale.o) (__ascii_mbtowc)
/usr/bin/../lib/gcc/arm-none-eabi/7.3.1/../../../../arm-none-eabi/lib/thumb/v7e-m/fpv4-sp/hard/libc.a(lib_a-memcmp.o)
                              _build/nrf_twi_mngr.o (memcmp)
/usr/bin/../lib/gcc/arm-none-eabi/7.3.1/../../../../arm-none-eabi/lib/thumb/v7e-m/fpv4-sp/hard/libc.a(lib_a-memcpy.o)
                              _build/kobukiUART.o (memcpy)
/usr/bin/../lib/gcc/arm-none-eabi/7.3.1/../../../../arm-none-eabi/lib/thumb/v7e-m/fpv4-sp/hard/libc.a(lib_a-memset.o)
                              /usr/bin/../lib/gcc/arm-none-eabi/7.3.1/../../../../arm-none-eabi/lib/thumb/v7e-m/fpv4-sp/hard/crt0.o (memset)
/usr/bin/../lib/gcc/arm-none-eabi/7.3.1/../../../../arm-none-eabi/lib/thumb/v7e-m/fpv4-sp/hard/libc.a(lib_a-printf.o)
                              _build/main.o (printf)
/usr/bin/../lib/gcc/arm-none-eabi/7.3.1/../../../../arm-none-eabi/lib/thumb/v7e-m/fpv4-sp/hard/libc.a(lib_a-setbuf.o)
                              _build/before_startup.o (setbuf)
/usr/bin/../lib/gcc/arm-none-eabi/7.3.1/../../../../arm-none-eabi/lib/thumb/v7e-m/fpv4-sp/hard/libc.a(lib_a-setvbuf.o)
                              /usr/bin/../lib/gcc/arm-none-eabi/7.3.1/../../../../arm-none-eabi/lib/thumb/v7e-m/fpv4-sp/hard/libc.a(lib_a-setbuf.o) (setvbuf)
/usr/bin/../lib/gcc/arm-none-eabi/7.3.1/../../../../arm-none-eabi/lib/thumb/v7e-m/fpv4-sp/hard/libc.a(lib_a-strcmp.o)
                              /usr/bin/../lib/gcc/arm-none-eabi/7.3.1/../../../../arm-none-eabi/lib/thumb/v7e-m/fpv4-sp/hard/libc.a(lib_a-locale.o) (strcmp)
/usr/bin/../lib/gcc/arm-none-eabi/7.3.1/../../../../arm-none-eabi/lib/thumb/v7e-m/fpv4-sp/hard/libc.a(lib_a-strcpy.o)
                              _build/SEGGER_RTT.o (strcpy)
/usr/bin/../lib/gcc/arm-none-eabi/7.3.1/../../../../arm-none-eabi/lib/thumb/v7e-m/fpv4-sp/hard/libc.a(lib_a-strlen.o)
                              _build/display.o (strlen)
/usr/bin/../lib/gcc/arm-none-eabi/7.3.1/../../../../arm-none-eabi/lib/thumb/v7e-m/fpv4-sp/hard/libc.a(lib_a-vfprintf.o)
                              /usr/bin/../lib/gcc/arm-none-eabi/7.3.1/../../../../arm-none-eabi/lib/thumb/v7e-m/fpv4-sp/hard/libc.a(lib_a-printf.o) (_vfprintf_r)
/usr/bin/../lib/gcc/arm-none-eabi/7.3.1/../../../../arm-none-eabi/lib/thumb/v7e-m/fpv4-sp/hard/libc.a(lib_a-vsnprintf.o)
                              _build/simple_logger.o (vsnprintf)
/usr/bin/../lib/gcc/arm-none-eabi/7.3.1/../../../../arm-none-eabi/lib/thumb/v7e-m/fpv4-sp/hard/libc.a(lib_a-wctomb_r.o)
                              /usr/bin/../lib/gcc/arm-none-eabi/7.3.1/../../../../arm-none-eabi/lib/thumb/v7e-m/fpv4-sp/hard/libc.a(lib_a-locale.o) (__ascii_wctomb)
/usr/bin/../lib/gcc/arm-none-eabi/7.3.1/../../../../arm-none-eabi/lib/thumb/v7e-m/fpv4-sp/hard/libc.a(lib_a-wsetup.o)
                              /usr/bin/../lib/gcc/arm-none-eabi/7.3.1/../../../../arm-none-eabi/lib/thumb/v7e-m/fpv4-sp/hard/libc.a(lib_a-vfprintf.o) (__swsetup_r)
/usr/bin/../lib/gcc/arm-none-eabi/7.3.1/../../../../arm-none-eabi/lib/thumb/v7e-m/fpv4-sp/hard/libc.a(lib_a-__call_atexit.o)
                              /usr/bin/../lib/gcc/arm-none-eabi/7.3.1/../../../../arm-none-eabi/lib/thumb/v7e-m/fpv4-sp/hard/libc.a(lib_a-exit.o) (__call_exitprocs)
/usr/bin/../lib/gcc/arm-none-eabi/7.3.1/../../../../arm-none-eabi/lib/thumb/v7e-m/fpv4-sp/hard/libc.a(lib_a-atexit.o)
[...]
Memory Configuration

Name             Origin             Length             Attributes
FLASH            0x0000000000026000 0x0000000000059000 xr
RAM              0x00000000200098a8 0x0000000000006758 xrw
bootloader_settings_page 0x000000000007f000 0x0000000000001000 r
uicr_bootloader_start_address 0x0000000010001014 0x0000000000000004 r
*default*        0x0000000000000000 0xffffffffffffffff

Linker script and memory map


.text           0x0000000000026000     0xe3f4
 *(.isr_vector)
 .isr_vector    0x0000000000026000      0x200 _build/gcc_startup_nrf52.os
                0x0000000000026000                __isr_vector
 *(.text*)
 .text          0x0000000000026200       0x40 /usr/bin/../lib/gcc/arm-none-eabi/7.3.1/thumb/v7e-m/fpv4-sp/hard/crtbegin.o
 .text          0x0000000000026240       0x74 /usr/bin/../lib/gcc/arm-none-eabi/7.3.1/../../../../arm-none-eabi/lib/thumb/v7e-m/fpv4-sp/hard/crt0.o
                0x0000000000026240                _mainCRTStartup
                0x0000000000026240                _start
 *fill*         0x00000000000262b4        0x4 
 .text.millis   0x00000000000262b8       0x28 _build/YDLidar.o
                0x00000000000262b8                millis
 .text.compareMillis
                0x00000000000262e0        0xe _build/YDLidar.o
                0x00000000000262e0                compareMillis
 *fill*         0x00000000000262ee        0x2 
 .text.haveData
                0x00000000000262f0      0x37c _build/YDLidar.o
                0x00000000000262f0                haveData
 .text.getCurrentScanPoint
                0x000000000002666c       0x14 _build/YDLidar.o
                0x000000000002666c                getCurrentScanPoint
 .text.pwm_ready_callback
                0x0000000000026680        0xc _build/main.o
                0x0000000000026680                pwm_ready_callback
 .text.timer_handler.15693
                0x000000000002668c        0x2 _build/main.o
 *fill*         0x000000000002668e        0x2 
 .text.LidarUartInit
                0x0000000000026690       0x18 _build/main.o
                0x0000000000026690                LidarUartInit
 .text.LidarUartUninit
                0x00000000000266a8        0xc _build/main.o
                0x00000000000266a8                LidarUartUninit
 .text.lidar_speed
                0x00000000000266b4       0x1c _build/main.o
                0x00000000000266b4                lidar_speed
 .text.start_lidar
                0x00000000000266d0        0xc _build/main.o
                0x00000000000266d0                start_lidar
 .text.enqueue  0x00000000000266dc       0x3c _build/main.o
                0x00000000000266dc                enqueue
 .text.dequeue  0x0000000000026718       0x44 _build/main.o
                0x0000000000026718                dequeue
 .text.startup.main
                0x000000000002675c      0x12c _build/main.o
                0x000000000002675c                main
 .text.kobukiInit
                0x0000000000026888       0x38 _build/kobukiUtilities.o
                0x0000000000026888                kobukiInit
 .text.nrf_delay_ms.part.0
                0x00000000000268c0       0x1c _build/better_error_handling.o
 .text.app_error_fault_handler
                0x00000000000268dc      0x128 _build/better_error_handling.o
                0x00000000000268dc                app_error_fault_handler
 .text.HardFault_process
                0x0000000000026a04       0x9a _build/better_error_handling.o
                0x0000000000026a04                HardFault_process
 .text._GetAvailWriteSpace
                0x0000000000026a9e       0x1c _build/SEGGER_RTT.o
 .text._WriteNoCheck
                0x0000000000026aba       0x3a _build/SEGGER_RTT.o
 .text._WriteBlocking
                0x0000000000026af4       0x52 _build/SEGGER_RTT.o
 *fill*         0x0000000000026b46        0x2 
 .text._DoInit  0x0000000000026b48       0x60 _build/SEGGER_RTT.o
 .text.SEGGER_RTT_WriteNoLock
                0x0000000000026ba8       0x68 _build/SEGGER_RTT.o
                0x0000000000026ba8                SEGGER_RTT_WriteNoLock
 .text.SEGGER_RTT_Write
                0x0000000000026c10       0x3c _build/SEGGER_RTT.o
                0x0000000000026c10                SEGGER_RTT_Write
 .text.SEGGER_RTT_Init
                0x0000000000026c4c        0x4 _build/SEGGER_RTT.o
                0x0000000000026c4c                SEGGER_RTT_Init
 .text._write_r
                0x0000000000026c50       0x12 _build/SEGGER_RTT_Syscalls_GCC.o
                0x0000000000026c50                _write_r
 .text.app_error_handler
                0x0000000000026c62       0x1a _build/app_error_handler_gcc.o
                0x0000000000026c62                app_error_handler
 .text.pwm_dealloc
                0x0000000000026c7c       0x58 _build/app_pwm.o
 .text.pwm_ready_tick
                0x0000000000026cd4       0x5c _build/app_pwm.o
                0x0000000000026cd4                pwm_ready_tick
 .text.app_pwm_busy_check
                0x0000000000026d30       0x3c _build/app_pwm.o
                0x0000000000026d30                app_pwm_busy_check
 .text.app_pwm_channel_duty_ticks_set
                0x0000000000026d6c      0x1a0 _build/app_pwm.o
                0x0000000000026d6c                app_pwm_channel_duty_ticks_set
 .text.app_pwm_channel_duty_set
                0x0000000000026f0c       0x12 _build/app_pwm.o
                0x0000000000026f0c                app_pwm_channel_duty_set
 *fill*         0x0000000000026f1e        0x2 
 .text.app_pwm_init
                0x0000000000026f20      0x344 _build/app_pwm.o
                0x0000000000026f20                app_pwm_init
 .text.app_pwm_enable
                0x0000000000027264       0x88 _build/app_pwm.o
                0x0000000000027264                app_pwm_enable
 .text.user_op_alloc
                0x00000000000272ec       0x2c _build/app_timer.o
 .text.timer_stop_op_schedule
                0x0000000000027318       0x50 _build/app_timer.o
 .text.nrfx_coredep_delay_us.constprop.3
                0x0000000000027368       0x10 _build/app_timer.o
 .text.RTC1_IRQHandler
                0x0000000000027378       0x9c _build/app_timer.o
                0x0000000000027378                RTC1_IRQHandler
 .text.SWI0_EGU0_IRQHandler
                0x0000000000027414      0x2a4 _build/app_timer.o
                0x0000000000027414                SWI0_EGU0_IRQHandler
 .text.app_timer_init
                0x00000000000276b8       0x88 _build/app_timer.o
                0x00000000000276b8                app_timer_init
 .text.app_timer_create
                0x0000000000027740       0x24 _build/app_timer.o
                0x0000000000027740                app_timer_create
 .text.app_timer_start
                0x0000000000027764       0x88 _build/app_timer.o
                0x0000000000027764                app_timer_start
 .text.app_timer_stop
                0x00000000000277ec       0x20 _build/app_timer.o
                0x00000000000277ec                app_timer_stop
 .text.app_timer_cnt_get
                0x000000000002780c        0xc _build/app_timer.o
                0x000000000002780c                app_timer_cnt_get
 .text.privilege_level_get
                0x0000000000027818       0x1a _build/app_util_platform.o
                0x0000000000027818                privilege_level_get
 *fill*         0x0000000000027832        0x2 
 .text.app_util_critical_region_enter
                0x0000000000027834       0x60 _build/app_util_platform.o
                0x0000000000027834                app_util_critical_region_enter
 .text.app_util_critical_region_exit
                0x0000000000027894       0x40 _build/app_util_platform.o
                0x0000000000027894                app_util_critical_region_exit
 .text.startup.called_first
                0x00000000000278d4       0x10 _build/before_startup.o
                0x00000000000278d4                called_first
 .text.HardFault_Handler
                0x00000000000278e4       0x34 _build/hardfault_handler_gcc.o
                0x00000000000278e4                HardFault_Handler
 .text.HardFault_c_handler
                0x0000000000027918      0x104 _build/hardfault_implementation.o
                0x0000000000027918                HardFault_c_handler
 .text.nrf_atomic_u32_fetch_store
                0x0000000000027a1c       0x14 _build/nrf_atomic.o
                0x0000000000027a1c                nrf_atomic_u32_fetch_store
 .text.nrf_atomic_u32_or
                0x0000000000027a30       0x16 _build/nrf_atomic.o
                0x0000000000027a30                nrf_atomic_u32_or
 .text.nrf_atomic_u32_fetch_and
                0x0000000000027a46       0x16 _build/nrf_atomic.o
                0x0000000000027a46                nrf_atomic_u32_fetch_and
 .text.nrf_atomic_u32_add
                0x0000000000027a5c       0x16 _build/nrf_atomic.o
                0x0000000000027a5c                nrf_atomic_u32_add
 .text.nrf_atomic_u32_sub
                0x0000000000027a72       0x16 _build/nrf_atomic.o
                0x0000000000027a72                nrf_atomic_u32_sub
 .text.nrf_atomic_flag_set
                0x0000000000027a88        0x6 _build/nrf_atomic.o
                0x0000000000027a88                nrf_atomic_flag_set
 .text.nrf_atomic_flag_clear_fetch
                0x0000000000027a8e        0x6 _build/nrf_atomic.o
                0x0000000000027a8e                nrf_atomic_flag_clear_fetch
 .text.nrf_balloc_init
                0x0000000000027a94       0x7c _build/nrf_balloc.o
                0x0000000000027a94                nrf_balloc_init
 .text.nrf_balloc_alloc
                0x0000000000027b10       0x5c _build/nrf_balloc.o
                0x0000000000027b10                nrf_balloc_alloc
 .text.nrf_balloc_free
                0x0000000000027b6c       0x50 _build/nrf_balloc.o
                0x0000000000027b6c                nrf_balloc_free
 .text.clock_clk_started_notify
                0x0000000000027bbc       0x28 _build/nrf_drv_clock.o
 .text.clock_irq_handler
                0x0000000000027be4       0x1c _build/nrf_drv_clock.o
 .text.soc_evt_handler
                0x0000000000027c00       0x14 _build/nrf_drv_clock.o
 .text.nrf_drv_clock_init
                0x0000000000027c14       0x38 _build/nrf_drv_clock.o
                0x0000000000027c14                nrf_drv_clock_init
 .text.nrf_drv_clock_lfclk_request
                0x0000000000027c4c       0x84 _build/nrf_drv_clock.o
                0x0000000000027c4c                nrf_drv_clock_lfclk_request
 .text.nrf_drv_clock_lfclk_release
                0x0000000000027cd0       0x60 _build/nrf_drv_clock.o
                0x0000000000027cd0                nrf_drv_clock_lfclk_release
 .text.sd_state_evt_handler
                0x0000000000027d30       0x6c _build/nrf_drv_clock.o
 .text.nrf_drv_ppi_init
                0x0000000000027d9c       0x14 _build/nrf_drv_ppi.o
                0x0000000000027d9c                nrf_drv_ppi_init
 .text.uarte_evt_handler
                0x0000000000027db0       0x34 _build/nrf_drv_uart.o
 .text.uart_evt_handler
                0x0000000000027de4       0x34 _build/nrf_drv_uart.o
 .text.nrf_drv_uart_init
                0x0000000000027e18       0x7c _build/nrf_drv_uart.o
                0x0000000000027e18                nrf_drv_uart_init
 .text.nrf_fprintf_buffer_flush
                0x0000000000027e94       0x24 _build/nrf_fprintf.o
                0x0000000000027e94                nrf_fprintf_buffer_flush
 .text.nrf_fprintf
                0x0000000000027eb8       0x58 _build/nrf_fprintf.o
                0x0000000000027eb8                nrf_fprintf
 .text.buffer_add
                0x0000000000027f10       0x1e _build/nrf_fprintf_format.o
 *fill*         0x0000000000027f2e        0x2 
 .text.unsigned_print
                0x0000000000027f30       0xac _build/nrf_fprintf_format.o
 .text.nrf_fprintf_fmt
                0x0000000000027fdc      0x2c4 _build/nrf_fprintf_format.o
                0x0000000000027fdc                nrf_fprintf_fmt
 .text.nrf_log_backend_rtt_flush
                0x00000000000282a0        0x2 _build/nrf_log_backend_rtt.o
 *fill*         0x00000000000282a2        0x2 
 .text.nrf_log_backend_rtt_put
                0x00000000000282a4       0x1c _build/nrf_log_backend_rtt.o
 .text.serial_tx
                0x00000000000282c0       0x50 _build/nrf_log_backend_rtt.o
 .text.nrf_log_backend_rtt_panic_set
                0x0000000000028310        0x2 _build/nrf_log_backend_rtt.o
 .text.nrf_log_backend_rtt_init
                0x0000000000028312        0x4 _build/nrf_log_backend_rtt.o
                0x0000000000028312                nrf_log_backend_rtt_init
 .text.nrf_log_backend_serial_put
                0x0000000000028316       0xcc _build/nrf_log_backend_serial.o
                0x0000000000028316                nrf_log_backend_serial_put
 *fill*         0x00000000000283e2        0x2 
 .text.nrf_log_default_backends_init
                0x00000000000283e4       0x30 _build/nrf_log_default_backends.o
                0x00000000000283e4                nrf_log_default_backends_init
 .text.invalid_packets_omit
                0x0000000000028414       0x3a _build/nrf_log_frontend.o
 *fill*         0x000000000002844e        0x2 
 .text.buf_prealloc
                0x0000000000028450      0x138 _build/nrf_log_frontend.o
 .text.nrf_log_init
                0x0000000000028588       0x3c _build/nrf_log_frontend.o
                0x0000000000028588                nrf_log_init
 .text.nrf_log_module_name_get
                0x00000000000285c4       0x38 _build/nrf_log_frontend.o
                0x00000000000285c4                nrf_log_module_name_get
 .text.nrf_log_color_id_get
                0x00000000000285fc       0x2c _build/nrf_log_frontend.o
                0x00000000000285fc                nrf_log_color_id_get
 .text.buffer_is_empty
                0x0000000000028628       0x14 _build/nrf_log_frontend.o
                0x0000000000028628                buffer_is_empty
 .text.nrf_log_frontend_dequeue
                0x000000000002863c      0x228 _build/nrf_log_frontend.o
                0x000000000002863c                nrf_log_frontend_dequeue
 .text.std_n    0x0000000000028864       0xd8 _build/nrf_log_frontend.o
 .text.nrf_log_frontend_std_0
                0x000000000002893c        0x8 _build/nrf_log_frontend.o
                0x000000000002893c                nrf_log_frontend_std_0
 .text.nrf_log_frontend_std_1
                0x0000000000028944       0x14 _build/nrf_log_frontend.o
                0x0000000000028944                nrf_log_frontend_std_1
 .text.nrf_log_frontend_std_2
                0x0000000000028958       0x14 _build/nrf_log_frontend.o
                0x0000000000028958                nrf_log_frontend_std_2
 .text.nrf_log_frontend_std_3
                0x000000000002896c       0x18 _build/nrf_log_frontend.o
                0x000000000002896c                nrf_log_frontend_std_3
 .text.nrf_log_frontend_std_4
                0x0000000000028984       0x1c _build/nrf_log_frontend.o
                0x0000000000028984                nrf_log_frontend_std_4
 .text.nrf_log_backend_add
                0x00000000000289a0       0x54 _build/nrf_log_frontend.o
                0x00000000000289a0                nrf_log_backend_add
 .text.nrf_log_panic
                0x00000000000289f4       0x2c _build/nrf_log_frontend.o
                0x00000000000289f4                nrf_log_panic
 .text.postfix_process
                0x0000000000028a20       0x3c _build/nrf_log_str_formatter.o
 .text.prefix_process
                0x0000000000028a5c       0x78 _build/nrf_log_str_formatter.o
 .text.nrf_log_std_entry_process
                0x0000000000028ad4       0xc8 _build/nrf_log_str_formatter.o
                0x0000000000028ad4                nrf_log_std_entry_process
 .text.nrf_log_hexdump_entry_process
                0x0000000000028b9c       0xbc _build/nrf_log_str_formatter.o
                0x0000000000028b9c                nrf_log_hexdump_entry_process
 .text.memobj_op
                0x0000000000028c58       0xa4 _build/nrf_memobj.o
 .text.nrf_memobj_pool_init
                0x0000000000028cfc        0x4 _build/nrf_memobj.o
                0x0000000000028cfc                nrf_memobj_pool_init
 .text.nrf_memobj_free
                0x0000000000028d00       0x2c _build/nrf_memobj.o
                0x0000000000028d00                nrf_memobj_free
 .text.nrf_memobj_alloc
                0x0000000000028d2c       0x5e _build/nrf_memobj.o
                0x0000000000028d2c                nrf_memobj_alloc
 .text.nrf_memobj_get
                0x0000000000028d8a        0x8 _build/nrf_memobj.o
                0x0000000000028d8a                nrf_memobj_get
 .text.nrf_memobj_put
                0x0000000000028d92       0x1e _build/nrf_memobj.o
                0x0000000000028d92                nrf_memobj_put
 .text.nrf_memobj_write
                0x0000000000028db0       0x2c _build/nrf_memobj.o
                0x0000000000028db0                nrf_memobj_write
 .text.nrf_memobj_read
                0x0000000000028ddc       0x2c _build/nrf_memobj.o
                0x0000000000028ddc                nrf_memobj_read
 .text.nrf_ringbuf_init
                0x0000000000028e08       0x1c _build/nrf_ringbuf.o
                0x0000000000028e08                nrf_ringbuf_init
 .text.queue_utilization_get
                0x0000000000028e24       0x18 _build/nrf_queue.o
 .text.nrf_queue_next_idx
                0x0000000000028e3c       0x20 _build/nrf_queue.o
 .text.queue_read
                0x0000000000028e5c       0x66 _build/nrf_queue.o
 *fill*         0x0000000000028ec2        0x2 
 .text.nrf_queue_out
                0x0000000000028ec4       0x58 _build/nrf_queue.o
                0x0000000000028ec4                nrf_queue_out
 .text.nrf_queue_reset
                0x0000000000028f1c       0x38 _build/nrf_queue.o
                0x0000000000028f1c                nrf_queue_reset
 .text.nrf_queue_utilization_get
                0x0000000000028f54       0x38 _build/nrf_queue.o
                0x0000000000028f54                nrf_queue_utilization_get
 .text.nrf_queue_is_empty
                0x0000000000028f8c       0x24 _build/nrf_queue.o
                0x0000000000028f8c                nrf_queue_is_empty
 .text.nrf_queue_available_get
                0x0000000000028fb0       0x20 _build/nrf_queue.o
                0x0000000000028fb0                nrf_queue_available_get
 .text.queue_write
                0x0000000000028fd0       0x8a _build/nrf_queue.o
 *fill*         0x000000000002905a        0x2 
 .text.nrf_queue_in
                0x000000000002905c       0x64 _build/nrf_queue.o
                0x000000000002905c                nrf_queue_in
 .text.nrf_section_iter_init
                0x00000000000290c0       0x30 _build/nrf_section_iter.o
                0x00000000000290c0                nrf_section_iter_init
 .text.nrf_section_iter_next
                0x00000000000290f0       0x38 _build/nrf_section_iter.o
                0x00000000000290f0                nrf_section_iter_next
 .text.event_handler
                0x0000000000029128        0xc _build/nrf_serial.o
 .text.serial_timeout_handler
                0x0000000000029134        0x6 _build/nrf_serial.o
 *fill*         0x000000000002913a        0x2 
 .text.nrf_mtx_unlock
                0x000000000002913c       0x2c _build/nrf_serial.o
 .text.nrf_drv_uart_tx
                0x0000000000029168       0x24 _build/nrf_serial.o
 .text.nrf_drv_uart_rx
                0x000000000002918c       0x24 _build/nrf_serial.o
 .text.uart_event_handler
                0x00000000000291b0       0x9c _build/nrf_serial.o
 .text.nrf_mtx_trylock
                0x000000000002924c       0x28 _build/nrf_serial.o
 .text.nrf_drv_uart_tx_in_progress
                0x0000000000029274       0x18 _build/nrf_serial.o
 .text.sleep_handler.isra.0
                0x000000000002928c        0xe _build/nrf_serial.o
 *fill*         0x000000000002929a        0x2 
 .text.timeout_setup.isra.1
                0x000000000002929c       0x58 _build/nrf_serial.o
 .text.serial_rx
                0x00000000000292f4       0x6c _build/nrf_serial.o
 .text.nrf_serial_init
                0x0000000000029360      0x138 _build/nrf_serial.o
                0x0000000000029360                nrf_serial_init
 .text.nrf_serial_uninit
                0x0000000000029498       0x80 _build/nrf_serial.o
                0x0000000000029498                nrf_serial_uninit
 .text.nrf_serial_read
                0x0000000000029518       0xec _build/nrf_serial.o
                0x0000000000029518                nrf_serial_read
 .text.nrf_serial_flush
                0x0000000000029604       0xbc _build/nrf_serial.o
                0x0000000000029604                nrf_serial_flush
 .text.nrf_serial_rx_drain
                0x00000000000296c0       0x60 _build/nrf_serial.o
                0x00000000000296c0                nrf_serial_rx_drain
 .text.nrf_strerror_find
                0x0000000000029720       0x3c _build/nrf_strerror.o
                0x0000000000029720                nrf_strerror_find
 .text.nrf_strerror_get
                0x000000000002975c       0x14 _build/nrf_strerror.o
                0x000000000002975c                nrf_strerror_get
 .text.nrfx_clock_init
                0x0000000000029770       0x2c _build/nrfx_clock.o
                0x0000000000029770                nrfx_clock_init
 .text.nrfx_clock_enable
                0x000000000002979c       0x3c _build/nrfx_clock.o
                0x000000000002979c                nrfx_clock_enable
 .text.nrfx_clock_lfclk_start
                0x00000000000297d8       0x6c _build/nrfx_clock.o
                0x00000000000297d8                nrfx_clock_lfclk_start
 .text.nrfx_clock_lfclk_stop
                0x0000000000029844       0x30 _build/nrfx_clock.o
                0x0000000000029844                nrfx_clock_lfclk_stop
 .text.POWER_CLOCK_IRQHandler
                0x0000000000029874       0x64 _build/nrfx_clock.o
                0x0000000000029874                POWER_CLOCK_IRQHandler
 .text.nrf_gpiote_event_clear
                0x00000000000298d8       0x18 _build/nrfx_gpiote.o
 .text.channel_free
                0x00000000000298f0       0x1c _build/nrfx_gpiote.o
 .text.nrf_gpio_pin_port_decode.isra.0.part.1
                0x000000000002990c       0x10 _build/nrfx_gpiote.o
 .text.nrf_gpio_cfg_sense_set
                0x000000000002991c       0x2e _build/nrfx_gpiote.o
 *fill*         0x000000000002994a        0x2 
 .text.nrfx_gpiote_init
                0x000000000002994c       0x6c _build/nrfx_gpiote.o
                0x000000000002994c                nrfx_gpiote_init
 .text.nrfx_gpiote_is_init
                0x00000000000299b8       0x14 _build/nrfx_gpiote.o
                0x00000000000299b8                nrfx_gpiote_is_init
 .text.nrfx_gpiote_out_init
                0x00000000000299cc      0x11c _build/nrfx_gpiote.o
                0x00000000000299cc                nrfx_gpiote_out_init
 .text.nrfx_gpiote_out_uninit
                0x0000000000029ae8       0x90 _build/nrfx_gpiote.o
                0x0000000000029ae8                nrfx_gpiote_out_uninit
 .text.nrfx_gpiote_out_set
                0x0000000000029b78       0x5c _build/nrfx_gpiote.o
                0x0000000000029b78                nrfx_gpiote_out_set
 .text.nrfx_gpiote_out_clear
                0x0000000000029bd4       0x5c _build/nrfx_gpiote.o
                0x0000000000029bd4                nrfx_gpiote_out_clear
 .text.nrfx_gpiote_out_task_enable
                0x0000000000029c30       0x64 _build/nrfx_gpiote.o
                0x0000000000029c30                nrfx_gpiote_out_task_enable
 .text.nrfx_gpiote_set_task_addr_get
                0x0000000000029c94       0x48 _build/nrfx_gpiote.o
                0x0000000000029c94                nrfx_gpiote_set_task_addr_get
 .text.nrfx_gpiote_clr_task_addr_get
                0x0000000000029cdc       0x48 _build/nrfx_gpiote.o
                0x0000000000029cdc                nrfx_gpiote_clr_task_addr_get
 .text.nrfx_gpiote_out_task_force
                0x0000000000029d24       0x70 _build/nrfx_gpiote.o
                0x0000000000029d24                nrfx_gpiote_out_task_force
 .text.GPIOTE_IRQHandler
                0x0000000000029d94      0x18c _build/nrfx_gpiote.o
                0x0000000000029d94                GPIOTE_IRQHandler
 .text.nrfx_ppi_channel_alloc
                0x0000000000029f20       0x68 _build/nrfx_ppi.o
                0x0000000000029f20                nrfx_ppi_channel_alloc
 .text.nrfx_ppi_channel_free
                0x0000000000029f88       0x44 _build/nrfx_ppi.o
                0x0000000000029f88                nrfx_ppi_channel_free
 .text.nrfx_ppi_channel_assign
                0x0000000000029fcc       0x40 _build/nrfx_ppi.o
                0x0000000000029fcc                nrfx_ppi_channel_assign
 .text.nrfx_ppi_channel_enable
                0x000000000002a00c       0x30 _build/nrfx_ppi.o
                0x000000000002a00c                nrfx_ppi_channel_enable
 .text.nrfx_ppi_channel_disable
                0x000000000002a03c       0x30 _build/nrfx_ppi.o
                0x000000000002a03c                nrfx_ppi_channel_disable
 .text.UARTE0_UART0_IRQHandler
                0x000000000002a06c       0x20 _build/nrfx_prs.o
                0x000000000002a06c                UARTE0_UART0_IRQHandler
 .text.nrfx_prs_acquire
                0x000000000002a08c       0x50 _build/nrfx_prs.o
                0x000000000002a08c                nrfx_prs_acquire
 .text.nrfx_prs_release
                0x000000000002a0dc       0x28 _build/nrfx_prs.o
                0x000000000002a0dc                nrfx_prs_release
 .text.nrf_pwm_event_clear
                0x000000000002a104       0x10 _build/nrfx_pwm.o
 .text.irq_handler
                0x000000000002a114       0x80 _build/nrfx_pwm.o
 .text.PWM0_IRQHandler
                0x000000000002a194       0x10 _build/nrfx_pwm.o
                0x000000000002a194                PWM0_IRQHandler
 .text.PWM1_IRQHandler
                0x000000000002a1a4       0x10 _build/nrfx_pwm.o
                0x000000000002a1a4                PWM1_IRQHandler
 .text.PWM2_IRQHandler
                0x000000000002a1b4       0x10 _build/nrfx_pwm.o
                0x000000000002a1b4                PWM2_IRQHandler
 .text.nrf_saadc_event_clear
                0x000000000002a1c4       0x18 _build/nrfx_saadc.o
 .text.SAADC_IRQHandler
                0x000000000002a1dc      0x164 _build/nrfx_saadc.o
                0x000000000002a1dc                SAADC_IRQHandler
 .text.nrf_gpio_pin_port_decode.isra.0.part.1
                0x000000000002a340       0x10 _build/nrfx_spim.o
 .text.nrf_gpio_pin_clear
                0x000000000002a350       0x1c _build/nrfx_spim.o
 .text.nrf_gpio_pin_set
                0x000000000002a36c       0x1c _build/nrfx_spim.o
 .text.SPIM1_SPIS1_TWIM1_TWIS1_SPI1_TWI1_IRQHandler
                0x000000000002a388       0x64 _build/nrfx_spim.o
                0x000000000002a388                SPIM1_SPIS1_TWIM1_TWIS1_SPI1_TWI1_IRQHandler
 .text.irq_handler.constprop.0
                0x000000000002a3ec       0x4c _build/nrfx_timer.o
 .text.nrfx_timer_init
                0x000000000002a438      0x170 _build/nrfx_timer.o
                0x000000000002a438                nrfx_timer_init
 .text.nrfx_timer_enable
                0x000000000002a5a8       0x38 _build/nrfx_timer.o
                0x000000000002a5a8                nrfx_timer_enable
 .text.nrfx_timer_disable
                0x000000000002a5e0       0x34 _build/nrfx_timer.o
                0x000000000002a5e0                nrfx_timer_disable
 .text.nrfx_timer_uninit
                0x000000000002a614       0x50 _build/nrfx_timer.o
                0x000000000002a614                nrfx_timer_uninit
 .text.nrfx_timer_clear
                0x000000000002a664       0x2c _build/nrfx_timer.o
                0x000000000002a664                nrfx_timer_clear
 .text.nrfx_timer_compare
                0x000000000002a690       0x36 _build/nrfx_timer.o
                0x000000000002a690                nrfx_timer_compare
 .text.nrfx_timer_extended_compare
                0x000000000002a6c6       0x2e _build/nrfx_timer.o
                0x000000000002a6c6                nrfx_timer_extended_compare
 .text.nrfx_timer_compare_int_enable
                0x000000000002a6f4       0x58 _build/nrfx_timer.o
                0x000000000002a6f4                nrfx_timer_compare_int_enable
 .text.nrfx_timer_compare_int_disable
                0x000000000002a74c       0x44 _build/nrfx_timer.o
                0x000000000002a74c                nrfx_timer_compare_int_disable
 .text.TIMER0_IRQHandler
                0x000000000002a790       0x10 _build/nrfx_timer.o
                0x000000000002a790                TIMER0_IRQHandler
 .text.TIMER1_IRQHandler
                0x000000000002a7a0       0x10 _build/nrfx_timer.o
                0x000000000002a7a0                TIMER1_IRQHandler
 .text.nrf_twim_event_clear
                0x000000000002a7b0       0x10 _build/nrfx_twim.o
 .text.SPIM0_SPIS0_TWIM0_TWIS0_SPI0_TWI0_IRQHandler
                0x000000000002a7c0      0x158 _build/nrfx_twim.o
                0x000000000002a7c0                SPIM0_SPIS0_TWIM0_TWIS0_SPI0_TWI0_IRQHandler
 .text.nrf_uart_event_clear
                0x000000000002a918       0x10 _build/nrfx_uart.o
 .text.tx_byte  0x000000000002a928       0x1e _build/nrfx_uart.o
 .text.rx_enable.isra.1
                0x000000000002a946       0x20 _build/nrfx_uart.o
 .text.rx_byte  0x000000000002a966       0x2c _build/nrfx_uart.o
 *fill*         0x000000000002a992        0x2 
 .text.nrf_gpio_pin_port_decode.isra.3.part.4
                0x000000000002a994       0x10 _build/nrfx_uart.o
 .text.nrf_gpio_cfg_default
                0x000000000002a9a4       0x1c _build/nrfx_uart.o
 .text.rx_done_event.constprop.9
                0x000000000002a9c0       0x20 _build/nrfx_uart.o
 .text.nrfx_uart_0_irq_handler
                0x000000000002a9e0      0x140 _build/nrfx_uart.o
                0x000000000002a9e0                nrfx_uart_0_irq_handler
 .text.nrfx_uart_init
                0x000000000002ab20      0x208 _build/nrfx_uart.o
                0x000000000002ab20                nrfx_uart_init
 .text.nrfx_uart_uninit
                0x000000000002ad28       0xb4 _build/nrfx_uart.o
                0x000000000002ad28                nrfx_uart_uninit
 .text.nrfx_uart_tx
                0x000000000002addc       0xe0 _build/nrfx_uart.o
                0x000000000002addc                nrfx_uart_tx
 .text.nrfx_uart_tx_in_progress
                0x000000000002aebc       0x18 _build/nrfx_uart.o
                0x000000000002aebc                nrfx_uart_tx_in_progress
 .text.nrfx_uart_rx
                0x000000000002aed4      0x12c _build/nrfx_uart.o
                0x000000000002aed4                nrfx_uart_rx
 .text.nrfx_uart_rx_ready
                0x000000000002b000        0xe _build/nrfx_uart.o
                0x000000000002b000                nrfx_uart_rx_ready
 *fill*         0x000000000002b00e        0x2 
 .text.nrfx_uart_rx_enable
                0x000000000002b010       0x2c _build/nrfx_uart.o
                0x000000000002b010                nrfx_uart_rx_enable
 .text.nrfx_uart_rx_abort
                0x000000000002b03c       0x12 _build/nrfx_uart.o
                0x000000000002b03c                nrfx_uart_rx_abort
 .text.nrf_uarte_event_clear
                0x000000000002b04e       0x10 _build/nrfx_uarte.o
 *fill*         0x000000000002b05e        0x2 
 .text.nrf_gpio_pin_port_decode.isra.1.part.2
                0x000000000002b060       0x10 _build/nrfx_uarte.o
 .text.nrf_gpio_cfg_default
                0x000000000002b070       0x1c _build/nrfx_uarte.o
 .text.rx_done_event.constprop.8
                0x000000000002b08c       0x20 _build/nrfx_uarte.o
 .text.nrfx_uarte_0_irq_handler
                0x000000000002b0ac       0xe8 _build/nrfx_uarte.o
                0x000000000002b0ac                nrfx_uarte_0_irq_handler
 .text.nrfx_uarte_init
                0x000000000002b194      0x218 _build/nrfx_uarte.o
                0x000000000002b194                nrfx_uarte_init
 .text.nrfx_uarte_uninit
                0x000000000002b3ac       0xb4 _build/nrfx_uarte.o
                0x000000000002b3ac                nrfx_uarte_uninit
 .text.nrfx_uarte_tx
                0x000000000002b460       0xe8 _build/nrfx_uarte.o
                0x000000000002b460                nrfx_uarte_tx
 .text.nrfx_uarte_tx_in_progress
                0x000000000002b548       0x18 _build/nrfx_uarte.o
                0x000000000002b548                nrfx_uarte_tx_in_progress
 .text.nrfx_uarte_rx
                0x000000000002b560      0x130 _build/nrfx_uarte.o
                0x000000000002b560                nrfx_uarte_rx
 .text.nrfx_uarte_rx_ready
                0x000000000002b690        0xe _build/nrfx_uarte.o
                0x000000000002b690                nrfx_uarte_rx_ready
 *fill*         0x000000000002b69e        0x2 
 .text.nrfx_uarte_rx_abort
                0x000000000002b6a0       0x28 _build/nrfx_uarte.o
                0x000000000002b6a0                nrfx_uarte_rx_abort
 .text.ble_advdata_search
                0x000000000002b6c8       0x38 _build/ble_advdata.o
                0x000000000002b6c8                ble_advdata_search
 .text.ble_advdata_parse
                0x000000000002b700       0x20 _build/ble_advdata.o
                0x000000000002b700                ble_advdata_parse
 .text.sd_ble_gap_adv_set_configure
                0x000000000002b720        0x4 _build/ble_advertising.o
 .text.sd_ble_gap_adv_start
                0x000000000002b724        0x4 _build/ble_advertising.o
 .text.flags_set
                0x000000000002b728       0x2c _build/ble_advertising.o
 .text.ble_advertising_start
                0x000000000002b754      0x21c _build/ble_advertising.o
                0x000000000002b754                ble_advertising_start
 .text.ble_advertising_on_ble_evt
                0x000000000002b970       0x6a _build/ble_advertising.o
                0x000000000002b970                ble_advertising_on_ble_evt
 .text.ble_advertising_on_sys_evt
                0x000000000002b9da        0x2 _build/ble_advertising.o
                0x000000000002b9da                ble_advertising_on_sys_evt
 .text.instance_get
                0x000000000002b9dc       0x14 _build/ble_conn_params.o
 .text.send_error_evt
                0x000000000002b9f0       0x10 _build/ble_conn_params.o
 .text.conn_params_negotiation
                0x000000000002ba00       0x48 _build/ble_conn_params.o
 .text.is_conn_params_ok.constprop.3
                0x000000000002ba48       0x3a _build/ble_conn_params.o
 *fill*         0x000000000002ba82        0x2 
 .text.ble_evt_handler
                0x000000000002ba84       0xe0 _build/ble_conn_params.o
 .text.ble_srv_is_notification_enabled
                0x000000000002bb64        0x8 _build/ble_srv_common.o
                0x000000000002bb64                ble_srv_is_notification_enabled
 .text.sd_ble_gap_data_length_update
                0x000000000002bb6c        0x4 _build/nrf_ble_gatt.o
 .text.sd_ble_gattc_exchange_mtu_request
                0x000000000002bb70        0x4 _build/nrf_ble_gatt.o
 .text.sd_ble_gatts_exchange_mtu_reply
                0x000000000002bb74        0x4 _build/nrf_ble_gatt.o
 .text.data_length_update
                0x000000000002bb78       0x7c _build/nrf_ble_gatt.o
 .text.nrf_ble_gatt_on_ble_evt
                0x000000000002bbf4      0x1b0 _build/nrf_ble_gatt.o
                0x000000000002bbf4                nrf_ble_gatt_on_ble_evt
 .text.sd_ble_gatts_rw_authorize_reply
                0x000000000002bda4        0x4 _build/nrf_ble_qwr.o
 .text.sd_ble_user_mem_reply
                0x000000000002bda8        0x4 _build/nrf_ble_qwr.o
 .text.user_mem_reply.part.0
                0x000000000002bdac       0x24 _build/nrf_ble_qwr.o
 .text.nrf_ble_qwr_conn_handle_assign
                0x000000000002bdd0       0x16 _build/nrf_ble_qwr.o
                0x000000000002bdd0                nrf_ble_qwr_conn_handle_assign
 .text.nrf_ble_qwr_on_ble_evt
                0x000000000002bde6       0xa0 _build/nrf_ble_qwr.o
                0x000000000002bde6                nrf_ble_qwr_on_ble_evt
 *fill*         0x000000000002be86        0x2 
 .text.nrf_sdh_is_enabled
                0x000000000002be88        0xc _build/nrf_sdh.o
                0x000000000002be88                nrf_sdh_is_enabled
 .text.nrf_sdh_evts_poll
                0x000000000002be94       0x28 _build/nrf_sdh.o
                0x000000000002be94                nrf_sdh_evts_poll
 .text.SWI2_EGU2_IRQHandler
                0x000000000002bebc        0x4 _build/nrf_sdh.o
                0x000000000002bebc                SWI2_EGU2_IRQHandler
 .text.sd_ble_evt_get
                0x000000000002bec0        0x4 _build/nrf_sdh_ble.o
 .text.nrf_sdh_ble_evts_poll.part.0
                0x000000000002bec4       0x58 _build/nrf_sdh_ble.o
 .text.nrf_sdh_ble_evts_poll
                0x000000000002bf1c       0x10 _build/nrf_sdh_ble.o
 .text.sd_ble_gap_disconnect
                0x000000000002bf2c        0x4 _build/simple_ble.o
 .text.sd_ble_gap_sec_params_reply
                0x000000000002bf30        0x4 _build/simple_ble.o
 .text.sd_ble_gap_sec_info_reply
                0x000000000002bf34        0x4 _build/simple_ble.o
 .text.sd_ble_gap_scan_start
                0x000000000002bf38        0x4 _build/simple_ble.o
 .text.sd_ble_gap_phy_update
                0x000000000002bf3c        0x4 _build/simple_ble.o
 .text.sd_ble_gatts_sys_attr_set
                0x000000000002bf40        0x4 _build/simple_ble.o
 .text.sd_power_system_off
                0x000000000002bf44        0x4 _build/simple_ble.o
 .text.on_ble_evt
                0x000000000002bf48      0x1d0 _build/simple_ble.o
 .text.assert_nrf_callback
                0x000000000002c118       0x20 _build/simple_ble.o
                0x000000000002c118                assert_nrf_callback
 .text.errata_12
                0x000000000002c138       0x40 _build/system_nrf52.o
 .text.errata_16
                0x000000000002c178       0x34 _build/system_nrf52.o
 .text.SystemInit
                0x000000000002c1ac      0x25c _build/system_nrf52.o
                0x000000000002c1ac                SystemInit
 .text          0x000000000002c408       0x3c _build/gcc_startup_nrf52.os
                0x000000000002c408                Reset_Handler
                0x000000000002c430                NMI_Handler
                0x000000000002c434                MemoryManagement_Handler
                0x000000000002c436                BusFault_Handler
                0x000000000002c438                UsageFault_Handler
                0x000000000002c43a                SVC_Handler
                0x000000000002c43c                DebugMon_Handler
                0x000000000002c43e                PendSV_Handler
                0x000000000002c440                SysTick_Handler
                0x000000000002c442                TIMER2_IRQHandler
                0x000000000002c442                RTC0_IRQHandler
                0x000000000002c442                RADIO_IRQHandler
                0x000000000002c442                PDM_IRQHandler
                0x000000000002c442                TEMP_IRQHandler
                0x000000000002c442                QDEC_IRQHandler
                0x000000000002c442                TIMER3_IRQHandler
                0x000000000002c442                FPU_IRQHandler
                0x000000000002c442                TIMER4_IRQHandler
                0x000000000002c442                I2S_IRQHandler
                0x000000000002c442                SWI4_EGU4_IRQHandler
                0x000000000002c442                ECB_IRQHandler
                0x000000000002c442                Default_Handler
                0x000000000002c442                CCM_AAR_IRQHandler
                0x000000000002c442                WDT_IRQHandler
                0x000000000002c442                SWI5_EGU5_IRQHandler
                0x000000000002c442                RNG_IRQHandler
                0x000000000002c442                RTC2_IRQHandler
                0x000000000002c442                SWI3_EGU3_IRQHandler
                0x000000000002c442                SWI1_EGU1_IRQHandler
                0x000000000002c442                SPIM2_SPIS2_SPI2_IRQHandler
                0x000000000002c442                NFCT_IRQHandler
                0x000000000002c442                MWU_IRQHandler
                0x000000000002c442                COMP_LPCOMP_IRQHandler
 .text.exit     0x000000000002c444       0x20 /usr/bin/../lib/gcc/arm-none-eabi/7.3.1/../../../../arm-none-eabi/lib/thumb/v7e-m/fpv4-sp/hard/libc.a(lib_a-exit.o)
                0x000000000002c444                exit
 .text.__libc_init_array
                0x000000000002c464       0x48 /usr/bin/../lib/gcc/arm-none-eabi/7.3.1/../../../../arm-none-eabi/lib/thumb/v7e-m/fpv4-sp/hard/libc.a(lib_a-init.o)
                0x000000000002c464                __libc_init_array
 .text.__locale_mb_cur_max
                0x000000000002c4ac       0x1c /usr/bin/../lib/gcc/arm-none-eabi/7.3.1/../../../../arm-none-eabi/lib/thumb/v7e-m/fpv4-sp/hard/libc.a(lib_a-locale.o)
                0x000000000002c4ac                __locale_mb_cur_max
 .text.__locale_ctype_ptr
                0x000000000002c4c8       0x1c /usr/bin/../lib/gcc/arm-none-eabi/7.3.1/../../../../arm-none-eabi/lib/thumb/v7e-m/fpv4-sp/hard/libc.a(lib_a-locale.o)
                0x000000000002c4c8                __locale_ctype_ptr
 .text.__ascii_mbtowc
                0x000000000002c4e4       0x2c /usr/bin/../lib/gcc/arm-none-eabi/7.3.1/../../../../arm-none-eabi/lib/thumb/v7e-m/fpv4-sp/hard/libc.a(lib_a-mbtowc_r.o)
                0x000000000002c4e4                __ascii_mbtowc
 .text          0x000000000002c510      0x134 /usr/bin/../lib/gcc/arm-none-eabi/7.3.1/../../../../arm-none-eabi/lib/thumb/v7e-m/fpv4-sp/hard/libc.a(lib_a-memcpy.o)
                0x000000000002c510                memcpy
 .text.memset   0x000000000002c644       0x94 /usr/bin/../lib/gcc/arm-none-eabi/7.3.1/../../../../arm-none-eabi/lib/thumb/v7e-m/fpv4-sp/hard/libc.a(lib_a-memset.o)
                0x000000000002c644                memset
 .text.printf   0x000000000002c6d8       0x28 /usr/bin/../lib/gcc/arm-none-eabi/7.3.1/../../../../arm-none-eabi/lib/thumb/v7e-m/fpv4-sp/hard/libc.a(lib_a-printf.o)
                0x000000000002c6d8                printf
 .text.setbuf   0x000000000002c700       0x10 /usr/bin/../lib/gcc/arm-none-eabi/7.3.1/../../../../arm-none-eabi/lib/thumb/v7e-m/fpv4-sp/hard/libc.a(lib_a-setbuf.o)
                0x000000000002c700                setbuf
 .text.setvbuf  0x000000000002c710      0x180 /usr/bin/../lib/gcc/arm-none-eabi/7.3.1/../../../../arm-none-eabi/lib/thumb/v7e-m/fpv4-sp/hard/libc.a(lib_a-setvbuf.o)
                0x000000000002c710                setvbuf
 .text.strcpy   0x000000000002c890       0xbc /usr/bin/../lib/gcc/arm-none-eabi/7.3.1/../../../../arm-none-eabi/lib/thumb/v7e-m/fpv4-sp/hard/libc.a(lib_a-strcpy.o)
                0x000000000002c890                strcpy
 *fill*         0x000000000002c94c       0x34 
 .text          0x000000000002c980       0xdc /usr/bin/../lib/gcc/arm-none-eabi/7.3.1/../../../../arm-none-eabi/lib/thumb/v7e-m/fpv4-sp/hard/libc.a(lib_a-strlen.o)
                0x000000000002c980                strlen
 *fill*         0x000000000002ca5c        0x4 
 .text._vfprintf_r
                0x000000000002ca60     0x1a7c /usr/bin/../lib/gcc/arm-none-eabi/7.3.1/../../../../arm-none-eabi/lib/thumb/v7e-m/fpv4-sp/hard/libc.a(lib_a-vfprintf.o)
                0x000000000002ca60                _vfprintf_r
 .text.__sbprintf
                0x000000000002e4dc       0x84 /usr/bin/../lib/gcc/arm-none-eabi/7.3.1/../../../../arm-none-eabi/lib/thumb/v7e-m/fpv4-sp/hard/libc.a(lib_a-vfprintf.o)
 .text.__ascii_wctomb
                0x000000000002e560       0x1c /usr/bin/../lib/gcc/arm-none-eabi/7.3.1/../../../../arm-none-eabi/lib/thumb/v7e-m/fpv4-sp/hard/libc.a(lib_a-wctomb_r.o)
                0x000000000002e560                __ascii_wctomb
 .text.__swsetup_r
                0x000000000002e57c       0xcc /usr/bin/../lib/gcc/arm-none-eabi/7.3.1/../../../../arm-none-eabi/lib/thumb/v7e-m/fpv4-sp/hard/libc.a(lib_a-wsetup.o)
                0x000000000002e57c                __swsetup_r
 .text.startup.register_fini
                0x000000000002e648       0x14 /usr/bin/../lib/gcc/arm-none-eabi/7.3.1/../../../../arm-none-eabi/lib/thumb/v7e-m/fpv4-sp/hard/libc.a(lib_a-__call_atexit.o)
 .text.__call_exitprocs
                0x000000000002e65c       0xe8 /usr/bin/../lib/gcc/arm-none-eabi/7.3.1/../../../../arm-none-eabi/lib/thumb/v7e-m/fpv4-sp/hard/libc.a(lib_a-__call_atexit.o)
                0x000000000002e65c                __call_exitprocs
 .text.atexit   0x000000000002e744        0xc /usr/bin/../lib/gcc/arm-none-eabi/7.3.1/../../../../arm-none-eabi/lib/thumb/v7e-m/fpv4-sp/hard/libc.a(lib_a-atexit.o)
                0x000000000002e744                atexit
 .text.quorem   0x000000000002e750      0x124 /usr/bin/../lib/gcc/arm-none-eabi/7.3.1/../../../../arm-none-eabi/lib/thumb/v7e-m/fpv4-sp/hard/libc.a(lib_a-dtoa.o)
 *fill*         0x000000000002e874        0x4 
 .text._dtoa_r  0x000000000002e878      0xe20 /usr/bin/../lib/gcc/arm-none-eabi/7.3.1/../../../../arm-none-eabi/lib/thumb/v7e-m/fpv4-sp/hard/libc.a(lib_a-dtoa.o)
                0x000000000002e878                _dtoa_r
 .text.__sflush_r
                0x000000000002f698      0x154 /usr/bin/../lib/gcc/arm-none-eabi/7.3.1/../../../../arm-none-eabi/lib/thumb/v7e-m/fpv4-sp/hard/libc.a(lib_a-fflush.o)
                0x000000000002f698                __sflush_r
 .text._fflush_r
                0x000000000002f7ec       0x5c /usr/bin/../lib/gcc/arm-none-eabi/7.3.1/../../../../arm-none-eabi/lib/thumb/v7e-m/fpv4-sp/hard/libc.a(lib_a-fflush.o)
                0x000000000002f7ec                _fflush_r
 .text.std      0x000000000002f848       0x50 /usr/bin/../lib/gcc/arm-none-eabi/7.3.1/../../../../arm-none-eabi/lib/thumb/v7e-m/fpv4-sp/hard/libc.a(lib_a-findfp.o)
 .text._cleanup_r
                0x000000000002f898        0xc /usr/bin/../lib/gcc/arm-none-eabi/7.3.1/../../../../arm-none-eabi/lib/thumb/v7e-m/fpv4-sp/hard/libc.a(lib_a-findfp.o)
                0x000000000002f898                _cleanup_r
 .text.__sinit  0x000000000002f8a4       0x58 /usr/bin/../lib/gcc/arm-none-eabi/7.3.1/../../../../arm-none-eabi/lib/thumb/v7e-m/fpv4-sp/hard/libc.a(lib_a-findfp.o)
                0x000000000002f8a4                __sinit
 .text.__sfp_lock_acquire
                0x000000000002f8fc        0xc /usr/bin/../lib/gcc/arm-none-eabi/7.3.1/../../../../arm-none-eabi/lib/thumb/v7e-m/fpv4-sp/hard/libc.a(lib_a-findfp.o)
                0x000000000002f8fc                __sfp_lock_acquire
 .text.__sfp_lock_release
                0x000000000002f908        0xc /usr/bin/../lib/gcc/arm-none-eabi/7.3.1/../../../../arm-none-eabi/lib/thumb/v7e-m/fpv4-sp/hard/libc.a(lib_a-findfp.o)
                0x000000000002f908                __sfp_lock_release
 .text.__libc_fini_array
                0x000000000002f914       0x34 /usr/bin/../lib/gcc/arm-none-eabi/7.3.1/../../../../arm-none-eabi/lib/thumb/v7e-m/fpv4-sp/hard/libc.a(lib_a-fini.o)
                0x000000000002f914                __libc_fini_array
 .text._malloc_trim_r
                0x000000000002f948       0xa0 /usr/bin/../lib/gcc/arm-none-eabi/7.3.1/../../../../arm-none-eabi/lib/thumb/v7e-m/fpv4-sp/hard/libc.a(lib_a-freer.o)
                0x000000000002f948                _malloc_trim_r
 .text._free_r  0x000000000002f9e8      0x1e8 /usr/bin/../lib/gcc/arm-none-eabi/7.3.1/../../../../arm-none-eabi/lib/thumb/v7e-m/fpv4-sp/hard/libc.a(lib_a-freer.o)
                0x000000000002f9e8                _free_r
 .text._fwalk_reent
                0x000000000002fbd0       0x54 /usr/bin/../lib/gcc/arm-none-eabi/7.3.1/../../../../arm-none-eabi/lib/thumb/v7e-m/fpv4-sp/hard/libc.a(lib_a-fwalk.o)
                0x000000000002fbd0                _fwalk_reent
 .text._localeconv_r
                0x000000000002fc24       0x1c /usr/bin/../lib/gcc/arm-none-eabi/7.3.1/../../../../arm-none-eabi/lib/thumb/v7e-m/fpv4-sp/hard/libc.a(lib_a-localeconv.o)
                0x000000000002fc24                _localeconv_r
 .text.__retarget_lock_init_recursive
                0x000000000002fc40        0x4 /usr/bin/../lib/gcc/arm-none-eabi/7.3.1/../../../../arm-none-eabi/lib/thumb/v7e-m/fpv4-sp/hard/libc.a(lib_a-lock.o)
                0x000000000002fc40                __retarget_lock_init_recursive
 .text.__retarget_lock_close_recursive
                0x000000000002fc44        0x4 /usr/bin/../lib/gcc/arm-none-eabi/7.3.1/../../../../arm-none-eabi/lib/thumb/v7e-m/fpv4-sp/hard/libc.a(lib_a-lock.o)
                0x000000000002fc44                __retarget_lock_close_recursive
 .text.__retarget_lock_acquire_recursive
                0x000000000002fc48        0x4 /usr/bin/../lib/gcc/arm-none-eabi/7.3.1/../../../../arm-none-eabi/lib/thumb/v7e-m/fpv4-sp/hard/libc.a(lib_a-lock.o)
                0x000000000002fc48                __retarget_lock_acquire_recursive
 .text.__retarget_lock_release_recursive
                0x000000000002fc4c        0x4 /usr/bin/../lib/gcc/arm-none-eabi/7.3.1/../../../../arm-none-eabi/lib/thumb/v7e-m/fpv4-sp/hard/libc.a(lib_a-lock.o)
                0x000000000002fc4c                __retarget_lock_release_recursive
 .text.__swhatbuf_r
                0x000000000002fc50       0x5c /usr/bin/../lib/gcc/arm-none-eabi/7.3.1/../../../../arm-none-eabi/lib/thumb/v7e-m/fpv4-sp/hard/libc.a(lib_a-makebuf.o)
                0x000000000002fc50                __swhatbuf_r
 .text.__smakebuf_r
                0x000000000002fcac       0x94 /usr/bin/../lib/gcc/arm-none-eabi/7.3.1/../../../../arm-none-eabi/lib/thumb/v7e-m/fpv4-sp/hard/libc.a(lib_a-makebuf.o)
                0x000000000002fcac                __smakebuf_r
 .text.malloc   0x000000000002fd40       0x10 /usr/bin/../lib/gcc/arm-none-eabi/7.3.1/../../../../arm-none-eabi/lib/thumb/v7e-m/fpv4-sp/hard/libc.a(lib_a-malloc.o)
                0x000000000002fd40                malloc
 .text.free     0x000000000002fd50       0x10 /usr/bin/../lib/gcc/arm-none-eabi/7.3.1/../../../../arm-none-eabi/lib/thumb/v7e-m/fpv4-sp/hard/libc.a(lib_a-malloc.o)
                0x000000000002fd50                free
 .text._malloc_r
                0x000000000002fd60      0x548 /usr/bin/../lib/gcc/arm-none-eabi/7.3.1/../../../../arm-none-eabi/lib/thumb/v7e-m/fpv4-sp/hard/libc.a(lib_a-mallocr.o)
                0x000000000002fd60                _malloc_r
 *fill*         0x00000000000302a8        0x8 
 .text          0x00000000000302b0       0xa0 /usr/bin/../lib/gcc/arm-none-eabi/7.3.1/../../../../arm-none-eabi/lib/thumb/v7e-m/fpv4-sp/hard/libc.a(lib_a-memchr.o)
                0x00000000000302b0                memchr
 .text.__malloc_lock
                0x0000000000030350        0xc /usr/bin/../lib/gcc/arm-none-eabi/7.3.1/../../../../arm-none-eabi/lib/thumb/v7e-m/fpv4-sp/hard/libc.a(lib_a-mlock.o)
                0x0000000000030350                __malloc_lock
 .text.__malloc_unlock
                0x000000000003035c        0xc /usr/bin/../lib/gcc/arm-none-eabi/7.3.1/../../../../arm-none-eabi/lib/thumb/v7e-m/fpv4-sp/hard/libc.a(lib_a-mlock.o)
                0x000000000003035c                __malloc_unlock
 .text._Balloc  0x0000000000030368       0x4c /usr/bin/../lib/gcc/arm-none-eabi/7.3.1/../../../../arm-none-eabi/lib/thumb/v7e-m/fpv4-sp/hard/libc.a(lib_a-mprec.o)
                0x0000000000030368                _Balloc
 .text._Bfree   0x00000000000303b4       0x14 /usr/bin/../lib/gcc/arm-none-eabi/7.3.1/../../../../arm-none-eabi/lib/thumb/v7e-m/fpv4-sp/hard/libc.a(lib_a-mprec.o)
                0x00000000000303b4                _Bfree
 .text.__multadd
                0x00000000000303c8       0x80 /usr/bin/../lib/gcc/arm-none-eabi/7.3.1/../../../../arm-none-eabi/lib/thumb/v7e-m/fpv4-sp/hard/libc.a(lib_a-mprec.o)
                0x00000000000303c8                __multadd
 .text.__hi0bits
                0x0000000000030448       0x40 /usr/bin/../lib/gcc/arm-none-eabi/7.3.1/../../../../arm-none-eabi/lib/thumb/v7e-m/fpv4-sp/hard/libc.a(lib_a-mprec.o)
                0x0000000000030448                __hi0bits
 .text.__lo0bits
                0x0000000000030488       0x60 /usr/bin/../lib/gcc/arm-none-eabi/7.3.1/../../../../arm-none-eabi/lib/thumb/v7e-m/fpv4-sp/hard/libc.a(lib_a-mprec.o)
                0x0000000000030488                __lo0bits
 .text.__i2b    0x00000000000304e8       0x14 /usr/bin/../lib/gcc/arm-none-eabi/7.3.1/../../../../arm-none-eabi/lib/thumb/v7e-m/fpv4-sp/hard/libc.a(lib_a-mprec.o)
                0x00000000000304e8                __i2b
 .text.__multiply
                0x00000000000304fc      0x14c /usr/bin/../lib/gcc/arm-none-eabi/7.3.1/../../../../arm-none-eabi/lib/thumb/v7e-m/fpv4-sp/hard/libc.a(lib_a-mprec.o)
                0x00000000000304fc                __multiply
 .text.__pow5mult
                0x0000000000030648       0xa0 /usr/bin/../lib/gcc/arm-none-eabi/7.3.1/../../../../arm-none-eabi/lib/thumb/v7e-m/fpv4-sp/hard/libc.a(lib_a-mprec.o)
                0x0000000000030648                __pow5mult
 .text.__lshift
                0x00000000000306e8       0xac /usr/bin/../lib/gcc/arm-none-eabi/7.3.1/../../../../arm-none-eabi/lib/thumb/v7e-m/fpv4-sp/hard/libc.a(lib_a-mprec.o)
                0x00000000000306e8                __lshift
 .text.__mcmp   0x0000000000030794       0x38 /usr/bin/../lib/gcc/arm-none-eabi/7.3.1/../../../../arm-none-eabi/lib/thumb/v7e-m/fpv4-sp/hard/libc.a(lib_a-mprec.o)
                0x0000000000030794                __mcmp
 .text.__mdiff  0x00000000000307cc       0xec /usr/bin/../lib/gcc/arm-none-eabi/7.3.1/../../../../arm-none-eabi/lib/thumb/v7e-m/fpv4-sp/hard/libc.a(lib_a-mprec.o)
                0x00000000000307cc                __mdiff
 .text.__d2b    0x00000000000308b8       0xc4 /usr/bin/../lib/gcc/arm-none-eabi/7.3.1/../../../../arm-none-eabi/lib/thumb/v7e-m/fpv4-sp/hard/libc.a(lib_a-mprec.o)
                0x00000000000308b8                __d2b
 .text.frexp    0x000000000003097c       0x68 /usr/bin/../lib/gcc/arm-none-eabi/7.3.1/../../../../arm-none-eabi/lib/thumb/v7e-m/fpv4-sp/hard/libc.a(lib_a-s_frexp.o)
                0x000000000003097c                frexp
 .text._sbrk_r  0x00000000000309e4       0x24 /usr/bin/../lib/gcc/arm-none-eabi/7.3.1/../../../../arm-none-eabi/lib/thumb/v7e-m/fpv4-sp/hard/libc.a(lib_a-sbrkr.o)
                0x00000000000309e4                _sbrk_r
 .text.__sread  0x0000000000030a08       0x24 /usr/bin/../lib/gcc/arm-none-eabi/7.3.1/../../../../arm-none-eabi/lib/thumb/v7e-m/fpv4-sp/hard/libc.a(lib_a-stdio.o)
                0x0000000000030a08                __sread
 .text.__swrite
                0x0000000000030a2c       0x3c /usr/bin/../lib/gcc/arm-none-eabi/7.3.1/../../../../arm-none-eabi/lib/thumb/v7e-m/fpv4-sp/hard/libc.a(lib_a-stdio.o)
                0x0000000000030a2c                __swrite
 .text.__sseek  0x0000000000030a68       0x20 /usr/bin/../lib/gcc/arm-none-eabi/7.3.1/../../../../arm-none-eabi/lib/thumb/v7e-m/fpv4-sp/hard/libc.a(lib_a-stdio.o)
                0x0000000000030a68                __sseek
 .text.__sclose
                0x0000000000030a88        0x8 /usr/bin/../lib/gcc/arm-none-eabi/7.3.1/../../../../arm-none-eabi/lib/thumb/v7e-m/fpv4-sp/hard/libc.a(lib_a-stdio.o)
                0x0000000000030a88                __sclose
 .text.strncpy  0x0000000000030a90       0x64 /usr/bin/../lib/gcc/arm-none-eabi/7.3.1/../../../../arm-none-eabi/lib/thumb/v7e-m/fpv4-sp/hard/libc.a(lib_a-strncpy.o)
                0x0000000000030a90                strncpy
 .text.__sprint_r.part.0
                0x0000000000030af4       0x78 /usr/bin/../lib/gcc/arm-none-eabi/7.3.1/../../../../arm-none-eabi/lib/thumb/v7e-m/fpv4-sp/hard/libc.a(lib_a-vfiprintf.o)
 .text.__sprint_r
                0x0000000000030b6c       0x14 /usr/bin/../lib/gcc/arm-none-eabi/7.3.1/../../../../arm-none-eabi/lib/thumb/v7e-m/fpv4-sp/hard/libc.a(lib_a-vfiprintf.o)
                0x0000000000030b6c                __sprint_r
 .text.__register_exitproc
                0x0000000000030b80       0xc0 /usr/bin/../lib/gcc/arm-none-eabi/7.3.1/../../../../arm-none-eabi/lib/thumb/v7e-m/fpv4-sp/hard/libc.a(lib_a-__atexit.o)
                0x0000000000030b80                __register_exitproc
 .text._calloc_r
                0x0000000000030c40       0x68 /usr/bin/../lib/gcc/arm-none-eabi/7.3.1/../../../../arm-none-eabi/lib/thumb/v7e-m/fpv4-sp/hard/libc.a(lib_a-callocr.o)
                0x0000000000030c40                _calloc_r
 .text._close_r
                0x0000000000030ca8       0x24 /usr/bin/../lib/gcc/arm-none-eabi/7.3.1/../../../../arm-none-eabi/lib/thumb/v7e-m/fpv4-sp/hard/libc.a(lib_a-closer.o)
                0x0000000000030ca8                _close_r
 .text._fclose_r
                0x0000000000030ccc       0xd0 /usr/bin/../lib/gcc/arm-none-eabi/7.3.1/../../../../arm-none-eabi/lib/thumb/v7e-m/fpv4-sp/hard/libc.a(lib_a-fclose.o)
                0x0000000000030ccc                _fclose_r
 .text.__fputwc
                0x0000000000030d9c       0xa0 /usr/bin/../lib/gcc/arm-none-eabi/7.3.1/../../../../arm-none-eabi/lib/thumb/v7e-m/fpv4-sp/hard/libc.a(lib_a-fputwc.o)
                0x0000000000030d9c                __fputwc
 .text._fputwc_r
                0x0000000000030e3c       0x64 /usr/bin/../lib/gcc/arm-none-eabi/7.3.1/../../../../arm-none-eabi/lib/thumb/v7e-m/fpv4-sp/hard/libc.a(lib_a-fputwc.o)
                0x0000000000030e3c                _fputwc_r
 .text._fstat_r
                0x0000000000030ea0       0x28 /usr/bin/../lib/gcc/arm-none-eabi/7.3.1/../../../../arm-none-eabi/lib/thumb/v7e-m/fpv4-sp/hard/libc.a(lib_a-fstatr.o)
                0x0000000000030ea0                _fstat_r
 .text.__sfvwrite_r
                0x0000000000030ec8      0x2fc /usr/bin/../lib/gcc/arm-none-eabi/7.3.1/../../../../arm-none-eabi/lib/thumb/v7e-m/fpv4-sp/hard/libc.a(lib_a-fvwrite.o)
                0x0000000000030ec8                __sfvwrite_r
 .text._isatty_r
                0x00000000000311c4       0x24 /usr/bin/../lib/gcc/arm-none-eabi/7.3.1/../../../../arm-none-eabi/lib/thumb/v7e-m/fpv4-sp/hard/libc.a(lib_a-isattyr.o)
                0x00000000000311c4                _isatty_r
 .text._lseek_r
                0x00000000000311e8       0x2c /usr/bin/../lib/gcc/arm-none-eabi/7.3.1/../../../../arm-none-eabi/lib/thumb/v7e-m/fpv4-sp/hard/libc.a(lib_a-lseekr.o)
                0x00000000000311e8                _lseek_r
 .text.memmove  0x0000000000031214       0xc8 /usr/bin/../lib/gcc/arm-none-eabi/7.3.1/../../../../arm-none-eabi/lib/thumb/v7e-m/fpv4-sp/hard/libc.a(lib_a-memmove.o)
                0x0000000000031214                memmove
 .text._read_r  0x00000000000312dc       0x2c /usr/bin/../lib/gcc/arm-none-eabi/7.3.1/../../../../arm-none-eabi/lib/thumb/v7e-m/fpv4-sp/hard/libc.a(lib_a-readr.o)
                0x00000000000312dc                _read_r
 .text._realloc_r
                0x0000000000031308      0x35c /usr/bin/../lib/gcc/arm-none-eabi/7.3.1/../../../../arm-none-eabi/lib/thumb/v7e-m/fpv4-sp/hard/libc.a(lib_a-reallocr.o)
                0x0000000000031308                _realloc_r
 .text.__swbuf_r
                0x0000000000031664       0xb0 /usr/bin/../lib/gcc/arm-none-eabi/7.3.1/../../../../arm-none-eabi/lib/thumb/v7e-m/fpv4-sp/hard/libc.a(lib_a-wbuf.o)
                0x0000000000031664                __swbuf_r
 .text._wcrtomb_r
                0x0000000000031714       0x50 /usr/bin/../lib/gcc/arm-none-eabi/7.3.1/../../../../arm-none-eabi/lib/thumb/v7e-m/fpv4-sp/hard/libc.a(lib_a-wcrtomb.o)
                0x0000000000031714                _wcrtomb_r
 .text._close   0x0000000000031764       0x10 /usr/bin/../lib/gcc/arm-none-eabi/7.3.1/../../../../arm-none-eabi/lib/thumb/v7e-m/fpv4-sp/hard/libnosys.a(close.o)
                0x0000000000031764                _close
 .text._fstat   0x0000000000031774       0x10 /usr/bin/../lib/gcc/arm-none-eabi/7.3.1/../../../../arm-none-eabi/lib/thumb/v7e-m/fpv4-sp/hard/libnosys.a(fstat.o)
                0x0000000000031774                _fstat
 .text._isatty  0x0000000000031784       0x10 /usr/bin/../lib/gcc/arm-none-eabi/7.3.1/../../../../arm-none-eabi/lib/thumb/v7e-m/fpv4-sp/hard/libnosys.a(isatty.o)
                0x0000000000031784                _isatty
 .text._lseek   0x0000000000031794       0x10 /usr/bin/../lib/gcc/arm-none-eabi/7.3.1/../../../../arm-none-eabi/lib/thumb/v7e-m/fpv4-sp/hard/libnosys.a(lseek.o)
                0x0000000000031794                _lseek
 .text._read    0x00000000000317a4       0x10 /usr/bin/../lib/gcc/arm-none-eabi/7.3.1/../../../../arm-none-eabi/lib/thumb/v7e-m/fpv4-sp/hard/libnosys.a(read.o)
                0x00000000000317a4                _read
 .text._sbrk    0x00000000000317b4       0x1c /usr/bin/../lib/gcc/arm-none-eabi/7.3.1/../../../../arm-none-eabi/lib/thumb/v7e-m/fpv4-sp/hard/libnosys.a(sbrk.o)
                0x00000000000317b4                _sbrk
 .text._exit    0x00000000000317d0        0x4 /usr/bin/../lib/gcc/arm-none-eabi/7.3.1/../../../../arm-none-eabi/lib/thumb/v7e-m/fpv4-sp/hard/libnosys.a(_exit.o)
                0x00000000000317d0                _exit
 *fill*         0x00000000000317d4        0x4 
 .text.atan     0x00000000000317d8      0x358 /usr/bin/../lib/gcc/arm-none-eabi/7.3.1/../../../../arm-none-eabi/lib/thumb/v7e-m/fpv4-sp/hard/libm.a(lib_a-s_atan.o)
                0x00000000000317d8                atan
 .text.fabs     0x0000000000031b30       0x14 /usr/bin/../lib/gcc/arm-none-eabi/7.3.1/../../../../arm-none-eabi/lib/thumb/v7e-m/fpv4-sp/hard/libm.a(lib_a-s_fabs.o)
                0x0000000000031b30                fabs
 .text          0x0000000000031b44      0x378 /usr/bin/../lib/gcc/arm-none-eabi/7.3.1/thumb/v7e-m/fpv4-sp/hard/libgcc.a(_arm_addsubdf3.o)
                0x0000000000031b44                __aeabi_drsub
                0x0000000000031b4c                __aeabi_dsub
                0x0000000000031b4c                __subdf3
                0x0000000000031b50                __adddf3
                0x0000000000031b50                __aeabi_dadd
                0x0000000000031dc8                __aeabi_ui2d
                0x0000000000031dc8                __floatunsidf
                0x0000000000031de8                __floatsidf
                0x0000000000031de8                __aeabi_i2d
                0x0000000000031e0c                __extendsfdf2
                0x0000000000031e0c                __aeabi_f2d
                0x0000000000031e50                __aeabi_ul2d
                0x0000000000031e50                __floatundidf
                0x0000000000031e60                __floatdidf
                0x0000000000031e60                __aeabi_l2d
 .text          0x0000000000031ebc      0x424 /usr/bin/../lib/gcc/arm-none-eabi/7.3.1/thumb/v7e-m/fpv4-sp/hard/libgcc.a(_arm_muldivdf3.o)
                0x0000000000031ebc                __aeabi_dmul
                0x0000000000031ebc                __muldf3
                0x0000000000032110                __aeabi_ddiv
                0x0000000000032110                __divdf3
 .text          0x00000000000322e0      0x110 /usr/bin/../lib/gcc/arm-none-eabi/7.3.1/thumb/v7e-m/fpv4-sp/hard/libgcc.a(_arm_cmpdf2.o)
                0x00000000000322e0                __gtdf2
                0x00000000000322e0                __gedf2
                0x00000000000322e8                __ltdf2
                0x00000000000322e8                __ledf2
                0x00000000000322f0                __cmpdf2
                0x00000000000322f0                __eqdf2
                0x00000000000322f0                __nedf2
                0x000000000003236c                __aeabi_cdrcmple
                0x000000000003237c                __aeabi_cdcmple
                0x000000000003237c                __aeabi_cdcmpeq
                0x000000000003238c                __aeabi_dcmpeq
                0x00000000000323a0                __aeabi_dcmplt
                0x00000000000323b4                __aeabi_dcmple
                0x00000000000323c8                __aeabi_dcmpge
                0x00000000000323dc                __aeabi_dcmpgt
 .text          0x00000000000323f0       0x2c /usr/bin/../lib/gcc/arm-none-eabi/7.3.1/thumb/v7e-m/fpv4-sp/hard/libgcc.a(_arm_unorddf2.o)
                0x00000000000323f0                __aeabi_dcmpun
                0x00000000000323f0                __unorddf2
 .text          0x000000000003241c       0x50 /usr/bin/../lib/gcc/arm-none-eabi/7.3.1/thumb/v7e-m/fpv4-sp/hard/libgcc.a(_arm_fixdfsi.o)
                0x000000000003241c                __fixdfsi
                0x000000000003241c                __aeabi_d2iz
 .text          0x000000000003246c       0x40 /usr/bin/../lib/gcc/arm-none-eabi/7.3.1/thumb/v7e-m/fpv4-sp/hard/libgcc.a(_arm_fixunsdfsi.o)
                0x000000000003246c                __fixunsdfsi
                0x000000000003246c                __aeabi_d2uiz
 .text          0x00000000000324ac       0x30 /usr/bin/../lib/gcc/arm-none-eabi/7.3.1/thumb/v7e-m/fpv4-sp/hard/libgcc.a(_aeabi_uldivmod.o)
                0x00000000000324ac                __aeabi_uldivmod
 .text          0x00000000000324dc      0x2cc /usr/bin/../lib/gcc/arm-none-eabi/7.3.1/thumb/v7e-m/fpv4-sp/hard/libgcc.a(_udivmoddi4.o)
                0x00000000000324dc                __udivmoddi4
 .text          0x00000000000327a8        0x4 /usr/bin/../lib/gcc/arm-none-eabi/7.3.1/thumb/v7e-m/fpv4-sp/hard/libgcc.a(_dvmd_tls.o)
                0x00000000000327a8                __aeabi_ldiv0
                0x00000000000327a8                __aeabi_idiv0
 *(.init)
 .init          0x00000000000327ac        0x4 /usr/bin/../lib/gcc/arm-none-eabi/7.3.1/thumb/v7e-m/fpv4-sp/hard/crti.o
                0x00000000000327ac                _init
 .init          0x00000000000327b0        0x8 /usr/bin/../lib/gcc/arm-none-eabi/7.3.1/thumb/v7e-m/fpv4-sp/hard/crtn.o
 *(.fini)
 .fini          0x00000000000327b8        0x4 /usr/bin/../lib/gcc/arm-none-eabi/7.3.1/thumb/v7e-m/fpv4-sp/hard/crti.o
                0x00000000000327b8                _fini
 .fini          0x00000000000327bc        0x8 /usr/bin/../lib/gcc/arm-none-eabi/7.3.1/thumb/v7e-m/fpv4-sp/hard/crtn.o
 *crtbegin.o(.ctors)
 *crtbegin?.o(.ctors)
 *(EXCLUDE_FILE(*crtend.o *crtend?.o) .ctors)
 *(SORT_BY_NAME(.ctors.*))
 *(.ctors)
 *crtbegin.o(.dtors)
 *crtbegin?.o(.dtors)
 *(EXCLUDE_FILE(*crtend.o *crtend?.o) .dtors)
 *(SORT_BY_NAME(.dtors.*))
 *(.dtors)
 *(.rodata*)
 .rodata        0x00000000000327c4       0x14 _build/main.o
 .rodata.Lserial_buffs
                0x00000000000327d8        0xc _build/main.o
 .rodata.Lserial_config
                0x00000000000327e4       0x14 _build/main.o
 .rodata.Lserial_queues
                0x00000000000327f8        0x8 _build/main.o
 .rodata.PWM1   0x0000000000032800        0x8 _build/main.o
                0x0000000000032800                PWM1
 .rodata.lidar_uart
                0x0000000000032808       0x20 _build/main.o
 .rodata.lidar_uart_config
                0x0000000000032828       0x20 _build/main.o
 .rodata.lidar_uart_rx_timer
                0x0000000000032848        0x4 _build/main.o
 .rodata.lidar_uart_tx_timer
                0x000000000003284c        0x4 _build/main.o
 .rodata.m_pwm_PWM1_timer
                0x0000000000032850        0x8 _build/main.o
                0x0000000000032850                m_pwm_PWM1_timer
 .rodata.main.str1.1
                0x0000000000032858       0x73 _build/main.o
 *fill*         0x00000000000328cb        0x1 
 .rodata.my_timer_id.15696
                0x00000000000328cc        0x4 _build/main.o
 .rodata.kobukiInit.str1.1
                0x00000000000328d0       0x64 _build/kobukiUtilities.o
 .rodata.app_error_fault_handler.str1.1
                0x0000000000032934       0xb7 _build/better_error_handling.o
 *fill*         0x00000000000329eb        0x5 
 .rodata.delay_machine_code.8629
                0x00000000000329f0        0x6 _build/better_error_handling.o
 .rodata._DoInit.str1.1
                0x00000000000329f6       0x14 _build/SEGGER_RTT.o
 .rodata.app_pwm_channel_duty_ticks_set.str1.1
                0x0000000000032a0a       0x9b _build/app_pwm.o
 .rodata.app_pwm_init.str1.1
                0x0000000000032aa5       0x87 _build/app_pwm.o
 *fill*         0x0000000000032b2c        0x4 
 .rodata.delay_machine_code.9273
                0x0000000000032b30        0x6 _build/app_timer.o
 .rodata.app_util_critical_region_enter.str1.1
                0x0000000000032b36       0x55 _build/app_util_platform.o
 .rodata.HardFault_c_handler.str1.1
                0x0000000000032b8b      0x12e _build/hardfault_implementation.o
 *fill*         0x0000000000032cb9        0x3 
 .rodata.cfsr_msgs.9468
                0x0000000000032cbc       0x68 _build/hardfault_implementation.o
 .rodata.str1.1
                0x0000000000032d24      0x4c0 _build/hardfault_implementation.o
 .rodata.nrf_balloc_init.str1.1
                0x00000000000331e4       0x50 _build/nrf_balloc.o
 .rodata.nrf_drv_clock_uninit.str1.1
                0x0000000000033234       0x4f _build/nrf_drv_clock.o
 .rodata.str1.1
                0x0000000000033283        0x6 _build/nrf_drv_clock.o
 .rodata.nrf_fprintf_buffer_flush.str1.1
                0x0000000000033289       0x46 _build/nrf_fprintf.o
 .rodata._aV2C.7562
                0x00000000000332cf       0x10 _build/nrf_fprintf_format.o
 .rodata.nrf_fprintf_fmt.str1.1
                0x00000000000332df       0x4d _build/nrf_fprintf_format.o
 .rodata.str1.1
                0x000000000003332c        0xd _build/nrf_fstorage.o
 *fill*         0x0000000000033339        0x7 
 .rodata.delay_machine_code.9549
                0x0000000000033340        0x6 _build/nrf_log_backend_rtt.o
 *fill*         0x0000000000033346        0x2 
 .rodata.nrf_log_backend_rtt_api
                0x0000000000033348        0xc _build/nrf_log_backend_rtt.o
                0x0000000000033348                nrf_log_backend_rtt_api
 .rodata.nrf_log_default_backends_init.str1.1
                0x0000000000033354       0x5f _build/nrf_log_default_backends.o
 .rodata.str1.1
                0x00000000000333b3       0x10 _build/nrf_log_default_backends.o
 .rodata.buf_prealloc.str1.1
                0x00000000000333c3       0x57 _build/nrf_log_frontend.o
 *fill*         0x000000000003341a        0x2 
 .rodata.m_log_push_ringbuf
                0x000000000003341c        0xc _build/nrf_log_frontend.o
 .rodata.nrf_log_frontend_dequeue.str1.1
                0x0000000000033428       0x11 _build/nrf_log_frontend.o
 .rodata.str1.1
                0x0000000000033439        0x4 _build/nrf_log_frontend.o
 *fill*         0x000000000003343d        0x3 
 .rodata.m_colors
                0x0000000000033440       0x24 _build/nrf_log_str_formatter.o
 .rodata.nrf_log_hexdump_entry_process.str1.1
                0x0000000000033464        0xf _build/nrf_log_str_formatter.o
                                         0x11 (size before relaxing)
 .rodata.postfix_process.str1.1
                0x0000000000033473        0x8 _build/nrf_log_str_formatter.o
                                          0xb (size before relaxing)
 .rodata.prefix_process.str1.1
                0x000000000003347b       0x2a _build/nrf_log_str_formatter.o
 *fill*         0x00000000000334a5        0x3 
 .rodata.severity_names
                0x00000000000334a8       0x14 _build/nrf_log_str_formatter.o
 .rodata.str1.1
                0x00000000000334bc       0x4b _build/nrf_log_str_formatter.o
                                         0x51 (size before relaxing)
 .rodata.memobj_op.str1.1
                0x0000000000033507       0x50 _build/nrf_memobj.o
 .rodata.str1.1
                0x0000000000033557        0x9 _build/nrf_pwr_mgmt.o
 .rodata.nrf_queue_next_idx.str1.1
                0x0000000000033560       0x4e _build/nrf_queue.o
 .rodata.nrf_section_iter_init.str1.1
                0x00000000000335ae       0x69 _build/nrf_section_iter.o
 .rodata.nrf_mtx_unlock.str1.1
                0x0000000000033617       0x4c _build/nrf_serial.o
 .rodata.nrf_serial_init.str1.1
                0x0000000000033663       0x4e _build/nrf_serial.o
 .rodata.uart_event_handler.str1.1
                0x00000000000336b1       0x50 _build/nrf_serial.o
 .rodata.m_unknown_str
                0x0000000000033701       0x13 _build/nrf_strerror.o
 .rodata.nrf_strerror_array
                0x0000000000033714      0x128 _build/nrf_strerror.o
 .rodata.str1.1
                0x000000000003383c      0x3ba _build/nrf_strerror.o
 .rodata.nrfx_clock_init.str1.1
                0x0000000000033bf6       0x4d _build/nrfx_clock.o
 .rodata.str1.1
                0x0000000000033c43        0x6 _build/nrfx_clock.o
 .rodata.nrf_gpio_pin_port_decode.isra.0.part.1.str1.1
                0x0000000000033c49       0x43 _build/nrfx_gpiote.o
 .rodata.nrfx_gpiote_out_init.str1.1
                0x0000000000033c49       0x4e _build/nrfx_gpiote.o
 .rodata.str1.1
                0x0000000000033c97        0x7 _build/nrfx_gpiote.o
 .rodata.str1.1
                0x0000000000033c9e        0x4 _build/nrfx_ppi.o
 .rodata.UARTE0_UART0_IRQHandler.str1.1
                0x0000000000033ca2       0x4f _build/nrfx_prs.o
 .rodata.str1.1
                0x0000000000033cf1        0x4 _build/nrfx_prs.o
 .rodata.str1.1
                0x0000000000033cf5        0x4 _build/nrfx_pwm.o
 .rodata.str1.1
                0x0000000000033cf9        0x6 _build/nrfx_saadc.o
 .rodata.SPIM1_SPIS1_TWIM1_TWIS1_SPI1_TWI1_IRQHandler.str1.1
                0x0000000000033cff       0x4c _build/nrfx_spim.o
 .rodata.nrf_gpio_pin_port_decode.isra.0.part.1.str1.1
                0x0000000000033d4b       0x43 _build/nrfx_spim.o
 .rodata.str1.1
                0x0000000000033d4b        0x5 _build/nrfx_spim.o
 .rodata.nrfx_timer_init.str1.1
                0x0000000000033d50       0x91 _build/nrfx_timer.o
 .rodata.str1.1
                0x0000000000033de1        0x6 _build/nrfx_timer.o
 .rodata.SPIM0_SPIS0_TWIM0_TWIS0_SPI0_TWI0_IRQHandler.str1.1
                0x0000000000033de7       0x4c _build/nrfx_twim.o
 .rodata.str1.1
                0x0000000000033e33        0x5 _build/nrfx_twim.o
 .rodata.nrf_gpio_pin_port_decode.isra.3.part.4.str1.1
                0x0000000000033e38       0x43 _build/nrfx_uart.o
 .rodata.nrfx_uart_init.str1.1
                0x0000000000033e38       0x4c _build/nrfx_uart.o
                                         0x90 (size before relaxing)
 .rodata.str1.1
                0x0000000000033e84        0x5 _build/nrfx_uart.o
 .rodata.nrf_gpio_pin_port_decode.isra.1.part.2.str1.1
                0x0000000000033e89       0x43 _build/nrfx_uarte.o
 .rodata.nrfx_uarte_init.str1.1
                0x0000000000033e89       0x4d _build/nrfx_uarte.o
                                         0x91 (size before relaxing)
 .rodata.str1.1
                0x0000000000033ed6        0x6 _build/nrfx_uarte.o
 .rodata.data_length_update.str1.1
                0x0000000000033edc       0xdf _build/nrf_ble_gatt.o
 .rodata.nrf_ble_gatt_on_ble_evt.str1.1
                0x0000000000033fbb       0x60 _build/nrf_ble_gatt.o
 .rodata.str1.1
                0x000000000003401b        0xd _build/nrf_ble_gatt.o
 .rodata.sdh_stack_observers
                0x0000000000034028        0xc _build/nrf_sdh.o
 .rodata.str1.1
                0x0000000000034034        0x8 _build/nrf_sdh.o
 .rodata.nrf_sdh_ble_evts_poll.part.0.str1.1
                0x000000000003403c       0x52 _build/nrf_sdh_ble.o
 *fill*         0x000000000003408e        0x2 
 .rodata.sdh_ble_observers
                0x0000000000034090        0xc _build/nrf_sdh_ble.o
 .rodata.str1.1
                0x000000000003409c        0xc _build/nrf_sdh_ble.o
 .rodata.assert_nrf_callback.str1.1
                0x00000000000340a8       0x25 _build/simple_ble.o
 .rodata.on_ble_evt.str1.1
                0x00000000000340cd       0x51 _build/simple_ble.o
 *fill*         0x000000000003411e        0x2 
 .rodata._global_impure_ptr
                0x0000000000034120        0x4 /usr/bin/../lib/gcc/arm-none-eabi/7.3.1/../../../../arm-none-eabi/lib/thumb/v7e-m/fpv4-sp/hard/libc.a(lib_a-impure.o)
                0x0000000000034120                _global_impure_ptr
 .rodata._setlocale_r.str1.4
                0x0000000000034124        0xa /usr/bin/../lib/gcc/arm-none-eabi/7.3.1/../../../../arm-none-eabi/lib/thumb/v7e-m/fpv4-sp/hard/libc.a(lib_a-locale.o)
                                          0xd (size before relaxing)
 *fill*         0x000000000003412e        0x2 
 .rodata.str1.4
                0x0000000000034130        0x2 /usr/bin/../lib/gcc/arm-none-eabi/7.3.1/../../../../arm-none-eabi/lib/thumb/v7e-m/fpv4-sp/hard/libc.a(lib_a-locale.o)
 *fill*         0x0000000000034132        0x2 
 .rodata._vfprintf_r.str1.4
                0x0000000000034134       0x42 /usr/bin/../lib/gcc/arm-none-eabi/7.3.1/../../../../arm-none-eabi/lib/thumb/v7e-m/fpv4-sp/hard/libc.a(lib_a-vfprintf.o)
 *fill*         0x0000000000034176        0x2 
 .rodata.blanks.8605
                0x0000000000034178       0x10 /usr/bin/../lib/gcc/arm-none-eabi/7.3.1/../../../../arm-none-eabi/lib/thumb/v7e-m/fpv4-sp/hard/libc.a(lib_a-vfprintf.o)
 .rodata.zeroes.8606
                0x0000000000034188       0x10 /usr/bin/../lib/gcc/arm-none-eabi/7.3.1/../../../../arm-none-eabi/lib/thumb/v7e-m/fpv4-sp/hard/libc.a(lib_a-vfprintf.o)
 .rodata._ctype_
                0x0000000000034198      0x101 /usr/bin/../lib/gcc/arm-none-eabi/7.3.1/../../../../arm-none-eabi/lib/thumb/v7e-m/fpv4-sp/hard/libc.a(lib_a-ctype_.o)
                0x0000000000034198                _ctype_
 *fill*         0x0000000000034299        0x3 
 .rodata._dtoa_r.str1.4
                0x000000000003429c       0x10 /usr/bin/../lib/gcc/arm-none-eabi/7.3.1/../../../../arm-none-eabi/lib/thumb/v7e-m/fpv4-sp/hard/libc.a(lib_a-dtoa.o)
                                         0x12 (size before relaxing)
 *fill*         0x00000000000342ac        0x4 
 .rodata.__mprec_bigtens
                0x00000000000342b0       0x28 /usr/bin/../lib/gcc/arm-none-eabi/7.3.1/../../../../arm-none-eabi/lib/thumb/v7e-m/fpv4-sp/hard/libc.a(lib_a-mprec.o)
                0x00000000000342b0                __mprec_bigtens
 .rodata.__mprec_tens
                0x00000000000342d8       0xc8 /usr/bin/../lib/gcc/arm-none-eabi/7.3.1/../../../../arm-none-eabi/lib/thumb/v7e-m/fpv4-sp/hard/libc.a(lib_a-mprec.o)
                0x00000000000342d8                __mprec_tens
 .rodata.p05.7367
                0x00000000000343a0        0xc /usr/bin/../lib/gcc/arm-none-eabi/7.3.1/../../../../arm-none-eabi/lib/thumb/v7e-m/fpv4-sp/hard/libc.a(lib_a-mprec.o)
 *fill*         0x00000000000343ac        0x4 
 .rodata.atanhi
                0x00000000000343b0       0x20 /usr/bin/../lib/gcc/arm-none-eabi/7.3.1/../../../../arm-none-eabi/lib/thumb/v7e-m/fpv4-sp/hard/libm.a(lib_a-s_atan.o)
 .rodata.atanlo
                0x00000000000343d0       0x20 /usr/bin/../lib/gcc/arm-none-eabi/7.3.1/../../../../arm-none-eabi/lib/thumb/v7e-m/fpv4-sp/hard/libm.a(lib_a-s_atan.o)
 *(.eh_frame*)
 .eh_frame      0x00000000000343f0        0x0 /usr/bin/../lib/gcc/arm-none-eabi/7.3.1/thumb/v7e-m/fpv4-sp/hard/crtbegin.o
 .eh_frame      0x00000000000343f0        0x4 /usr/bin/../lib/gcc/arm-none-eabi/7.3.1/thumb/v7e-m/fpv4-sp/hard/crtend.o

.glue_7         0x00000000000343f4        0x0
 .glue_7        0x00000000000343f4        0x0 linker stubs

.glue_7t        0x00000000000343f4        0x0
 .glue_7t       0x00000000000343f4        0x0 linker stubs

.vfp11_veneer   0x00000000000343f4        0x0
 .vfp11_veneer  0x00000000000343f4        0x0 linker stubs

.v4_bx          0x00000000000343f4        0x0
 .v4_bx         0x00000000000343f4        0x0 linker stubs

.iplt           0x00000000000343f4        0x0
 .iplt          0x00000000000343f4        0x0 /usr/bin/../lib/gcc/arm-none-eabi/7.3.1/thumb/v7e-m/fpv4-sp/hard/crtbegin.o

.mem_section_dummy_rom

.sdh_soc_observers
                0x00000000000343f4       0x10
                [!provide]                        PROVIDE (__start_sdh_soc_observers = .)
 *(SORT_BY_NAME(.sdh_soc_observers*))
 .sdh_soc_observers0
                0x00000000000343f4        0x8 _build/nrf_drv_clock.o
 .sdh_soc_observers1
                0x00000000000343fc        0x8 _build/simple_ble.o
                [!provide]                        PROVIDE (__stop_sdh_soc_observers = .)

.crypto_data    0x0000000000034404        0x0
                [!provide]                        PROVIDE (__start_crypto_data = .)
 *(SORT_BY_NAME(.crypto_data*))
                [!provide]                        PROVIDE (__stop_crypto_data = .)

.log_const_data
                0x0000000000034404       0x98
                0x0000000000034404                PROVIDE (__start_log_const_data = .)
 *(SORT_BY_NAME(.log_const_data*))
 .log_const_data_CLOCK
                0x0000000000034404        0x8 _build/nrfx_clock.o
                0x0000000000034404                m_nrf_log_CLOCK_logs_data_const
 .log_const_data_GPIOTE
                0x000000000003440c        0x8 _build/nrfx_gpiote.o
                0x000000000003440c                m_nrf_log_GPIOTE_logs_data_const
 .log_const_data_PPI
                0x0000000000034414        0x8 _build/nrfx_ppi.o
                0x0000000000034414                m_nrf_log_PPI_logs_data_const
 .log_const_data_PRS
                0x000000000003441c        0x8 _build/nrfx_prs.o
                0x000000000003441c                m_nrf_log_PRS_logs_data_const
 .log_const_data_PWM
                0x0000000000034424        0x8 _build/nrfx_pwm.o
                0x0000000000034424                m_nrf_log_PWM_logs_data_const
 .log_const_data_SAADC
                0x000000000003442c        0x8 _build/nrfx_saadc.o
                0x000000000003442c                m_nrf_log_SAADC_logs_data_const
 .log_const_data_SPIM
                0x0000000000034434        0x8 _build/nrfx_spim.o
                0x0000000000034434                m_nrf_log_SPIM_logs_data_const
 .log_const_data_TIMER
                0x000000000003443c        0x8 _build/nrfx_timer.o
                0x000000000003443c                m_nrf_log_TIMER_logs_data_const
 .log_const_data_TWIM
                0x0000000000034444        0x8 _build/nrfx_twim.o
                0x0000000000034444                m_nrf_log_TWIM_logs_data_const
 .log_const_data_UART
                0x000000000003444c        0x8 _build/nrfx_uart.o
                0x000000000003444c                m_nrf_log_UART_logs_data_const
 .log_const_data_UARTE
                0x0000000000034454        0x8 _build/nrfx_uarte.o
                0x0000000000034454                m_nrf_log_UARTE_logs_data_const
 .log_const_data_app
                0x000000000003445c        0x8 _build/nrf_log_frontend.o
                0x000000000003445c                m_nrf_log_app_logs_data_const
 .log_const_data_clock
                0x0000000000034464        0x8 _build/nrf_drv_clock.o
                0x0000000000034464                m_nrf_log_clock_logs_data_const
 .log_const_data_hardfault
                0x000000000003446c        0x8 _build/hardfault_implementation.o
                0x000000000003446c                m_nrf_log_hardfault_logs_data_const
 .log_const_data_nrf_ble_gatt
                0x0000000000034474        0x8 _build/nrf_ble_gatt.o
                0x0000000000034474                m_nrf_log_nrf_ble_gatt_logs_data_const
 .log_const_data_nrf_fstorage
                0x000000000003447c        0x8 _build/nrf_fstorage.o
                0x000000000003447c                m_nrf_log_nrf_fstorage_logs_data_const
 .log_const_data_nrf_sdh
                0x0000000000034484        0x8 _build/nrf_sdh.o
                0x0000000000034484                m_nrf_log_nrf_sdh_logs_data_const
 .log_const_data_nrf_sdh_ble
                0x000000000003448c        0x8 _build/nrf_sdh_ble.o
                0x000000000003448c                m_nrf_log_nrf_sdh_ble_logs_data_const
 .log_const_data_pwr_mgmt
                0x0000000000034494        0x8 _build/nrf_pwr_mgmt.o
                0x0000000000034494                m_nrf_log_pwr_mgmt_logs_data_const
                0x000000000003449c                PROVIDE (__stop_log_const_data = .)

.nrf_balloc     0x000000000003449c       0x14
                [!provide]                        PROVIDE (__start_nrf_balloc = .)
 *(.nrf_balloc)
 .nrf_balloc    0x000000000003449c       0x14 _build/nrf_log_frontend.o
                0x000000000003449c                log_mempool
                [!provide]                        PROVIDE (__stop_nrf_balloc = .)

.nrf_queue      0x00000000000344b0       0x64
                [!provide]                        PROVIDE (__start_nrf_queue = .)
 *(.nrf_queue)
 .nrf_queue     0x00000000000344b0       0x3c _build/main.o
                0x00000000000344b0                twi_mngr_instance_queue
                0x00000000000344c4                Lserial_queues_txq
                0x00000000000344d8                Lserial_queues_rxq
 .nrf_queue     0x00000000000344ec       0x28 _build/kobukiUtilities.o
                0x00000000000344ec                serial_queues_txq
                0x0000000000034500                serial_queues_rxq
                [!provide]                        PROVIDE (__stop_nrf_queue = .)

.sdh_state_observers
                0x0000000000034514        0x8
                0x0000000000034514                PROVIDE (__start_sdh_state_observers = .)
 *(SORT_BY_NAME(.sdh_state_observers*))
 .sdh_state_observers0
                0x0000000000034514        0x8 _build/nrf_drv_clock.o
                0x000000000003451c                PROVIDE (__stop_sdh_state_observers = .)

.sdh_stack_observers
                0x000000000003451c        0x8
                0x000000000003451c                PROVIDE (__start_sdh_stack_observers = .)
 *(SORT_BY_NAME(.sdh_stack_observers*))
 .sdh_stack_observers0
                0x000000000003451c        0x8 _build/nrf_sdh_ble.o
                0x0000000000034524                PROVIDE (__stop_sdh_stack_observers = .)

.sdh_req_observers
                0x0000000000034524        0x0
                0x0000000000034524                PROVIDE (__start_sdh_req_observers = .)
 *(SORT_BY_NAME(.sdh_req_observers*))
                0x0000000000034524                PROVIDE (__stop_sdh_req_observers = .)

.cli_command    0x0000000000034524        0x0
                [!provide]                        PROVIDE (__start_cli_command = .)
 *(.cli_command)
                [!provide]                        PROVIDE (__stop_cli_command = .)

.pwr_mgmt_data  0x0000000000034524        0x0
                0x0000000000034524                PROVIDE (__start_pwr_mgmt_data = .)
 *(SORT_BY_NAME(.pwr_mgmt_data*))
                0x0000000000034524                PROVIDE (__stop_pwr_mgmt_data = .)

.sdh_ble_observers
                0x0000000000034524       0x28
                0x0000000000034524                PROVIDE (__start_sdh_ble_observers = .)
 *(SORT_BY_NAME(.sdh_ble_observers*))
 .sdh_ble_observers1
                0x0000000000034524        0x8 _build/ble_conn_params.o
 .sdh_ble_observers1
                0x000000000003452c       0x10 _build/simple_ble.o
 .sdh_ble_observers2
                0x000000000003453c        0x8 _build/simple_ble.o
 .sdh_ble_observers3
                0x0000000000034544        0x8 _build/simple_ble.o
                0x000000000003454c                PROVIDE (__stop_sdh_ble_observers = .)

.log_backends   0x000000000003454c       0x10
 .log_backends  0x000000000003454c       0x10 _build/nrf_log_default_backends.o

.dfu_trans      0x000000000003455c        0x0
                [!provide]                        PROVIDE (__start_dfu_trans = .)
 *(SORT_BY_NAME(.dfu_trans*))
                [!provide]                        PROVIDE (__stop_dfu_trans = .)

.ARM.extab
 *(.ARM.extab* .gnu.linkonce.armextab.*)
                0x000000000003455c                __exidx_start = .

.ARM.exidx      0x000000000003455c        0x8
 *(.ARM.exidx* .gnu.linkonce.armexidx.*)
 .ARM.exidx     0x000000000003455c        0x8 /usr/bin/../lib/gcc/arm-none-eabi/7.3.1/../../../../arm-none-eabi/lib/thumb/v7e-m/fpv4-sp/hard/crt0.o
 .ARM.exidx     0x0000000000034564        0x0 /usr/bin/../lib/gcc/arm-none-eabi/7.3.1/thumb/v7e-m/fpv4-sp/hard/libgcc.a(_udivmoddi4.o)
                                          0x8 (size before relaxing)
                0x0000000000034564                __exidx_end = .
                0x0000000000034564                __etext = .

.rel.dyn        0x0000000000034564        0x0
 .rel.iplt      0x0000000000034564        0x0 /usr/bin/../lib/gcc/arm-none-eabi/7.3.1/thumb/v7e-m/fpv4-sp/hard/crtbegin.o

.data           0x00000000200098a8      0x9e0 load address 0x0000000000034564
                0x00000000200098a8                __data_start__ = .
 *(vtable)
 *(.data*)
 .data.CheckSumResult.9988
                0x00000000200098a8        0x1 _build/YDLidar.o
 *fill*         0x00000000200098a9        0x3 
 .data.front    0x00000000200098ac        0x4 _build/main.o
                0x00000000200098ac                front
 .data.lidar_serial
                0x00000000200098b0        0x4 _build/main.o
                0x00000000200098b0                lidar_serial
 .data.rear     0x00000000200098b4        0x4 _build/main.o
                0x00000000200098b4                rear
 .data.log_backend_cb_rtt_log_backend
                0x00000000200098b8        0x8 _build/nrf_log_default_backends.o
 .data.m_scan_buffer
                0x00000000200098c0        0x8 _build/simple_ble.o
 .data.SystemCoreClock
                0x00000000200098c8        0x4 _build/system_nrf52.o
                0x00000000200098c8                SystemCoreClock
 .data._impure_ptr
                0x00000000200098cc        0x4 /usr/bin/../lib/gcc/arm-none-eabi/7.3.1/../../../../arm-none-eabi/lib/thumb/v7e-m/fpv4-sp/hard/libc.a(lib_a-impure.o)
                0x00000000200098cc                _impure_ptr
 .data.impure_data
                0x00000000200098d0      0x428 /usr/bin/../lib/gcc/arm-none-eabi/7.3.1/../../../../arm-none-eabi/lib/thumb/v7e-m/fpv4-sp/hard/libc.a(lib_a-impure.o)
 .data.__global_locale
                0x0000000020009cf8      0x16c /usr/bin/../lib/gcc/arm-none-eabi/7.3.1/../../../../arm-none-eabi/lib/thumb/v7e-m/fpv4-sp/hard/libc.a(lib_a-locale.o)
                0x0000000020009cf8                __global_locale
 .data.__atexit_recursive_mutex
                0x0000000020009e64        0x4 /usr/bin/../lib/gcc/arm-none-eabi/7.3.1/../../../../arm-none-eabi/lib/thumb/v7e-m/fpv4-sp/hard/libc.a(lib_a-__call_atexit.o)
                0x0000000020009e64                __atexit_recursive_mutex
 .data.__malloc_av_
                0x0000000020009e68      0x408 /usr/bin/../lib/gcc/arm-none-eabi/7.3.1/../../../../arm-none-eabi/lib/thumb/v7e-m/fpv4-sp/hard/libc.a(lib_a-mallocr.o)
                0x0000000020009e68                __malloc_av_
 .data.__malloc_sbrk_base
                0x000000002000a270        0x4 /usr/bin/../lib/gcc/arm-none-eabi/7.3.1/../../../../arm-none-eabi/lib/thumb/v7e-m/fpv4-sp/hard/libc.a(lib_a-mallocr.o)
                0x000000002000a270                __malloc_sbrk_base
 .data.__malloc_trim_threshold
                0x000000002000a274        0x4 /usr/bin/../lib/gcc/arm-none-eabi/7.3.1/../../../../arm-none-eabi/lib/thumb/v7e-m/fpv4-sp/hard/libc.a(lib_a-mallocr.o)
                0x000000002000a274                __malloc_trim_threshold
                0x000000002000a278                . = ALIGN (0x4)
                0x000000002000a278                PROVIDE (__preinit_array_start = .)
 *(.preinit_array)
                0x000000002000a278                PROVIDE (__preinit_array_end = .)
                0x000000002000a278                . = ALIGN (0x4)
                0x000000002000a278                PROVIDE (__init_array_start = .)
 *(SORT_BY_NAME(.init_array.*))
 .init_array.00000
                0x000000002000a278        0x4 /usr/bin/../lib/gcc/arm-none-eabi/7.3.1/../../../../arm-none-eabi/lib/thumb/v7e-m/fpv4-sp/hard/libc.a(lib_a-__call_atexit.o)
 *(.init_array)
 .init_array    0x000000002000a27c        0x4 /usr/bin/../lib/gcc/arm-none-eabi/7.3.1/thumb/v7e-m/fpv4-sp/hard/crtbegin.o
 .init_array    0x000000002000a280        0x4 _build/before_startup.o
                0x000000002000a284                PROVIDE (__init_array_end = .)
                0x000000002000a284                . = ALIGN (0x4)
                0x000000002000a284                PROVIDE (__fini_array_start = .)
 *(SORT_BY_NAME(.fini_array.*))
 *(.fini_array)
 .fini_array    0x000000002000a284        0x4 /usr/bin/../lib/gcc/arm-none-eabi/7.3.1/thumb/v7e-m/fpv4-sp/hard/crtbegin.o
                0x000000002000a288                PROVIDE (__fini_array_end = .)
 *(.jcr*)
                0x000000002000a288                . = ALIGN (0x4)
                0x000000002000a288                __data_end__ = .
LOAD /usr/bin/../lib/gcc/arm-none-eabi/7.3.1/thumb/v7e-m/fpv4-sp/hard/crti.o
LOAD /usr/bin/../lib/gcc/arm-none-eabi/7.3.1/thumb/v7e-m/fpv4-sp/hard/crtbegin.o
LOAD /usr/bin/../lib/gcc/arm-none-eabi/7.3.1/../../../../arm-none-eabi/lib/thumb/v7e-m/fpv4-sp/hard/crt0.o
START GROUP
LOAD _build/YDLidar.o
LOAD _build/main.o
LOAD _build/display.o
LOAD _build/mpu9250.o
LOAD _build/kobukiUART.o
LOAD _build/kobukiSensor.o
LOAD _build/kobukiUtilities.o
LOAD _build/kobukiSensorPoll.o
LOAD _build/kobukiActuator.o
LOAD _build/better_error_handling.o
LOAD _build/max44009.o
LOAD _build/lsm9ds1.o
LOAD _build/opt3004.o
LOAD _build/SEGGER_RTT.o
LOAD _build/SEGGER_RTT_Syscalls_GCC.o
LOAD _build/SEGGER_RTT_printf.o
LOAD _build/app_error.o
LOAD _build/app_error_handler_gcc.o
LOAD _build/app_pwm.o
LOAD _build/app_scheduler.o
LOAD _build/app_timer.o
LOAD _build/app_uart.o
LOAD _build/app_util_platform.o
LOAD _build/before_startup.o
LOAD _build/ff.o
LOAD _build/hardfault_handler_gcc.o
LOAD _build/hardfault_implementation.o
LOAD _build/mmc_nrf.o
LOAD _build/nrf_assert.o
LOAD _build/nrf_atomic.o
LOAD _build/nrf_balloc.o
LOAD _build/nrf_drv_clock.o
LOAD _build/nrf_drv_ppi.o
LOAD _build/nrf_drv_spi.o
LOAD _build/nrf_drv_twi.o
LOAD _build/nrf_drv_uart.o
LOAD _build/nrf_fprintf.o
LOAD _build/nrf_fprintf_format.o
LOAD _build/nrf_fstorage.o
LOAD _build/nrf_log_backend_rtt.o
LOAD _build/nrf_log_backend_serial.o
LOAD _build/nrf_log_backend_uart.o
LOAD _build/nrf_log_default_backends.o
LOAD _build/nrf_log_frontend.o
LOAD _build/nrf_log_str_formatter.o
LOAD _build/nrf_memobj.o
LOAD _build/nrf_pwr_mgmt.o
LOAD _build/nrf_ringbuf.o
LOAD _build/nrf_queue.o