Archive member included to satisfy reference by file (symbol)

/usr/bin/../lib/gcc/arm-none-eabi/7.3.1/../../../../arm-none-eabi/lib/thumb/v7e-m/fpv4-sp/hard/libc.a(lib_a-abs.o)
                              _build/kobukiActuator.o (abs)
/usr/bin/../lib/gcc/arm-none-eabi/7.3.1/../../../../arm-none-eabi/lib/thumb/v7e-m/fpv4-sp/hard/libc.a(lib_a-exit.o)
                              /usr/bin/../lib/gcc/arm-none-eabi/7.3.1/../../../../arm-none-eabi/lib/thumb/v7e-m/fpv4-sp/hard/crt0.o (exit)
/usr/bin/../lib/gcc/arm-none-eabi/7.3.1/../../../../arm-none-eabi/lib/thumb/v7e-m/fpv4-sp/hard/libc.a(lib_a-impure.o)
                              /usr/bin/../lib/gcc/arm-none-eabi/7.3.1/../../../../arm-none-eabi/lib/thumb/v7e-m/fpv4-sp/hard/libc.a(lib_a-exit.o) (_global_impure_ptr)
/usr/bin/../lib/gcc/arm-none-eabi/7.3.1/../../../../arm-none-eabi/lib/thumb/v7e-m/fpv4-sp/hard/libc.a(lib_a-init.o)
                              /usr/bin/../lib/gcc/arm-none-eabi/7.3.1/../../../../arm-none-eabi/lib/thumb/v7e-m/fpv4-sp/hard/crt0.o (__libc_init_array)
/usr/bin/../lib/gcc/arm-none-eabi/7.3.1/../../../../arm-none-eabi/lib/thumb/v7e-m/fpv4-sp/hard/libc.a(lib_a-locale.o)
                              _build/nrf_log_str_formatter.o (__locale_ctype_ptr)
/usr/bin/../lib/gcc/arm-none-eabi/7.3.1/../../../../arm-none-eabi/lib/thumb/v7e-m/fpv4-sp/hard/libc.a(lib_a-mbtowc_r.o)
                              /usr/bin/../lib/gcc/arm-none-eabi/7.3.1/../../../../arm-none-eabi/lib/thumb/v7e-m/fpv4-sp/hard/libc.a(lib_a-locale.o) (__ascii_mbtowc)
/usr/bin/../lib/gcc/arm-none-eabi/7.3.1/../../../../arm-none-eabi/lib/thumb/v7e-m/fpv4-sp/hard/libc.a(lib_a-memcmp.o)
                              _build/nrf_twi_mngr.o (memcmp)
/usr/bin/../lib/gcc/arm-none-eabi/7.3.1/../../../../arm-none-eabi/lib/thumb/v7e-m/fpv4-sp/hard/libc.a(lib_a-memcpy.o)
                              _build/kobukiUART.o (memcpy)
/usr/bin/../lib/gcc/arm-none-eabi/7.3.1/../../../../arm-none-eabi/lib/thumb/v7e-m/fpv4-sp/hard/libc.a(lib_a-memset.o)
                              /usr/bin/../lib/gcc/arm-none-eabi/7.3.1/../../../../arm-none-eabi/lib/thumb/v7e-m/fpv4-sp/hard/crt0.o (memset)
/usr/bin/../lib/gcc/arm-none-eabi/7.3.1/../../../../arm-none-eabi/lib/thumb/v7e-m/fpv4-sp/hard/libc.a(lib_a-printf.o)
                              _build/YDLidar.o (printf)
/usr/bin/../lib/gcc/arm-none-eabi/7.3.1/../../../../arm-none-eabi/lib/thumb/v7e-m/fpv4-sp/hard/libc.a(lib_a-setbuf.o)
                              _build/before_startup.o (setbuf)
/usr/bin/../lib/gcc/arm-none-eabi/7.3.1/../../../../arm-none-eabi/lib/thumb/v7e-m/fpv4-sp/hard/libc.a(lib_a-setvbuf.o)
                              /usr/bin/../lib/gcc/arm-none-eabi/7.3.1/../../../../arm-none-eabi/lib/thumb/v7e-m/fpv4-sp/hard/libc.a(lib_a-setbuf.o) (setvbuf)
/usr/bin/../lib/gcc/arm-none-eabi/7.3.1/../../../../arm-none-eabi/lib/thumb/v7e-m/fpv4-sp/hard/libc.a(lib_a-strcmp.o)
                              /usr/bin/../lib/gcc/arm-none-eabi/7.3.1/../../../../arm-none-eabi/lib/thumb/v7e-m/fpv4-sp/hard/libc.a(lib_a-locale.o) (strcmp)
/usr/bin/../lib/gcc/arm-none-eabi/7.3.1/../../../../arm-none-eabi/lib/thumb/v7e-m/fpv4-sp/hard/libc.a(lib_a-strcpy.o)
                              _build/SEGGER_RTT.o (strcpy)
/usr/bin/../lib/gcc/arm-none-eabi/7.3.1/../../../../arm-none-eabi/lib/thumb/v7e-m/fpv4-sp/hard/libc.a(lib_a-strlen.o)
                              _build/display.o (strlen)
/usr/bin/../lib/gcc/arm-none-eabi/7.3.1/../../../../arm-none-eabi/lib/thumb/v7e-m/fpv4-sp/hard/libc.a(lib_a-vfprintf.o)
                              /usr/bin/../lib/gcc/arm-none-eabi/7.3.1/../../../../arm-none-eabi/lib/thumb/v7e-m/fpv4-sp/hard/libc.a(lib_a-printf.o) (_vfprintf_r)
/usr/bin/../lib/gcc/arm-none-eabi/7.3.1/../../../../arm-none-eabi/lib/thumb/v7e-m/fpv4-sp/hard/libc.a(lib_a-vsnprintf.o)
                              _build/simple_logger.o (vsnprintf)
/usr/bin/../lib/gcc/arm-none-eabi/7.3.1/../../../../arm-none-eabi/lib/thumb/v7e-m/fpv4-sp/hard/libc.a(lib_a-wctomb_r.o)
                              /usr/bin/../lib/gcc/arm-none-eabi/7.3.1/../../../../arm-none-eabi/lib/thumb/v7e-m/fpv4-sp/hard/libc.a(lib_a-locale.o) (__ascii_wctomb)
/usr/bin/../lib/gcc/arm-none-eabi/7.3.1/../../../../arm-none-eabi/lib/thumb/v7e-m/fpv4-sp/hard/libc.a(lib_a-wsetup.o)
                              /usr/bin/../lib/gcc/arm-none-eabi/7.3.1/../../../../arm-none-eabi/lib/thumb/v7e-m/fpv4-sp/hard/libc.a(lib_a-vfprintf.o) (__swsetup_r)
/usr/bin/../lib/gcc/arm-none-eabi/7.3.1/../../../../arm-none-eabi/lib/thumb/v7e-m/fpv4-sp/hard/libc.a(lib_a-__call_atexit.o)
                              /usr/bin/../lib/gcc/arm-none-eabi/7.3.1/../../../../arm-none-eabi/lib/thumb/v7e-m/fpv4-sp/hard/libc.a(lib_a-exit.o) (__call_exitprocs)
/usr/bin/../lib/gcc/arm-none-eabi/7.3.1/../../../../arm-none-eabi/lib/thumb/v7e-m/fpv4-sp/hard/libc.a(lib_a-atexit.o)
[...]
Memory Configuration

Name             Origin             Length             Attributes
FLASH            0x0000000000026000 0x0000000000059000 xr
RAM              0x00000000200098a8 0x0000000000006758 xrw
bootloader_settings_page 0x000000000007f000 0x0000000000001000 r
uicr_bootloader_start_address 0x0000000010001014 0x0000000000000004 r
*default*        0x0000000000000000 0xffffffffffffffff

Linker script and memory map


.text           0x0000000000026000     0xe75c
 *(.isr_vector)
 .isr_vector    0x0000000000026000      0x200 _build/gcc_startup_nrf52.os
                0x0000000000026000                __isr_vector
 *(.text*)
 .text          0x0000000000026200       0x40 /usr/bin/../lib/gcc/arm-none-eabi/7.3.1/thumb/v7e-m/fpv4-sp/hard/crtbegin.o
 .text          0x0000000000026240       0x74 /usr/bin/../lib/gcc/arm-none-eabi/7.3.1/../../../../arm-none-eabi/lib/thumb/v7e-m/fpv4-sp/hard/crt0.o
                0x0000000000026240                _mainCRTStartup
                0x0000000000026240                _start
 *fill*         0x00000000000262b4        0x4 
 .text.millis   0x00000000000262b8       0x28 _build/YDLidar.o
                0x00000000000262b8                millis
 .text.waitScanDot
                0x00000000000262e0      0x368 _build/YDLidar.o
                0x00000000000262e0                waitScanDot
 .text.getCurrentScanPoint
                0x0000000000026648       0x14 _build/YDLidar.o
                0x0000000000026648                getCurrentScanPoint
 .text.pwm_ready_callback
                0x000000000002665c        0xc _build/main.o
                0x000000000002665c                pwm_ready_callback
 .text.uart_error_handle
                0x0000000000026668       0x20 _build/main.o
                0x0000000000026668                uart_error_handle
 .text.lidar_speed
                0x0000000000026688       0x1c _build/main.o
                0x0000000000026688                lidar_speed
 .text.start_lidar
                0x00000000000266a4        0xc _build/main.o
                0x00000000000266a4                start_lidar
 .text.startup.main
                0x00000000000266b0      0x168 _build/main.o
                0x00000000000266b0                main
 .text.nrf_delay_ms.part.0
                0x0000000000026818       0x1c _build/better_error_handling.o
 .text.app_error_fault_handler
                0x0000000000026834      0x128 _build/better_error_handling.o
                0x0000000000026834                app_error_fault_handler
 .text.HardFault_process
                0x000000000002695c       0x9a _build/better_error_handling.o
                0x000000000002695c                HardFault_process
 .text._GetAvailWriteSpace
                0x00000000000269f6       0x1c _build/SEGGER_RTT.o
 .text._WriteNoCheck
                0x0000000000026a12       0x3a _build/SEGGER_RTT.o
 .text._WriteBlocking
                0x0000000000026a4c       0x52 _build/SEGGER_RTT.o
 *fill*         0x0000000000026a9e        0x2 
 .text._DoInit  0x0000000000026aa0       0x60 _build/SEGGER_RTT.o
 .text.SEGGER_RTT_WriteNoLock
                0x0000000000026b00       0x68 _build/SEGGER_RTT.o
                0x0000000000026b00                SEGGER_RTT_WriteNoLock
 .text.SEGGER_RTT_Write
                0x0000000000026b68       0x3c _build/SEGGER_RTT.o
                0x0000000000026b68                SEGGER_RTT_Write
 .text.SEGGER_RTT_Init
                0x0000000000026ba4        0x4 _build/SEGGER_RTT.o
                0x0000000000026ba4                SEGGER_RTT_Init
 .text._write_r
                0x0000000000026ba8       0x12 _build/SEGGER_RTT_Syscalls_GCC.o
                0x0000000000026ba8                _write_r
 .text.app_error_handler
                0x0000000000026bba       0x1a _build/app_error_handler_gcc.o
                0x0000000000026bba                app_error_handler
 .text.pwm_dealloc
                0x0000000000026bd4       0x58 _build/app_pwm.o
 .text.pwm_ready_tick
                0x0000000000026c2c       0x5c _build/app_pwm.o
                0x0000000000026c2c                pwm_ready_tick
 .text.app_pwm_busy_check
                0x0000000000026c88       0x3c _build/app_pwm.o
                0x0000000000026c88                app_pwm_busy_check
 .text.app_pwm_channel_duty_ticks_set
                0x0000000000026cc4      0x1a0 _build/app_pwm.o
                0x0000000000026cc4                app_pwm_channel_duty_ticks_set
 .text.app_pwm_channel_duty_set
                0x0000000000026e64       0x12 _build/app_pwm.o
                0x0000000000026e64                app_pwm_channel_duty_set
 *fill*         0x0000000000026e76        0x2 
 .text.app_pwm_init
                0x0000000000026e78      0x344 _build/app_pwm.o
                0x0000000000026e78                app_pwm_init
 .text.app_pwm_enable
                0x00000000000271bc       0x88 _build/app_pwm.o
                0x00000000000271bc                app_pwm_enable
 .text.user_op_alloc
                0x0000000000027244       0x2c _build/app_timer.o
 .text.timer_stop_op_schedule
                0x0000000000027270       0x50 _build/app_timer.o
 .text.nrfx_coredep_delay_us.constprop.3
                0x00000000000272c0       0x10 _build/app_timer.o
 .text.RTC1_IRQHandler
                0x00000000000272d0       0x9c _build/app_timer.o
                0x00000000000272d0                RTC1_IRQHandler
 .text.SWI0_EGU0_IRQHandler
                0x000000000002736c      0x2a4 _build/app_timer.o
                0x000000000002736c                SWI0_EGU0_IRQHandler
 .text.app_timer_init
                0x0000000000027610       0x88 _build/app_timer.o
                0x0000000000027610                app_timer_init
 .text.app_timer_create
                0x0000000000027698       0x24 _build/app_timer.o
                0x0000000000027698                app_timer_create
 .text.app_timer_start
                0x00000000000276bc       0x88 _build/app_timer.o
                0x00000000000276bc                app_timer_start
 .text.app_timer_stop
                0x0000000000027744       0x20 _build/app_timer.o
                0x0000000000027744                app_timer_stop
 .text.app_timer_cnt_get
                0x0000000000027764        0xc _build/app_timer.o
                0x0000000000027764                app_timer_cnt_get
 .text.nrf_drv_uart_rx.constprop.3
                0x0000000000027770       0x28 _build/app_uart.o
 .text.uart_event_handler
                0x0000000000027798       0x58 _build/app_uart.o
 .text.app_uart_init
                0x00000000000277f0       0x84 _build/app_uart.o
                0x00000000000277f0                app_uart_init
 .text.app_uart_get
                0x0000000000027874       0x30 _build/app_uart.o
                0x0000000000027874                app_uart_get
 .text.privilege_level_get
                0x00000000000278a4       0x1a _build/app_util_platform.o
                0x00000000000278a4                privilege_level_get
 *fill*         0x00000000000278be        0x2 
 .text.app_util_critical_region_enter
                0x00000000000278c0       0x60 _build/app_util_platform.o
                0x00000000000278c0                app_util_critical_region_enter
 .text.app_util_critical_region_exit
                0x0000000000027920       0x40 _build/app_util_platform.o
                0x0000000000027920                app_util_critical_region_exit
 .text.startup.called_first
                0x0000000000027960       0x10 _build/before_startup.o
                0x0000000000027960                called_first
 .text.HardFault_Handler
                0x0000000000027970       0x34 _build/hardfault_handler_gcc.o
                0x0000000000027970                HardFault_Handler
 .text.HardFault_c_handler
                0x00000000000279a4      0x104 _build/hardfault_implementation.o
                0x00000000000279a4                HardFault_c_handler
 .text.nrf_atomic_u32_fetch_store
                0x0000000000027aa8       0x14 _build/nrf_atomic.o
                0x0000000000027aa8                nrf_atomic_u32_fetch_store
 .text.nrf_atomic_u32_or
                0x0000000000027abc       0x16 _build/nrf_atomic.o
                0x0000000000027abc                nrf_atomic_u32_or
 .text.nrf_atomic_u32_fetch_and
                0x0000000000027ad2       0x16 _build/nrf_atomic.o
                0x0000000000027ad2                nrf_atomic_u32_fetch_and
 .text.nrf_atomic_u32_add
                0x0000000000027ae8       0x16 _build/nrf_atomic.o
                0x0000000000027ae8                nrf_atomic_u32_add
 .text.nrf_atomic_u32_sub
                0x0000000000027afe       0x16 _build/nrf_atomic.o
                0x0000000000027afe                nrf_atomic_u32_sub
 .text.nrf_atomic_flag_set
                0x0000000000027b14        0x6 _build/nrf_atomic.o
                0x0000000000027b14                nrf_atomic_flag_set
 .text.nrf_atomic_flag_clear_fetch
                0x0000000000027b1a        0x6 _build/nrf_atomic.o
                0x0000000000027b1a                nrf_atomic_flag_clear_fetch
 .text.nrf_balloc_init
                0x0000000000027b20       0x7c _build/nrf_balloc.o
                0x0000000000027b20                nrf_balloc_init
 .text.nrf_balloc_alloc
                0x0000000000027b9c       0x5c _build/nrf_balloc.o
                0x0000000000027b9c                nrf_balloc_alloc
 .text.nrf_balloc_free
                0x0000000000027bf8       0x50 _build/nrf_balloc.o
                0x0000000000027bf8                nrf_balloc_free
 .text.clock_clk_started_notify
                0x0000000000027c48       0x28 _build/nrf_drv_clock.o
 .text.clock_irq_handler
                0x0000000000027c70       0x1c _build/nrf_drv_clock.o
 .text.soc_evt_handler
                0x0000000000027c8c       0x14 _build/nrf_drv_clock.o
 .text.nrf_drv_clock_init
                0x0000000000027ca0       0x38 _build/nrf_drv_clock.o
                0x0000000000027ca0                nrf_drv_clock_init
 .text.nrf_drv_clock_lfclk_release
                0x0000000000027cd8       0x60 _build/nrf_drv_clock.o
                0x0000000000027cd8                nrf_drv_clock_lfclk_release
 .text.sd_state_evt_handler
                0x0000000000027d38       0x6c _build/nrf_drv_clock.o
 .text.nrf_drv_ppi_init
                0x0000000000027da4       0x14 _build/nrf_drv_ppi.o
                0x0000000000027da4                nrf_drv_ppi_init
 .text.uarte_evt_handler
                0x0000000000027db8       0x34 _build/nrf_drv_uart.o
 .text.uart_evt_handler
                0x0000000000027dec       0x34 _build/nrf_drv_uart.o
 .text.nrf_drv_uart_init
                0x0000000000027e20       0x7c _build/nrf_drv_uart.o
                0x0000000000027e20                nrf_drv_uart_init
 .text.nrf_fprintf_buffer_flush
                0x0000000000027e9c       0x24 _build/nrf_fprintf.o
                0x0000000000027e9c                nrf_fprintf_buffer_flush
 .text.nrf_fprintf
                0x0000000000027ec0       0x58 _build/nrf_fprintf.o
                0x0000000000027ec0                nrf_fprintf
 .text.buffer_add
                0x0000000000027f18       0x1e _build/nrf_fprintf_format.o
 *fill*         0x0000000000027f36        0x2 
 .text.unsigned_print
                0x0000000000027f38       0xac _build/nrf_fprintf_format.o
 .text.nrf_fprintf_fmt
                0x0000000000027fe4      0x2c4 _build/nrf_fprintf_format.o
                0x0000000000027fe4                nrf_fprintf_fmt
 .text.nrf_log_backend_rtt_flush
                0x00000000000282a8        0x2 _build/nrf_log_backend_rtt.o
 *fill*         0x00000000000282aa        0x2 
 .text.nrf_log_backend_rtt_put
                0x00000000000282ac       0x1c _build/nrf_log_backend_rtt.o
 .text.serial_tx
                0x00000000000282c8       0x50 _build/nrf_log_backend_rtt.o
 .text.nrf_log_backend_rtt_panic_set
                0x0000000000028318        0x2 _build/nrf_log_backend_rtt.o
 .text.nrf_log_backend_rtt_init
                0x000000000002831a        0x4 _build/nrf_log_backend_rtt.o
                0x000000000002831a                nrf_log_backend_rtt_init
 .text.nrf_log_backend_serial_put
                0x000000000002831e       0xcc _build/nrf_log_backend_serial.o
                0x000000000002831e                nrf_log_backend_serial_put
 *fill*         0x00000000000283ea        0x2 
 .text.nrf_log_default_backends_init
                0x00000000000283ec       0x30 _build/nrf_log_default_backends.o
                0x00000000000283ec                nrf_log_default_backends_init
 .text.invalid_packets_omit
                0x000000000002841c       0x3a _build/nrf_log_frontend.o
 *fill*         0x0000000000028456        0x2 
 .text.buf_prealloc
                0x0000000000028458      0x138 _build/nrf_log_frontend.o
 .text.nrf_log_init
                0x0000000000028590       0x3c _build/nrf_log_frontend.o
                0x0000000000028590                nrf_log_init
 .text.nrf_log_module_name_get
                0x00000000000285cc       0x38 _build/nrf_log_frontend.o
                0x00000000000285cc                nrf_log_module_name_get
 .text.nrf_log_color_id_get
                0x0000000000028604       0x2c _build/nrf_log_frontend.o
                0x0000000000028604                nrf_log_color_id_get
 .text.buffer_is_empty
                0x0000000000028630       0x14 _build/nrf_log_frontend.o
                0x0000000000028630                buffer_is_empty
 .text.nrf_log_frontend_dequeue
                0x0000000000028644      0x228 _build/nrf_log_frontend.o
                0x0000000000028644                nrf_log_frontend_dequeue
 .text.std_n    0x000000000002886c       0xd8 _build/nrf_log_frontend.o
 .text.nrf_log_frontend_std_0
                0x0000000000028944        0x8 _build/nrf_log_frontend.o
                0x0000000000028944                nrf_log_frontend_std_0
 .text.nrf_log_frontend_std_1
                0x000000000002894c       0x14 _build/nrf_log_frontend.o
                0x000000000002894c                nrf_log_frontend_std_1
 .text.nrf_log_frontend_std_2
                0x0000000000028960       0x14 _build/nrf_log_frontend.o
                0x0000000000028960                nrf_log_frontend_std_2
 .text.nrf_log_frontend_std_3
                0x0000000000028974       0x18 _build/nrf_log_frontend.o
                0x0000000000028974                nrf_log_frontend_std_3
 .text.nrf_log_frontend_std_4
                0x000000000002898c       0x1c _build/nrf_log_frontend.o
                0x000000000002898c                nrf_log_frontend_std_4
 .text.nrf_log_backend_add
                0x00000000000289a8       0x54 _build/nrf_log_frontend.o
                0x00000000000289a8                nrf_log_backend_add
 .text.nrf_log_panic
                0x00000000000289fc       0x2c _build/nrf_log_frontend.o
                0x00000000000289fc                nrf_log_panic
 .text.postfix_process
                0x0000000000028a28       0x3c _build/nrf_log_str_formatter.o
 .text.prefix_process
                0x0000000000028a64       0x78 _build/nrf_log_str_formatter.o
 .text.nrf_log_std_entry_process
                0x0000000000028adc       0xc8 _build/nrf_log_str_formatter.o
                0x0000000000028adc                nrf_log_std_entry_process
 .text.nrf_log_hexdump_entry_process
                0x0000000000028ba4       0xbc _build/nrf_log_str_formatter.o
                0x0000000000028ba4                nrf_log_hexdump_entry_process
 .text.memobj_op
                0x0000000000028c60       0xa4 _build/nrf_memobj.o
 .text.nrf_memobj_pool_init
                0x0000000000028d04        0x4 _build/nrf_memobj.o
                0x0000000000028d04                nrf_memobj_pool_init
 .text.nrf_memobj_free
                0x0000000000028d08       0x2c _build/nrf_memobj.o
                0x0000000000028d08                nrf_memobj_free
 .text.nrf_memobj_alloc
                0x0000000000028d34       0x5e _build/nrf_memobj.o
                0x0000000000028d34                nrf_memobj_alloc
 .text.nrf_memobj_get
                0x0000000000028d92        0x8 _build/nrf_memobj.o
                0x0000000000028d92                nrf_memobj_get
 .text.nrf_memobj_put
                0x0000000000028d9a       0x1e _build/nrf_memobj.o
                0x0000000000028d9a                nrf_memobj_put
 .text.nrf_memobj_write
                0x0000000000028db8       0x2c _build/nrf_memobj.o
                0x0000000000028db8                nrf_memobj_write
 .text.nrf_memobj_read
                0x0000000000028de4       0x2c _build/nrf_memobj.o
                0x0000000000028de4                nrf_memobj_read
 .text.nrf_pwr_mgmt_init
                0x0000000000028e10       0x2c _build/nrf_pwr_mgmt.o
                0x0000000000028e10                nrf_pwr_mgmt_init
 .text.nrf_ringbuf_init
                0x0000000000028e3c       0x1c _build/nrf_ringbuf.o
                0x0000000000028e3c                nrf_ringbuf_init
 .text.nrf_section_iter_init
                0x0000000000028e58       0x30 _build/nrf_section_iter.o
                0x0000000000028e58                nrf_section_iter_init
 .text.nrf_section_iter_next
                0x0000000000028e88       0x38 _build/nrf_section_iter.o
                0x0000000000028e88                nrf_section_iter_next
 .text.nrf_strerror_find
                0x0000000000028ec0       0x3c _build/nrf_strerror.o
                0x0000000000028ec0                nrf_strerror_find
 .text.nrf_strerror_get
                0x0000000000028efc       0x14 _build/nrf_strerror.o
                0x0000000000028efc                nrf_strerror_get
 .text.nrfx_clock_init
                0x0000000000028f10       0x2c _build/nrfx_clock.o
                0x0000000000028f10                nrfx_clock_init
 .text.nrfx_clock_enable
                0x0000000000028f3c       0x3c _build/nrfx_clock.o
                0x0000000000028f3c                nrfx_clock_enable
 .text.nrfx_clock_lfclk_stop
                0x0000000000028f78       0x30 _build/nrfx_clock.o
                0x0000000000028f78                nrfx_clock_lfclk_stop
 .text.POWER_CLOCK_IRQHandler
                0x0000000000028fa8       0x64 _build/nrfx_clock.o
                0x0000000000028fa8                POWER_CLOCK_IRQHandler
 .text.nrf_gpiote_event_clear
                0x000000000002900c       0x18 _build/nrfx_gpiote.o
 .text.channel_free
                0x0000000000029024       0x1c _build/nrfx_gpiote.o
 .text.nrf_gpio_pin_port_decode.isra.0.part.1
                0x0000000000029040       0x10 _build/nrfx_gpiote.o
 .text.nrf_gpio_cfg_sense_set
                0x0000000000029050       0x2e _build/nrfx_gpiote.o
 *fill*         0x000000000002907e        0x2 
 .text.nrfx_gpiote_init
                0x0000000000029080       0x6c _build/nrfx_gpiote.o
                0x0000000000029080                nrfx_gpiote_init
 .text.nrfx_gpiote_is_init
                0x00000000000290ec       0x14 _build/nrfx_gpiote.o
                0x00000000000290ec                nrfx_gpiote_is_init
 .text.nrfx_gpiote_out_init
                0x0000000000029100      0x11c _build/nrfx_gpiote.o
                0x0000000000029100                nrfx_gpiote_out_init
 .text.nrfx_gpiote_out_uninit
                0x000000000002921c       0x90 _build/nrfx_gpiote.o
                0x000000000002921c                nrfx_gpiote_out_uninit
 .text.nrfx_gpiote_out_set
                0x00000000000292ac       0x5c _build/nrfx_gpiote.o
                0x00000000000292ac                nrfx_gpiote_out_set
 .text.nrfx_gpiote_out_clear
                0x0000000000029308       0x5c _build/nrfx_gpiote.o
                0x0000000000029308                nrfx_gpiote_out_clear
 .text.nrfx_gpiote_out_task_enable
                0x0000000000029364       0x64 _build/nrfx_gpiote.o
                0x0000000000029364                nrfx_gpiote_out_task_enable
 .text.nrfx_gpiote_set_task_addr_get
                0x00000000000293c8       0x48 _build/nrfx_gpiote.o
                0x00000000000293c8                nrfx_gpiote_set_task_addr_get
 .text.nrfx_gpiote_clr_task_addr_get
                0x0000000000029410       0x48 _build/nrfx_gpiote.o
                0x0000000000029410                nrfx_gpiote_clr_task_addr_get
 .text.nrfx_gpiote_out_task_force
                0x0000000000029458       0x70 _build/nrfx_gpiote.o
                0x0000000000029458                nrfx_gpiote_out_task_force
 .text.GPIOTE_IRQHandler
                0x00000000000294c8      0x18c _build/nrfx_gpiote.o
                0x00000000000294c8                GPIOTE_IRQHandler
 .text.nrfx_ppi_channel_alloc
                0x0000000000029654       0x68 _build/nrfx_ppi.o
                0x0000000000029654                nrfx_ppi_channel_alloc
 .text.nrfx_ppi_channel_free
                0x00000000000296bc       0x44 _build/nrfx_ppi.o
                0x00000000000296bc                nrfx_ppi_channel_free
 .text.nrfx_ppi_channel_assign
                0x0000000000029700       0x40 _build/nrfx_ppi.o
                0x0000000000029700                nrfx_ppi_channel_assign
 .text.nrfx_ppi_channel_enable
                0x0000000000029740       0x30 _build/nrfx_ppi.o
                0x0000000000029740                nrfx_ppi_channel_enable
 .text.nrfx_ppi_channel_disable
                0x0000000000029770       0x30 _build/nrfx_ppi.o
                0x0000000000029770                nrfx_ppi_channel_disable
 .text.UARTE0_UART0_IRQHandler
                0x00000000000297a0       0x20 _build/nrfx_prs.o
                0x00000000000297a0                UARTE0_UART0_IRQHandler
 .text.nrfx_prs_acquire
                0x00000000000297c0       0x50 _build/nrfx_prs.o
                0x00000000000297c0                nrfx_prs_acquire
 .text.nrf_pwm_event_clear
                0x0000000000029810       0x10 _build/nrfx_pwm.o
 .text.irq_handler
                0x0000000000029820       0x80 _build/nrfx_pwm.o
 .text.PWM0_IRQHandler
                0x00000000000298a0       0x10 _build/nrfx_pwm.o
                0x00000000000298a0                PWM0_IRQHandler
 .text.PWM1_IRQHandler
                0x00000000000298b0       0x10 _build/nrfx_pwm.o
                0x00000000000298b0                PWM1_IRQHandler
 .text.PWM2_IRQHandler
                0x00000000000298c0       0x10 _build/nrfx_pwm.o
                0x00000000000298c0                PWM2_IRQHandler
 .text.nrf_saadc_event_clear
                0x00000000000298d0       0x18 _build/nrfx_saadc.o
 .text.SAADC_IRQHandler
                0x00000000000298e8      0x164 _build/nrfx_saadc.o
                0x00000000000298e8                SAADC_IRQHandler
 .text.nrf_gpio_pin_port_decode.isra.0.part.1
                0x0000000000029a4c       0x10 _build/nrfx_spim.o
 .text.nrf_gpio_pin_clear
                0x0000000000029a5c       0x1c _build/nrfx_spim.o
 .text.nrf_gpio_pin_set
                0x0000000000029a78       0x1c _build/nrfx_spim.o
 .text.SPIM1_SPIS1_TWIM1_TWIS1_SPI1_TWI1_IRQHandler
                0x0000000000029a94       0x64 _build/nrfx_spim.o
                0x0000000000029a94                SPIM1_SPIS1_TWIM1_TWIS1_SPI1_TWI1_IRQHandler
 .text.irq_handler.constprop.0
                0x0000000000029af8       0x4c _build/nrfx_timer.o
 .text.nrfx_timer_init
                0x0000000000029b44      0x170 _build/nrfx_timer.o
                0x0000000000029b44                nrfx_timer_init
 .text.nrfx_timer_enable
                0x0000000000029cb4       0x38 _build/nrfx_timer.o
                0x0000000000029cb4                nrfx_timer_enable
 .text.nrfx_timer_disable
                0x0000000000029cec       0x34 _build/nrfx_timer.o
                0x0000000000029cec                nrfx_timer_disable
 .text.nrfx_timer_uninit
                0x0000000000029d20       0x50 _build/nrfx_timer.o
                0x0000000000029d20                nrfx_timer_uninit
 .text.nrfx_timer_clear
                0x0000000000029d70       0x2c _build/nrfx_timer.o
                0x0000000000029d70                nrfx_timer_clear
 .text.nrfx_timer_compare
                0x0000000000029d9c       0x36 _build/nrfx_timer.o
                0x0000000000029d9c                nrfx_timer_compare
 .text.nrfx_timer_extended_compare
                0x0000000000029dd2       0x2e _build/nrfx_timer.o
                0x0000000000029dd2                nrfx_timer_extended_compare
 .text.nrfx_timer_compare_int_enable
                0x0000000000029e00       0x58 _build/nrfx_timer.o
                0x0000000000029e00                nrfx_timer_compare_int_enable
 .text.nrfx_timer_compare_int_disable
                0x0000000000029e58       0x44 _build/nrfx_timer.o
                0x0000000000029e58                nrfx_timer_compare_int_disable
 .text.TIMER0_IRQHandler
                0x0000000000029e9c       0x10 _build/nrfx_timer.o
                0x0000000000029e9c                TIMER0_IRQHandler
 .text.TIMER1_IRQHandler
                0x0000000000029eac       0x10 _build/nrfx_timer.o
                0x0000000000029eac                TIMER1_IRQHandler
 .text.nrf_twim_event_clear
                0x0000000000029ebc       0x10 _build/nrfx_twim.o
 .text.SPIM0_SPIS0_TWIM0_TWIS0_SPI0_TWI0_IRQHandler
                0x0000000000029ecc      0x158 _build/nrfx_twim.o
                0x0000000000029ecc                SPIM0_SPIS0_TWIM0_TWIS0_SPI0_TWI0_IRQHandler
 .text.nrf_uart_event_clear
                0x000000000002a024       0x10 _build/nrfx_uart.o
 .text.tx_byte  0x000000000002a034       0x1e _build/nrfx_uart.o
 .text.rx_enable.isra.1
                0x000000000002a052       0x20 _build/nrfx_uart.o
 .text.rx_byte  0x000000000002a072       0x2c _build/nrfx_uart.o
 *fill*         0x000000000002a09e        0x2 
 .text.nrf_gpio_pin_port_decode.isra.3.part.4
                0x000000000002a0a0       0x10 _build/nrfx_uart.o
 .text.rx_done_event.constprop.9
                0x000000000002a0b0       0x20 _build/nrfx_uart.o
 .text.nrfx_uart_0_irq_handler
                0x000000000002a0d0      0x140 _build/nrfx_uart.o
                0x000000000002a0d0                nrfx_uart_0_irq_handler
 .text.nrfx_uart_init
                0x000000000002a210      0x208 _build/nrfx_uart.o
                0x000000000002a210                nrfx_uart_init
 .text.nrfx_uart_rx
                0x000000000002a418      0x12c _build/nrfx_uart.o
                0x000000000002a418                nrfx_uart_rx
 .text.nrf_uarte_event_clear
                0x000000000002a544       0x10 _build/nrfx_uarte.o
 .text.nrf_gpio_pin_port_decode.isra.1.part.2
                0x000000000002a554       0x10 _build/nrfx_uarte.o
 .text.rx_done_event.constprop.8
                0x000000000002a564       0x20 _build/nrfx_uarte.o
 .text.nrfx_uarte_0_irq_handler
                0x000000000002a584       0xe8 _build/nrfx_uarte.o
                0x000000000002a584                nrfx_uarte_0_irq_handler
 .text.nrfx_uarte_init
                0x000000000002a66c      0x218 _build/nrfx_uarte.o
                0x000000000002a66c                nrfx_uarte_init
 .text.nrfx_uarte_rx
                0x000000000002a884      0x130 _build/nrfx_uarte.o
                0x000000000002a884                nrfx_uarte_rx
 .text.sd_ble_gap_addr_get
                0x000000000002a9b4        0x4 _build/ble_advdata.o
 .text.sd_ble_gap_appearance_get
                0x000000000002a9b8        0x4 _build/ble_advdata.o
 .text.sd_ble_gap_device_name_get
                0x000000000002a9bc        0x4 _build/ble_advdata.o
 .text.sd_ble_uuid_encode
                0x000000000002a9c0        0x4 _build/ble_advdata.o
 .text.uuid_list_sized_encode
                0x000000000002a9c4       0xa4 _build/ble_advdata.o
 .text.uuid_list_encode
                0x000000000002aa68       0x34 _build/ble_advdata.o
 .text.ble_advdata_encode
                0x000000000002aa9c      0x392 _build/ble_advdata.o
                0x000000000002aa9c                ble_advdata_encode
 .text.ble_advdata_search
                0x000000000002ae2e       0x38 _build/ble_advdata.o
                0x000000000002ae2e                ble_advdata_search
 .text.ble_advdata_parse
                0x000000000002ae66       0x20 _build/ble_advdata.o
                0x000000000002ae66                ble_advdata_parse
 .text.sd_ble_gap_adv_set_configure
                0x000000000002ae86        0x4 _build/ble_advertising.o
 .text.sd_ble_gap_adv_start
                0x000000000002ae8a        0x4 _build/ble_advertising.o
 .text.flags_set
                0x000000000002ae8e       0x2c _build/ble_advertising.o
 .text.ble_advertising_conn_cfg_tag_set
                0x000000000002aeba        0x6 _build/ble_advertising.o
                0x000000000002aeba                ble_advertising_conn_cfg_tag_set
 .text.ble_advertising_init
                0x000000000002aec0       0xfe _build/ble_advertising.o
                0x000000000002aec0                ble_advertising_init
 .text.ble_advertising_start
                0x000000000002afbe      0x21c _build/ble_advertising.o
                0x000000000002afbe                ble_advertising_start
 .text.ble_advertising_on_ble_evt
                0x000000000002b1da       0x6a _build/ble_advertising.o
                0x000000000002b1da                ble_advertising_on_ble_evt
 .text.ble_advertising_on_sys_evt
                0x000000000002b244        0x2 _build/ble_advertising.o
                0x000000000002b244                ble_advertising_on_sys_evt
 .text.sd_ble_gap_conn_param_update
                0x000000000002b246        0x4 _build/ble_conn_params.o
 .text.sd_ble_gap_disconnect
                0x000000000002b24a        0x4 _build/ble_conn_params.o
 .text.sd_ble_gap_ppcp_set
                0x000000000002b24e        0x4 _build/ble_conn_params.o
 .text.sd_ble_gap_ppcp_get
                0x000000000002b252        0x4 _build/ble_conn_params.o
 *fill*         0x000000000002b256        0x2 
 .text.instance_get
                0x000000000002b258       0x14 _build/ble_conn_params.o
 .text.send_error_evt
                0x000000000002b26c       0x10 _build/ble_conn_params.o
 .text.update_timeout_handler
                0x000000000002b27c       0x6c _build/ble_conn_params.o
 .text.conn_params_negotiation
                0x000000000002b2e8       0x48 _build/ble_conn_params.o
 .text.is_conn_params_ok.constprop.3
                0x000000000002b330       0x3a _build/ble_conn_params.o
 *fill*         0x000000000002b36a        0x2 
 .text.ble_evt_handler
                0x000000000002b36c       0xe0 _build/ble_conn_params.o
 .text.ble_conn_params_init
                0x000000000002b44c       0x74 _build/ble_conn_params.o
                0x000000000002b44c                ble_conn_params_init
 .text.ble_srv_is_notification_enabled
                0x000000000002b4c0        0x8 _build/ble_srv_common.o
                0x000000000002b4c0                ble_srv_is_notification_enabled
 .text.sd_ble_gap_data_length_update
                0x000000000002b4c8        0x4 _build/nrf_ble_gatt.o
 .text.sd_ble_gattc_exchange_mtu_request
                0x000000000002b4cc        0x4 _build/nrf_ble_gatt.o
 .text.sd_ble_gatts_exchange_mtu_reply
                0x000000000002b4d0        0x4 _build/nrf_ble_gatt.o
 .text.data_length_update
                0x000000000002b4d4       0x7c _build/nrf_ble_gatt.o
 .text.nrf_ble_gatt_init
                0x000000000002b550       0x2a _build/nrf_ble_gatt.o
                0x000000000002b550                nrf_ble_gatt_init
 *fill*         0x000000000002b57a        0x2 
 .text.nrf_ble_gatt_on_ble_evt
                0x000000000002b57c      0x1b0 _build/nrf_ble_gatt.o
                0x000000000002b57c                nrf_ble_gatt_on_ble_evt
 .text.sd_ble_gatts_rw_authorize_reply
                0x000000000002b72c        0x4 _build/nrf_ble_qwr.o
 .text.sd_ble_user_mem_reply
                0x000000000002b730        0x4 _build/nrf_ble_qwr.o
 .text.user_mem_reply.part.0
                0x000000000002b734       0x24 _build/nrf_ble_qwr.o
 .text.nrf_ble_qwr_init
                0x000000000002b758       0x24 _build/nrf_ble_qwr.o
                0x000000000002b758                nrf_ble_qwr_init
 .text.nrf_ble_qwr_conn_handle_assign
                0x000000000002b77c       0x16 _build/nrf_ble_qwr.o
                0x000000000002b77c                nrf_ble_qwr_conn_handle_assign
 .text.nrf_ble_qwr_on_ble_evt
                0x000000000002b792       0xa0 _build/nrf_ble_qwr.o
                0x000000000002b792                nrf_ble_qwr_on_ble_evt
 .text.sd_softdevice_enable
                0x000000000002b832        0x4 _build/nrf_sdh.o
 *fill*         0x000000000002b836        0x2 
 .text.sdh_request_observer_notify
                0x000000000002b838       0x30 _build/nrf_sdh.o
 .text.sdh_state_observer_notify
                0x000000000002b868       0x28 _build/nrf_sdh.o
 .text.softdevices_evt_irq_enable
                0x000000000002b890       0x40 _build/nrf_sdh.o
 .text.nrf_sdh_enable_request
                0x000000000002b8d0       0x78 _build/nrf_sdh.o
                0x000000000002b8d0                nrf_sdh_enable_request
 .text.nrf_sdh_is_enabled
                0x000000000002b948        0xc _build/nrf_sdh.o
                0x000000000002b948                nrf_sdh_is_enabled
 .text.nrf_sdh_evts_poll
                0x000000000002b954       0x28 _build/nrf_sdh.o
                0x000000000002b954                nrf_sdh_evts_poll
 .text.SWI2_EGU2_IRQHandler
                0x000000000002b97c        0x4 _build/nrf_sdh.o
                0x000000000002b97c                SWI2_EGU2_IRQHandler
 .text.sd_ble_enable
                0x000000000002b980        0x4 _build/nrf_sdh_ble.o
 .text.sd_ble_cfg_set
                0x000000000002b984        0x4 _build/nrf_sdh_ble.o
 .text.sd_ble_evt_get
                0x000000000002b988        0x4 _build/nrf_sdh_ble.o
 .text.nrf_sdh_ble_evts_poll.part.0
                0x000000000002b98c       0x58 _build/nrf_sdh_ble.o
 .text.nrf_sdh_ble_evts_poll
                0x000000000002b9e4       0x10 _build/nrf_sdh_ble.o
 .text.nrf_sdh_ble_default_cfg_set
                0x000000000002b9f4      0x1a4 _build/nrf_sdh_ble.o
                0x000000000002b9f4                nrf_sdh_ble_default_cfg_set
 .text.nrf_sdh_ble_enable
                0x000000000002bb98       0x94 _build/nrf_sdh_ble.o
                0x000000000002bb98                nrf_sdh_ble_enable
 .text.sd_ble_gap_addr_set
                0x000000000002bc2c        0x4 _build/simple_ble.o
 .text.sd_ble_gap_disconnect
                0x000000000002bc30        0x4 _build/simple_ble.o
 .text.sd_ble_gap_appearance_set
                0x000000000002bc34        0x4 _build/simple_ble.o
 .text.sd_ble_gap_ppcp_set
                0x000000000002bc38        0x4 _build/simple_ble.o
 .text.sd_ble_gap_device_name_set
                0x000000000002bc3c        0x4 _build/simple_ble.o
 .text.sd_ble_gap_sec_params_reply
                0x000000000002bc40        0x4 _build/simple_ble.o
 .text.sd_ble_gap_sec_info_reply
                0x000000000002bc44        0x4 _build/simple_ble.o
 .text.sd_ble_gap_scan_start
                0x000000000002bc48        0x4 _build/simple_ble.o
 .text.sd_ble_gap_phy_update
                0x000000000002bc4c        0x4 _build/simple_ble.o
 .text.sd_ble_gatts_service_add
                0x000000000002bc50        0x4 _build/simple_ble.o
 .text.sd_ble_gatts_characteristic_add
                0x000000000002bc54        0x4 _build/simple_ble.o
 .text.sd_ble_gatts_sys_attr_set
                0x000000000002bc58        0x4 _build/simple_ble.o
 .text.sd_ble_uuid_vs_add
                0x000000000002bc5c        0x4 _build/simple_ble.o
 .text.sd_power_system_off
                0x000000000002bc60        0x4 _build/simple_ble.o
 .text.sd_app_evt_wait
                0x000000000002bc64        0x4 _build/simple_ble.o
 .text.on_adv_evt
                0x000000000002bc68        0x2 _build/simple_ble.o
 *fill*         0x000000000002bc6a        0x2 
 .text.on_ble_evt
                0x000000000002bc6c      0x1d0 _build/simple_ble.o
 .text.conn_params_error_handler
                0x000000000002be3c       0x10 _build/simple_ble.o
 .text.on_conn_params_evt
                0x000000000002be4c       0x24 _build/simple_ble.o
 .text.qwr_error_handler
                0x000000000002be70       0x10 _build/simple_ble.o
 .text.assert_nrf_callback
                0x000000000002be80       0x20 _build/simple_ble.o
                0x000000000002be80                assert_nrf_callback
 .text.ble_address_set
                0x000000000002bea0       0x78 _build/simple_ble.o
                0x000000000002bea0                ble_address_set
 .text.ble_stack_init
                0x000000000002bf18       0x4c _build/simple_ble.o
                0x000000000002bf18                ble_stack_init
 .text.gap_params_init
                0x000000000002bf64       0x90 _build/simple_ble.o
                0x000000000002bf64                gap_params_init
 .text.advertising_init
                0x000000000002bff4       0x70 _build/simple_ble.o
                0x000000000002bff4                advertising_init
 .text.conn_params_init
                0x000000000002c064       0x5c _build/simple_ble.o
                0x000000000002c064                conn_params_init
 .text.services_init
                0x000000000002c0c0       0x30 _build/simple_ble.o
                0x000000000002c0c0                services_init
 .text.initialize_app_timer
                0x000000000002c0f0       0x18 _build/simple_ble.o
                0x000000000002c0f0                initialize_app_timer
 .text.power_manage
                0x000000000002c108       0x18 _build/simple_ble.o
                0x000000000002c108                power_manage
 .text.simple_ble_init
                0x000000000002c120       0x90 _build/simple_ble.o
                0x000000000002c120                simple_ble_init
 .text.simple_ble_add_service
                0x000000000002c1b0       0x48 _build/simple_ble.o
                0x000000000002c1b0                simple_ble_add_service
 .text.simple_ble_add_characteristic
                0x000000000002c1f8      0x10c _build/simple_ble.o
                0x000000000002c1f8                simple_ble_add_characteristic
 .text.errata_12
                0x000000000002c304       0x40 _build/system_nrf52.o
 .text.errata_16
                0x000000000002c344       0x34 _build/system_nrf52.o
 .text.SystemInit
                0x000000000002c378      0x25c _build/system_nrf52.o
                0x000000000002c378                SystemInit
 .text          0x000000000002c5d4       0x3c _build/gcc_startup_nrf52.os
                0x000000000002c5d4                Reset_Handler
                0x000000000002c5fc                NMI_Handler
                0x000000000002c600                MemoryManagement_Handler
                0x000000000002c602                BusFault_Handler
                0x000000000002c604                UsageFault_Handler
                0x000000000002c606                SVC_Handler
                0x000000000002c608                DebugMon_Handler
                0x000000000002c60a                PendSV_Handler
                0x000000000002c60c                SysTick_Handler
                0x000000000002c60e                TIMER2_IRQHandler
                0x000000000002c60e                RTC0_IRQHandler
                0x000000000002c60e                RADIO_IRQHandler
                0x000000000002c60e                PDM_IRQHandler
                0x000000000002c60e                TEMP_IRQHandler
                0x000000000002c60e                QDEC_IRQHandler
                0x000000000002c60e                TIMER3_IRQHandler
                0x000000000002c60e                FPU_IRQHandler
                0x000000000002c60e                TIMER4_IRQHandler
                0x000000000002c60e                I2S_IRQHandler
                0x000000000002c60e                SWI4_EGU4_IRQHandler
                0x000000000002c60e                ECB_IRQHandler
                0x000000000002c60e                Default_Handler
                0x000000000002c60e                CCM_AAR_IRQHandler
                0x000000000002c60e                WDT_IRQHandler
                0x000000000002c60e                SWI5_EGU5_IRQHandler
                0x000000000002c60e                RNG_IRQHandler
                0x000000000002c60e                RTC2_IRQHandler
                0x000000000002c60e                SWI3_EGU3_IRQHandler
                0x000000000002c60e                SWI1_EGU1_IRQHandler
                0x000000000002c60e                SPIM2_SPIS2_SPI2_IRQHandler
                0x000000000002c60e                NFCT_IRQHandler
                0x000000000002c60e                MWU_IRQHandler
                0x000000000002c60e                COMP_LPCOMP_IRQHandler
 .text.exit     0x000000000002c610       0x20 /usr/bin/../lib/gcc/arm-none-eabi/7.3.1/../../../../arm-none-eabi/lib/thumb/v7e-m/fpv4-sp/hard/libc.a(lib_a-exit.o)
                0x000000000002c610                exit
 .text.__libc_init_array
                0x000000000002c630       0x48 /usr/bin/../lib/gcc/arm-none-eabi/7.3.1/../../../../arm-none-eabi/lib/thumb/v7e-m/fpv4-sp/hard/libc.a(lib_a-init.o)
                0x000000000002c630                __libc_init_array
 .text.__locale_mb_cur_max
                0x000000000002c678       0x1c /usr/bin/../lib/gcc/arm-none-eabi/7.3.1/../../../../arm-none-eabi/lib/thumb/v7e-m/fpv4-sp/hard/libc.a(lib_a-locale.o)
                0x000000000002c678                __locale_mb_cur_max
 .text.__locale_ctype_ptr
                0x000000000002c694       0x1c /usr/bin/../lib/gcc/arm-none-eabi/7.3.1/../../../../arm-none-eabi/lib/thumb/v7e-m/fpv4-sp/hard/libc.a(lib_a-locale.o)
                0x000000000002c694                __locale_ctype_ptr
 .text.__ascii_mbtowc
                0x000000000002c6b0       0x2c /usr/bin/../lib/gcc/arm-none-eabi/7.3.1/../../../../arm-none-eabi/lib/thumb/v7e-m/fpv4-sp/hard/libc.a(lib_a-mbtowc_r.o)
                0x000000000002c6b0                __ascii_mbtowc
 .text          0x000000000002c6dc      0x134 /usr/bin/../lib/gcc/arm-none-eabi/7.3.1/../../../../arm-none-eabi/lib/thumb/v7e-m/fpv4-sp/hard/libc.a(lib_a-memcpy.o)
                0x000000000002c6dc                memcpy
 .text.memset   0x000000000002c810       0x94 /usr/bin/../lib/gcc/arm-none-eabi/7.3.1/../../../../arm-none-eabi/lib/thumb/v7e-m/fpv4-sp/hard/libc.a(lib_a-memset.o)
                0x000000000002c810                memset
 .text.printf   0x000000000002c8a4       0x28 /usr/bin/../lib/gcc/arm-none-eabi/7.3.1/../../../../arm-none-eabi/lib/thumb/v7e-m/fpv4-sp/hard/libc.a(lib_a-printf.o)
                0x000000000002c8a4                printf
 .text.setbuf   0x000000000002c8cc       0x10 /usr/bin/../lib/gcc/arm-none-eabi/7.3.1/../../../../arm-none-eabi/lib/thumb/v7e-m/fpv4-sp/hard/libc.a(lib_a-setbuf.o)
                0x000000000002c8cc                setbuf
 .text.setvbuf  0x000000000002c8dc      0x180 /usr/bin/../lib/gcc/arm-none-eabi/7.3.1/../../../../arm-none-eabi/lib/thumb/v7e-m/fpv4-sp/hard/libc.a(lib_a-setvbuf.o)
                0x000000000002c8dc                setvbuf
 .text.strcpy   0x000000000002ca5c       0xbc /usr/bin/../lib/gcc/arm-none-eabi/7.3.1/../../../../arm-none-eabi/lib/thumb/v7e-m/fpv4-sp/hard/libc.a(lib_a-strcpy.o)
                0x000000000002ca5c                strcpy
 *fill*         0x000000000002cb18       0x28 
 .text          0x000000000002cb40       0xdc /usr/bin/../lib/gcc/arm-none-eabi/7.3.1/../../../../arm-none-eabi/lib/thumb/v7e-m/fpv4-sp/hard/libc.a(lib_a-strlen.o)
                0x000000000002cb40                strlen
 *fill*         0x000000000002cc1c        0x4 
 .text._vfprintf_r
                0x000000000002cc20     0x1a7c /usr/bin/../lib/gcc/arm-none-eabi/7.3.1/../../../../arm-none-eabi/lib/thumb/v7e-m/fpv4-sp/hard/libc.a(lib_a-vfprintf.o)
                0x000000000002cc20                _vfprintf_r
 .text.__sbprintf
                0x000000000002e69c       0x84 /usr/bin/../lib/gcc/arm-none-eabi/7.3.1/../../../../arm-none-eabi/lib/thumb/v7e-m/fpv4-sp/hard/libc.a(lib_a-vfprintf.o)
 .text.__ascii_wctomb
                0x000000000002e720       0x1c /usr/bin/../lib/gcc/arm-none-eabi/7.3.1/../../../../arm-none-eabi/lib/thumb/v7e-m/fpv4-sp/hard/libc.a(lib_a-wctomb_r.o)
                0x000000000002e720                __ascii_wctomb
 .text.__swsetup_r
                0x000000000002e73c       0xcc /usr/bin/../lib/gcc/arm-none-eabi/7.3.1/../../../../arm-none-eabi/lib/thumb/v7e-m/fpv4-sp/hard/libc.a(lib_a-wsetup.o)
                0x000000000002e73c                __swsetup_r
 .text.startup.register_fini
                0x000000000002e808       0x14 /usr/bin/../lib/gcc/arm-none-eabi/7.3.1/../../../../arm-none-eabi/lib/thumb/v7e-m/fpv4-sp/hard/libc.a(lib_a-__call_atexit.o)
 .text.__call_exitprocs
                0x000000000002e81c       0xe8 /usr/bin/../lib/gcc/arm-none-eabi/7.3.1/../../../../arm-none-eabi/lib/thumb/v7e-m/fpv4-sp/hard/libc.a(lib_a-__call_atexit.o)
                0x000000000002e81c                __call_exitprocs
 .text.atexit   0x000000000002e904        0xc /usr/bin/../lib/gcc/arm-none-eabi/7.3.1/../../../../arm-none-eabi/lib/thumb/v7e-m/fpv4-sp/hard/libc.a(lib_a-atexit.o)
                0x000000000002e904                atexit
 .text.quorem   0x000000000002e910      0x124 /usr/bin/../lib/gcc/arm-none-eabi/7.3.1/../../../../arm-none-eabi/lib/thumb/v7e-m/fpv4-sp/hard/libc.a(lib_a-dtoa.o)
 *fill*         0x000000000002ea34        0x4 
 .text._dtoa_r  0x000000000002ea38      0xe20 /usr/bin/../lib/gcc/arm-none-eabi/7.3.1/../../../../arm-none-eabi/lib/thumb/v7e-m/fpv4-sp/hard/libc.a(lib_a-dtoa.o)
                0x000000000002ea38                _dtoa_r
 .text.__sflush_r
                0x000000000002f858      0x154 /usr/bin/../lib/gcc/arm-none-eabi/7.3.1/../../../../arm-none-eabi/lib/thumb/v7e-m/fpv4-sp/hard/libc.a(lib_a-fflush.o)
                0x000000000002f858                __sflush_r
 .text._fflush_r
                0x000000000002f9ac       0x5c /usr/bin/../lib/gcc/arm-none-eabi/7.3.1/../../../../arm-none-eabi/lib/thumb/v7e-m/fpv4-sp/hard/libc.a(lib_a-fflush.o)
                0x000000000002f9ac                _fflush_r
 .text.std      0x000000000002fa08       0x50 /usr/bin/../lib/gcc/arm-none-eabi/7.3.1/../../../../arm-none-eabi/lib/thumb/v7e-m/fpv4-sp/hard/libc.a(lib_a-findfp.o)
 .text._cleanup_r
                0x000000000002fa58        0xc /usr/bin/../lib/gcc/arm-none-eabi/7.3.1/../../../../arm-none-eabi/lib/thumb/v7e-m/fpv4-sp/hard/libc.a(lib_a-findfp.o)
                0x000000000002fa58                _cleanup_r
 .text.__sinit  0x000000000002fa64       0x58 /usr/bin/../lib/gcc/arm-none-eabi/7.3.1/../../../../arm-none-eabi/lib/thumb/v7e-m/fpv4-sp/hard/libc.a(lib_a-findfp.o)
                0x000000000002fa64                __sinit
 .text.__sfp_lock_acquire
                0x000000000002fabc        0xc /usr/bin/../lib/gcc/arm-none-eabi/7.3.1/../../../../arm-none-eabi/lib/thumb/v7e-m/fpv4-sp/hard/libc.a(lib_a-findfp.o)
                0x000000000002fabc                __sfp_lock_acquire
 .text.__sfp_lock_release
                0x000000000002fac8        0xc /usr/bin/../lib/gcc/arm-none-eabi/7.3.1/../../../../arm-none-eabi/lib/thumb/v7e-m/fpv4-sp/hard/libc.a(lib_a-findfp.o)
                0x000000000002fac8                __sfp_lock_release
 .text.__libc_fini_array
                0x000000000002fad4       0x34 /usr/bin/../lib/gcc/arm-none-eabi/7.3.1/../../../../arm-none-eabi/lib/thumb/v7e-m/fpv4-sp/hard/libc.a(lib_a-fini.o)
                0x000000000002fad4                __libc_fini_array
 .text._malloc_trim_r
                0x000000000002fb08       0xa0 /usr/bin/../lib/gcc/arm-none-eabi/7.3.1/../../../../arm-none-eabi/lib/thumb/v7e-m/fpv4-sp/hard/libc.a(lib_a-freer.o)
                0x000000000002fb08                _malloc_trim_r
 .text._free_r  0x000000000002fba8      0x1e8 /usr/bin/../lib/gcc/arm-none-eabi/7.3.1/../../../../arm-none-eabi/lib/thumb/v7e-m/fpv4-sp/hard/libc.a(lib_a-freer.o)
                0x000000000002fba8                _free_r
 .text._fwalk_reent
                0x000000000002fd90       0x54 /usr/bin/../lib/gcc/arm-none-eabi/7.3.1/../../../../arm-none-eabi/lib/thumb/v7e-m/fpv4-sp/hard/libc.a(lib_a-fwalk.o)
                0x000000000002fd90                _fwalk_reent
 .text._localeconv_r
                0x000000000002fde4       0x1c /usr/bin/../lib/gcc/arm-none-eabi/7.3.1/../../../../arm-none-eabi/lib/thumb/v7e-m/fpv4-sp/hard/libc.a(lib_a-localeconv.o)
                0x000000000002fde4                _localeconv_r
 .text.__retarget_lock_init_recursive
                0x000000000002fe00        0x4 /usr/bin/../lib/gcc/arm-none-eabi/7.3.1/../../../../arm-none-eabi/lib/thumb/v7e-m/fpv4-sp/hard/libc.a(lib_a-lock.o)
                0x000000000002fe00                __retarget_lock_init_recursive
 .text.__retarget_lock_close_recursive
                0x000000000002fe04        0x4 /usr/bin/../lib/gcc/arm-none-eabi/7.3.1/../../../../arm-none-eabi/lib/thumb/v7e-m/fpv4-sp/hard/libc.a(lib_a-lock.o)
                0x000000000002fe04                __retarget_lock_close_recursive
 .text.__retarget_lock_acquire_recursive
                0x000000000002fe08        0x4 /usr/bin/../lib/gcc/arm-none-eabi/7.3.1/../../../../arm-none-eabi/lib/thumb/v7e-m/fpv4-sp/hard/libc.a(lib_a-lock.o)
                0x000000000002fe08                __retarget_lock_acquire_recursive
 .text.__retarget_lock_release_recursive
                0x000000000002fe0c        0x4 /usr/bin/../lib/gcc/arm-none-eabi/7.3.1/../../../../arm-none-eabi/lib/thumb/v7e-m/fpv4-sp/hard/libc.a(lib_a-lock.o)
                0x000000000002fe0c                __retarget_lock_release_recursive
 .text.__swhatbuf_r
                0x000000000002fe10       0x5c /usr/bin/../lib/gcc/arm-none-eabi/7.3.1/../../../../arm-none-eabi/lib/thumb/v7e-m/fpv4-sp/hard/libc.a(lib_a-makebuf.o)
                0x000000000002fe10                __swhatbuf_r
 .text.__smakebuf_r
                0x000000000002fe6c       0x94 /usr/bin/../lib/gcc/arm-none-eabi/7.3.1/../../../../arm-none-eabi/lib/thumb/v7e-m/fpv4-sp/hard/libc.a(lib_a-makebuf.o)
                0x000000000002fe6c                __smakebuf_r
 .text.malloc   0x000000000002ff00       0x10 /usr/bin/../lib/gcc/arm-none-eabi/7.3.1/../../../../arm-none-eabi/lib/thumb/v7e-m/fpv4-sp/hard/libc.a(lib_a-malloc.o)
                0x000000000002ff00                malloc
 .text.free     0x000000000002ff10       0x10 /usr/bin/../lib/gcc/arm-none-eabi/7.3.1/../../../../arm-none-eabi/lib/thumb/v7e-m/fpv4-sp/hard/libc.a(lib_a-malloc.o)
                0x000000000002ff10                free
 .text._malloc_r
                0x000000000002ff20      0x548 /usr/bin/../lib/gcc/arm-none-eabi/7.3.1/../../../../arm-none-eabi/lib/thumb/v7e-m/fpv4-sp/hard/libc.a(lib_a-mallocr.o)
                0x000000000002ff20                _malloc_r
 *fill*         0x0000000000030468        0x8 
 .text          0x0000000000030470       0xa0 /usr/bin/../lib/gcc/arm-none-eabi/7.3.1/../../../../arm-none-eabi/lib/thumb/v7e-m/fpv4-sp/hard/libc.a(lib_a-memchr.o)
                0x0000000000030470                memchr
 .text.__malloc_lock
                0x0000000000030510        0xc /usr/bin/../lib/gcc/arm-none-eabi/7.3.1/../../../../arm-none-eabi/lib/thumb/v7e-m/fpv4-sp/hard/libc.a(lib_a-mlock.o)
                0x0000000000030510                __malloc_lock
 .text.__malloc_unlock
                0x000000000003051c        0xc /usr/bin/../lib/gcc/arm-none-eabi/7.3.1/../../../../arm-none-eabi/lib/thumb/v7e-m/fpv4-sp/hard/libc.a(lib_a-mlock.o)
                0x000000000003051c                __malloc_unlock
 .text._Balloc  0x0000000000030528       0x4c /usr/bin/../lib/gcc/arm-none-eabi/7.3.1/../../../../arm-none-eabi/lib/thumb/v7e-m/fpv4-sp/hard/libc.a(lib_a-mprec.o)
                0x0000000000030528                _Balloc
 .text._Bfree   0x0000000000030574       0x14 /usr/bin/../lib/gcc/arm-none-eabi/7.3.1/../../../../arm-none-eabi/lib/thumb/v7e-m/fpv4-sp/hard/libc.a(lib_a-mprec.o)
                0x0000000000030574                _Bfree
 .text.__multadd
                0x0000000000030588       0x80 /usr/bin/../lib/gcc/arm-none-eabi/7.3.1/../../../../arm-none-eabi/lib/thumb/v7e-m/fpv4-sp/hard/libc.a(lib_a-mprec.o)
                0x0000000000030588                __multadd
 .text.__hi0bits
                0x0000000000030608       0x40 /usr/bin/../lib/gcc/arm-none-eabi/7.3.1/../../../../arm-none-eabi/lib/thumb/v7e-m/fpv4-sp/hard/libc.a(lib_a-mprec.o)
                0x0000000000030608                __hi0bits
 .text.__lo0bits
                0x0000000000030648       0x60 /usr/bin/../lib/gcc/arm-none-eabi/7.3.1/../../../../arm-none-eabi/lib/thumb/v7e-m/fpv4-sp/hard/libc.a(lib_a-mprec.o)
                0x0000000000030648                __lo0bits
 .text.__i2b    0x00000000000306a8       0x14 /usr/bin/../lib/gcc/arm-none-eabi/7.3.1/../../../../arm-none-eabi/lib/thumb/v7e-m/fpv4-sp/hard/libc.a(lib_a-mprec.o)
                0x00000000000306a8                __i2b
 .text.__multiply
                0x00000000000306bc      0x14c /usr/bin/../lib/gcc/arm-none-eabi/7.3.1/../../../../arm-none-eabi/lib/thumb/v7e-m/fpv4-sp/hard/libc.a(lib_a-mprec.o)
                0x00000000000306bc                __multiply
 .text.__pow5mult
                0x0000000000030808       0xa0 /usr/bin/../lib/gcc/arm-none-eabi/7.3.1/../../../../arm-none-eabi/lib/thumb/v7e-m/fpv4-sp/hard/libc.a(lib_a-mprec.o)
                0x0000000000030808                __pow5mult
 .text.__lshift
                0x00000000000308a8       0xac /usr/bin/../lib/gcc/arm-none-eabi/7.3.1/../../../../arm-none-eabi/lib/thumb/v7e-m/fpv4-sp/hard/libc.a(lib_a-mprec.o)
                0x00000000000308a8                __lshift
 .text.__mcmp   0x0000000000030954       0x38 /usr/bin/../lib/gcc/arm-none-eabi/7.3.1/../../../../arm-none-eabi/lib/thumb/v7e-m/fpv4-sp/hard/libc.a(lib_a-mprec.o)
                0x0000000000030954                __mcmp
 .text.__mdiff  0x000000000003098c       0xec /usr/bin/../lib/gcc/arm-none-eabi/7.3.1/../../../../arm-none-eabi/lib/thumb/v7e-m/fpv4-sp/hard/libc.a(lib_a-mprec.o)
                0x000000000003098c                __mdiff
 .text.__d2b    0x0000000000030a78       0xc4 /usr/bin/../lib/gcc/arm-none-eabi/7.3.1/../../../../arm-none-eabi/lib/thumb/v7e-m/fpv4-sp/hard/libc.a(lib_a-mprec.o)
                0x0000000000030a78                __d2b
 .text.frexp    0x0000000000030b3c       0x68 /usr/bin/../lib/gcc/arm-none-eabi/7.3.1/../../../../arm-none-eabi/lib/thumb/v7e-m/fpv4-sp/hard/libc.a(lib_a-s_frexp.o)
                0x0000000000030b3c                frexp
 .text._sbrk_r  0x0000000000030ba4       0x24 /usr/bin/../lib/gcc/arm-none-eabi/7.3.1/../../../../arm-none-eabi/lib/thumb/v7e-m/fpv4-sp/hard/libc.a(lib_a-sbrkr.o)
                0x0000000000030ba4                _sbrk_r
 .text.__sread  0x0000000000030bc8       0x24 /usr/bin/../lib/gcc/arm-none-eabi/7.3.1/../../../../arm-none-eabi/lib/thumb/v7e-m/fpv4-sp/hard/libc.a(lib_a-stdio.o)
                0x0000000000030bc8                __sread
 .text.__swrite
                0x0000000000030bec       0x3c /usr/bin/../lib/gcc/arm-none-eabi/7.3.1/../../../../arm-none-eabi/lib/thumb/v7e-m/fpv4-sp/hard/libc.a(lib_a-stdio.o)
                0x0000000000030bec                __swrite
 .text.__sseek  0x0000000000030c28       0x20 /usr/bin/../lib/gcc/arm-none-eabi/7.3.1/../../../../arm-none-eabi/lib/thumb/v7e-m/fpv4-sp/hard/libc.a(lib_a-stdio.o)
                0x0000000000030c28                __sseek
 .text.__sclose
                0x0000000000030c48        0x8 /usr/bin/../lib/gcc/arm-none-eabi/7.3.1/../../../../arm-none-eabi/lib/thumb/v7e-m/fpv4-sp/hard/libc.a(lib_a-stdio.o)
                0x0000000000030c48                __sclose
 .text.strncpy  0x0000000000030c50       0x64 /usr/bin/../lib/gcc/arm-none-eabi/7.3.1/../../../../arm-none-eabi/lib/thumb/v7e-m/fpv4-sp/hard/libc.a(lib_a-strncpy.o)
                0x0000000000030c50                strncpy
 .text.__sprint_r.part.0
                0x0000000000030cb4       0x78 /usr/bin/../lib/gcc/arm-none-eabi/7.3.1/../../../../arm-none-eabi/lib/thumb/v7e-m/fpv4-sp/hard/libc.a(lib_a-vfiprintf.o)
 .text.__sprint_r
                0x0000000000030d2c       0x14 /usr/bin/../lib/gcc/arm-none-eabi/7.3.1/../../../../arm-none-eabi/lib/thumb/v7e-m/fpv4-sp/hard/libc.a(lib_a-vfiprintf.o)
                0x0000000000030d2c                __sprint_r
 .text.__register_exitproc
                0x0000000000030d40       0xc0 /usr/bin/../lib/gcc/arm-none-eabi/7.3.1/../../../../arm-none-eabi/lib/thumb/v7e-m/fpv4-sp/hard/libc.a(lib_a-__atexit.o)
                0x0000000000030d40                __register_exitproc
 .text._calloc_r
                0x0000000000030e00       0x68 /usr/bin/../lib/gcc/arm-none-eabi/7.3.1/../../../../arm-none-eabi/lib/thumb/v7e-m/fpv4-sp/hard/libc.a(lib_a-callocr.o)
                0x0000000000030e00                _calloc_r
 .text._close_r
                0x0000000000030e68       0x24 /usr/bin/../lib/gcc/arm-none-eabi/7.3.1/../../../../arm-none-eabi/lib/thumb/v7e-m/fpv4-sp/hard/libc.a(lib_a-closer.o)
                0x0000000000030e68                _close_r
 .text._fclose_r
                0x0000000000030e8c       0xd0 /usr/bin/../lib/gcc/arm-none-eabi/7.3.1/../../../../arm-none-eabi/lib/thumb/v7e-m/fpv4-sp/hard/libc.a(lib_a-fclose.o)
                0x0000000000030e8c                _fclose_r
 .text.__fputwc
                0x0000000000030f5c       0xa0 /usr/bin/../lib/gcc/arm-none-eabi/7.3.1/../../../../arm-none-eabi/lib/thumb/v7e-m/fpv4-sp/hard/libc.a(lib_a-fputwc.o)
                0x0000000000030f5c                __fputwc
 .text._fputwc_r
                0x0000000000030ffc       0x64 /usr/bin/../lib/gcc/arm-none-eabi/7.3.1/../../../../arm-none-eabi/lib/thumb/v7e-m/fpv4-sp/hard/libc.a(lib_a-fputwc.o)
                0x0000000000030ffc                _fputwc_r
 .text._fstat_r
                0x0000000000031060       0x28 /usr/bin/../lib/gcc/arm-none-eabi/7.3.1/../../../../arm-none-eabi/lib/thumb/v7e-m/fpv4-sp/hard/libc.a(lib_a-fstatr.o)
                0x0000000000031060                _fstat_r
 .text.__sfvwrite_r
                0x0000000000031088      0x2fc /usr/bin/../lib/gcc/arm-none-eabi/7.3.1/../../../../arm-none-eabi/lib/thumb/v7e-m/fpv4-sp/hard/libc.a(lib_a-fvwrite.o)
                0x0000000000031088                __sfvwrite_r
 .text._isatty_r
                0x0000000000031384       0x24 /usr/bin/../lib/gcc/arm-none-eabi/7.3.1/../../../../arm-none-eabi/lib/thumb/v7e-m/fpv4-sp/hard/libc.a(lib_a-isattyr.o)
                0x0000000000031384                _isatty_r
 .text._lseek_r
                0x00000000000313a8       0x2c /usr/bin/../lib/gcc/arm-none-eabi/7.3.1/../../../../arm-none-eabi/lib/thumb/v7e-m/fpv4-sp/hard/libc.a(lib_a-lseekr.o)
                0x00000000000313a8                _lseek_r
 .text.memmove  0x00000000000313d4       0xc8 /usr/bin/../lib/gcc/arm-none-eabi/7.3.1/../../../../arm-none-eabi/lib/thumb/v7e-m/fpv4-sp/hard/libc.a(lib_a-memmove.o)
                0x00000000000313d4                memmove
 .text._read_r  0x000000000003149c       0x2c /usr/bin/../lib/gcc/arm-none-eabi/7.3.1/../../../../arm-none-eabi/lib/thumb/v7e-m/fpv4-sp/hard/libc.a(lib_a-readr.o)
                0x000000000003149c                _read_r
 .text._realloc_r
                0x00000000000314c8      0x35c /usr/bin/../lib/gcc/arm-none-eabi/7.3.1/../../../../arm-none-eabi/lib/thumb/v7e-m/fpv4-sp/hard/libc.a(lib_a-reallocr.o)
                0x00000000000314c8                _realloc_r
 .text.__swbuf_r
                0x0000000000031824       0xb0 /usr/bin/../lib/gcc/arm-none-eabi/7.3.1/../../../../arm-none-eabi/lib/thumb/v7e-m/fpv4-sp/hard/libc.a(lib_a-wbuf.o)
                0x0000000000031824                __swbuf_r
 .text._wcrtomb_r
                0x00000000000318d4       0x50 /usr/bin/../lib/gcc/arm-none-eabi/7.3.1/../../../../arm-none-eabi/lib/thumb/v7e-m/fpv4-sp/hard/libc.a(lib_a-wcrtomb.o)
                0x00000000000318d4                _wcrtomb_r
 .text._close   0x0000000000031924       0x10 /usr/bin/../lib/gcc/arm-none-eabi/7.3.1/../../../../arm-none-eabi/lib/thumb/v7e-m/fpv4-sp/hard/libnosys.a(close.o)
                0x0000000000031924                _close
 .text._fstat   0x0000000000031934       0x10 /usr/bin/../lib/gcc/arm-none-eabi/7.3.1/../../../../arm-none-eabi/lib/thumb/v7e-m/fpv4-sp/hard/libnosys.a(fstat.o)
                0x0000000000031934                _fstat
 .text._isatty  0x0000000000031944       0x10 /usr/bin/../lib/gcc/arm-none-eabi/7.3.1/../../../../arm-none-eabi/lib/thumb/v7e-m/fpv4-sp/hard/libnosys.a(isatty.o)
                0x0000000000031944                _isatty
 .text._lseek   0x0000000000031954       0x10 /usr/bin/../lib/gcc/arm-none-eabi/7.3.1/../../../../arm-none-eabi/lib/thumb/v7e-m/fpv4-sp/hard/libnosys.a(lseek.o)
                0x0000000000031954                _lseek
 .text._read    0x0000000000031964       0x10 /usr/bin/../lib/gcc/arm-none-eabi/7.3.1/../../../../arm-none-eabi/lib/thumb/v7e-m/fpv4-sp/hard/libnosys.a(read.o)
                0x0000000000031964                _read
 .text._sbrk    0x0000000000031974       0x1c /usr/bin/../lib/gcc/arm-none-eabi/7.3.1/../../../../arm-none-eabi/lib/thumb/v7e-m/fpv4-sp/hard/libnosys.a(sbrk.o)
                0x0000000000031974                _sbrk
 .text._exit    0x0000000000031990        0x4 /usr/bin/../lib/gcc/arm-none-eabi/7.3.1/../../../../arm-none-eabi/lib/thumb/v7e-m/fpv4-sp/hard/libnosys.a(_exit.o)
                0x0000000000031990                _exit
 *fill*         0x0000000000031994        0x4 
 .text.atan     0x0000000000031998      0x358 /usr/bin/../lib/gcc/arm-none-eabi/7.3.1/../../../../arm-none-eabi/lib/thumb/v7e-m/fpv4-sp/hard/libm.a(lib_a-s_atan.o)
                0x0000000000031998                atan
 .text.fabs     0x0000000000031cf0       0x14 /usr/bin/../lib/gcc/arm-none-eabi/7.3.1/../../../../arm-none-eabi/lib/thumb/v7e-m/fpv4-sp/hard/libm.a(lib_a-s_fabs.o)
                0x0000000000031cf0                fabs
 .text          0x0000000000031d04      0x378 /usr/bin/../lib/gcc/arm-none-eabi/7.3.1/thumb/v7e-m/fpv4-sp/hard/libgcc.a(_arm_addsubdf3.o)
                0x0000000000031d04                __aeabi_drsub
                0x0000000000031d0c                __aeabi_dsub
                0x0000000000031d0c                __subdf3
                0x0000000000031d10                __adddf3
                0x0000000000031d10                __aeabi_dadd
                0x0000000000031f88                __aeabi_ui2d
                0x0000000000031f88                __floatunsidf
                0x0000000000031fa8                __floatsidf
                0x0000000000031fa8                __aeabi_i2d
                0x0000000000031fcc                __extendsfdf2
                0x0000000000031fcc                __aeabi_f2d
                0x0000000000032010                __aeabi_ul2d
                0x0000000000032010                __floatundidf
                0x0000000000032020                __floatdidf
                0x0000000000032020                __aeabi_l2d
 .text          0x000000000003207c      0x424 /usr/bin/../lib/gcc/arm-none-eabi/7.3.1/thumb/v7e-m/fpv4-sp/hard/libgcc.a(_arm_muldivdf3.o)
                0x000000000003207c                __aeabi_dmul
                0x000000000003207c                __muldf3
                0x00000000000322d0                __aeabi_ddiv
                0x00000000000322d0                __divdf3
 .text          0x00000000000324a0      0x110 /usr/bin/../lib/gcc/arm-none-eabi/7.3.1/thumb/v7e-m/fpv4-sp/hard/libgcc.a(_arm_cmpdf2.o)
                0x00000000000324a0                __gtdf2
                0x00000000000324a0                __gedf2
                0x00000000000324a8                __ltdf2
                0x00000000000324a8                __ledf2
                0x00000000000324b0                __cmpdf2
                0x00000000000324b0                __eqdf2
                0x00000000000324b0                __nedf2
                0x000000000003252c                __aeabi_cdrcmple
                0x000000000003253c                __aeabi_cdcmple
                0x000000000003253c                __aeabi_cdcmpeq
                0x000000000003254c                __aeabi_dcmpeq
                0x0000000000032560                __aeabi_dcmplt
                0x0000000000032574                __aeabi_dcmple
                0x0000000000032588                __aeabi_dcmpge
                0x000000000003259c                __aeabi_dcmpgt
 .text          0x00000000000325b0       0x2c /usr/bin/../lib/gcc/arm-none-eabi/7.3.1/thumb/v7e-m/fpv4-sp/hard/libgcc.a(_arm_unorddf2.o)
                0x00000000000325b0                __aeabi_dcmpun
                0x00000000000325b0                __unorddf2
 .text          0x00000000000325dc       0x50 /usr/bin/../lib/gcc/arm-none-eabi/7.3.1/thumb/v7e-m/fpv4-sp/hard/libgcc.a(_arm_fixdfsi.o)
                0x00000000000325dc                __fixdfsi
                0x00000000000325dc                __aeabi_d2iz
 .text          0x000000000003262c       0x40 /usr/bin/../lib/gcc/arm-none-eabi/7.3.1/thumb/v7e-m/fpv4-sp/hard/libgcc.a(_arm_fixunsdfsi.o)
                0x000000000003262c                __fixunsdfsi
                0x000000000003262c                __aeabi_d2uiz
 .text          0x000000000003266c       0x30 /usr/bin/../lib/gcc/arm-none-eabi/7.3.1/thumb/v7e-m/fpv4-sp/hard/libgcc.a(_aeabi_uldivmod.o)
                0x000000000003266c                __aeabi_uldivmod
 .text          0x000000000003269c      0x2cc /usr/bin/../lib/gcc/arm-none-eabi/7.3.1/thumb/v7e-m/fpv4-sp/hard/libgcc.a(_udivmoddi4.o)
                0x000000000003269c                __udivmoddi4
 .text          0x0000000000032968        0x4 /usr/bin/../lib/gcc/arm-none-eabi/7.3.1/thumb/v7e-m/fpv4-sp/hard/libgcc.a(_dvmd_tls.o)
                0x0000000000032968                __aeabi_ldiv0
                0x0000000000032968                __aeabi_idiv0
 *(.init)
 .init          0x000000000003296c        0x4 /usr/bin/../lib/gcc/arm-none-eabi/7.3.1/thumb/v7e-m/fpv4-sp/hard/crti.o
                0x000000000003296c                _init
 .init          0x0000000000032970        0x8 /usr/bin/../lib/gcc/arm-none-eabi/7.3.1/thumb/v7e-m/fpv4-sp/hard/crtn.o
 *(.fini)
 .fini          0x0000000000032978        0x4 /usr/bin/../lib/gcc/arm-none-eabi/7.3.1/thumb/v7e-m/fpv4-sp/hard/crti.o
                0x0000000000032978                _fini
 .fini          0x000000000003297c        0x8 /usr/bin/../lib/gcc/arm-none-eabi/7.3.1/thumb/v7e-m/fpv4-sp/hard/crtn.o
 *crtbegin.o(.ctors)
 *crtbegin?.o(.ctors)
 *(EXCLUDE_FILE(*crtend.o *crtend?.o) .ctors)
 *(SORT_BY_NAME(.ctors.*))
 *(.ctors)
 *crtbegin.o(.dtors)
 *crtbegin?.o(.dtors)
 *(EXCLUDE_FILE(*crtend.o *crtend?.o) .dtors)
 *(SORT_BY_NAME(.dtors.*))
 *(.dtors)
 *(.rodata*)
 .rodata.waitScanDot.str1.1
                0x0000000000032984        0x6 _build/YDLidar.o
 *fill*         0x000000000003298a        0x2 
 .rodata        0x000000000003298c       0x14 _build/main.o
 .rodata.PWM1   0x00000000000329a0        0x8 _build/main.o
                0x00000000000329a0                PWM1
 .rodata.comm_params
                0x00000000000329a8       0x18 _build/main.o
                0x00000000000329a8                comm_params
 .rodata.m_pwm_PWM1_timer
                0x00000000000329c0        0x8 _build/main.o
                0x00000000000329c0                m_pwm_PWM1_timer
 .rodata.main.str1.1
                0x00000000000329c8       0x3b _build/main.o
 .rodata.str1.1
                0x0000000000032a03       0x10 _build/main.o
 .rodata.uart_error_handle.str1.1
                0x0000000000032a13        0x7 _build/main.o
 .rodata.app_error_fault_handler.str1.1
                0x0000000000032a1a       0xb7 _build/better_error_handling.o
 *fill*         0x0000000000032ad1        0xf 
 .rodata.delay_machine_code.8629
                0x0000000000032ae0        0x6 _build/better_error_handling.o
 .rodata._DoInit.str1.1
                0x0000000000032ae6       0x14 _build/SEGGER_RTT.o
 .rodata.app_pwm_channel_duty_ticks_set.str1.1
                0x0000000000032afa       0x9b _build/app_pwm.o
 .rodata.app_pwm_init.str1.1
                0x0000000000032b95       0x87 _build/app_pwm.o
 *fill*         0x0000000000032c1c        0x4 
 .rodata.delay_machine_code.9273
                0x0000000000032c20        0x6 _build/app_timer.o
 *fill*         0x0000000000032c26        0x2 
 .rodata        0x0000000000032c28       0x20 _build/app_uart.o
 .rodata.app_uart_get.str1.1
                0x0000000000032c48       0x4c _build/app_uart.o
 .rodata.app_util_critical_region_enter.str1.1
                0x0000000000032c94       0x55 _build/app_util_platform.o
 .rodata.HardFault_c_handler.str1.1
                0x0000000000032ce9      0x12e _build/hardfault_implementation.o
 *fill*         0x0000000000032e17        0x1 
 .rodata.cfsr_msgs.9468
                0x0000000000032e18       0x68 _build/hardfault_implementation.o
 .rodata.str1.1
                0x0000000000032e80      0x4c0 _build/hardfault_implementation.o
 .rodata.nrf_balloc_init.str1.1
                0x0000000000033340       0x50 _build/nrf_balloc.o
 .rodata.nrf_drv_clock_uninit.str1.1
                0x0000000000033390       0x4f _build/nrf_drv_clock.o
 .rodata.str1.1
                0x00000000000333df        0x6 _build/nrf_drv_clock.o
 .rodata.nrf_fprintf_buffer_flush.str1.1
                0x00000000000333e5       0x46 _build/nrf_fprintf.o
 .rodata._aV2C.7562
                0x000000000003342b       0x10 _build/nrf_fprintf_format.o
 .rodata.nrf_fprintf_fmt.str1.1
                0x000000000003343b       0x4d _build/nrf_fprintf_format.o
 .rodata.str1.1
                0x0000000000033488        0xd _build/nrf_fstorage.o
 *fill*         0x0000000000033495        0xb 
 .rodata.delay_machine_code.9549
                0x00000000000334a0        0x6 _build/nrf_log_backend_rtt.o
 *fill*         0x00000000000334a6        0x2 
 .rodata.nrf_log_backend_rtt_api
                0x00000000000334a8        0xc _build/nrf_log_backend_rtt.o
                0x00000000000334a8                nrf_log_backend_rtt_api
 .rodata.nrf_log_default_backends_init.str1.1
                0x00000000000334b4       0x5f _build/nrf_log_default_backends.o
 .rodata.str1.1
                0x0000000000033513       0x10 _build/nrf_log_default_backends.o
 .rodata.buf_prealloc.str1.1
                0x0000000000033523       0x57 _build/nrf_log_frontend.o
 *fill*         0x000000000003357a        0x2 
 .rodata.m_log_push_ringbuf
                0x000000000003357c        0xc _build/nrf_log_frontend.o
 .rodata.nrf_log_frontend_dequeue.str1.1
                0x0000000000033588       0x11 _build/nrf_log_frontend.o
 .rodata.str1.1
                0x0000000000033599        0x4 _build/nrf_log_frontend.o
 *fill*         0x000000000003359d        0x3 
 .rodata.m_colors
                0x00000000000335a0       0x24 _build/nrf_log_str_formatter.o
 .rodata.nrf_log_hexdump_entry_process.str1.1
                0x00000000000335c4        0xf _build/nrf_log_str_formatter.o
                                         0x11 (size before relaxing)
 .rodata.postfix_process.str1.1
                0x00000000000335d3        0x8 _build/nrf_log_str_formatter.o
                                          0xb (size before relaxing)
 .rodata.prefix_process.str1.1
                0x00000000000335db       0x2a _build/nrf_log_str_formatter.o
 *fill*         0x0000000000033605        0x3 
 .rodata.severity_names
                0x0000000000033608       0x14 _build/nrf_log_str_formatter.o
 .rodata.str1.1
                0x000000000003361c       0x4b _build/nrf_log_str_formatter.o
                                         0x51 (size before relaxing)
 .rodata.memobj_op.str1.1
                0x0000000000033667       0x50 _build/nrf_memobj.o
 *fill*         0x00000000000336b7        0x1 
 .rodata.pwr_mgmt_data
                0x00000000000336b8        0xc _build/nrf_pwr_mgmt.o
 .rodata.str1.1
                0x00000000000336c4        0x9 _build/nrf_pwr_mgmt.o
 .rodata.nrf_section_iter_init.str1.1
                0x00000000000336cd       0x69 _build/nrf_section_iter.o
 .rodata.m_unknown_str
                0x0000000000033736       0x13 _build/nrf_strerror.o
 *fill*         0x0000000000033749        0x3 
 .rodata.nrf_strerror_array
                0x000000000003374c      0x128 _build/nrf_strerror.o
 .rodata.str1.1
                0x0000000000033874      0x3ba _build/nrf_strerror.o
 .rodata.nrfx_clock_init.str1.1
                0x0000000000033c2e       0x4d _build/nrfx_clock.o
 .rodata.str1.1
                0x0000000000033c7b        0x6 _build/nrfx_clock.o
 .rodata.nrf_gpio_pin_port_decode.isra.0.part.1.str1.1
                0x0000000000033c81       0x43 _build/nrfx_gpiote.o
 .rodata.nrfx_gpiote_out_init.str1.1
                0x0000000000033c81       0x4e _build/nrfx_gpiote.o
 .rodata.str1.1
                0x0000000000033ccf        0x7 _build/nrfx_gpiote.o
 .rodata.str1.1
                0x0000000000033cd6        0x4 _build/nrfx_ppi.o
 .rodata.UARTE0_UART0_IRQHandler.str1.1
                0x0000000000033cda       0x4f _build/nrfx_prs.o
 .rodata.str1.1
                0x0000000000033d29        0x4 _build/nrfx_prs.o
 .rodata.str1.1
                0x0000000000033d2d        0x4 _build/nrfx_pwm.o
 .rodata.str1.1
                0x0000000000033d31        0x6 _build/nrfx_saadc.o
 .rodata.SPIM1_SPIS1_TWIM1_TWIS1_SPI1_TWI1_IRQHandler.str1.1
                0x0000000000033d37       0x4c _build/nrfx_spim.o
 .rodata.nrf_gpio_pin_port_decode.isra.0.part.1.str1.1
                0x0000000000033d83       0x43 _build/nrfx_spim.o
 .rodata.str1.1
                0x0000000000033d83        0x5 _build/nrfx_spim.o
 .rodata.nrfx_timer_init.str1.1
                0x0000000000033d88       0x91 _build/nrfx_timer.o
 .rodata.str1.1
                0x0000000000033e19        0x6 _build/nrfx_timer.o
 .rodata.SPIM0_SPIS0_TWIM0_TWIS0_SPI0_TWI0_IRQHandler.str1.1
                0x0000000000033e1f       0x4c _build/nrfx_twim.o
 .rodata.str1.1
                0x0000000000033e6b        0x5 _build/nrfx_twim.o
 .rodata.nrf_gpio_pin_port_decode.isra.3.part.4.str1.1
                0x0000000000033e70       0x43 _build/nrfx_uart.o
 .rodata.nrfx_uart_init.str1.1
                0x0000000000033e70       0x4c _build/nrfx_uart.o
                                         0x90 (size before relaxing)
 .rodata.str1.1
                0x0000000000033ebc        0x5 _build/nrfx_uart.o
 .rodata.nrf_gpio_pin_port_decode.isra.1.part.2.str1.1
                0x0000000000033ec1       0x43 _build/nrfx_uarte.o
 .rodata.nrfx_uarte_init.str1.1
                0x0000000000033ec1       0x4d _build/nrfx_uarte.o
                                         0x91 (size before relaxing)
 .rodata.str1.1
                0x0000000000033f0e        0x6 _build/nrfx_uarte.o
 .rodata.data_length_update.str1.1
                0x0000000000033f14       0xdf _build/nrf_ble_gatt.o
 .rodata.nrf_ble_gatt_on_ble_evt.str1.1
                0x0000000000033ff3       0x60 _build/nrf_ble_gatt.o
 .rodata.str1.1
                0x0000000000034053        0xd _build/nrf_ble_gatt.o
 .rodata        0x0000000000034060        0x4 _build/nrf_sdh.o
 .rodata.sdh_req_observers
                0x0000000000034064        0xc _build/nrf_sdh.o
 .rodata.sdh_stack_observers
                0x0000000000034070        0xc _build/nrf_sdh.o
 .rodata.sdh_state_observers
                0x000000000003407c        0xc _build/nrf_sdh.o
 .rodata.softdevices_evt_irq_enable.str1.1
                0x0000000000034088       0x4e _build/nrf_sdh.o
 .rodata.str1.1
                0x00000000000340d6        0x8 _build/nrf_sdh.o
 .rodata.nrf_sdh_ble_default_cfg_set.str1.1
                0x00000000000340de      0x1c9 _build/nrf_sdh_ble.o
 .rodata.nrf_sdh_ble_enable.str1.1
                0x00000000000342a7       0xa7 _build/nrf_sdh_ble.o
 .rodata.nrf_sdh_ble_evts_poll.part.0.str1.1
                0x000000000003434e       0x52 _build/nrf_sdh_ble.o
 .rodata.sdh_ble_observers
                0x00000000000343a0        0xc _build/nrf_sdh_ble.o
 .rodata.str1.1
                0x00000000000343ac        0xc _build/nrf_sdh_ble.o
 .rodata.CONN_SUP_TIMEOUT
                0x00000000000343b8        0x4 _build/simple_ble.o
                0x00000000000343b8                CONN_SUP_TIMEOUT
 .rodata.FIRST_CONN_PARAMS_UPDATE_DELAY
                0x00000000000343bc        0x4 _build/simple_ble.o
                0x00000000000343bc                FIRST_CONN_PARAMS_UPDATE_DELAY
 .rodata.SLAVE_LATENCY
                0x00000000000343c0        0x4 _build/simple_ble.o
                0x00000000000343c0                SLAVE_LATENCY
 .rodata.assert_nrf_callback.str1.1
                0x00000000000343c4       0x25 _build/simple_ble.o
 .rodata.on_ble_evt.str1.1
                0x00000000000343e9       0x51 _build/simple_ble.o
 .rodata.simple_ble_init.str1.1
                0x000000000003443a       0x4b _build/simple_ble.o
 *fill*         0x0000000000034485        0x3 
 .rodata._global_impure_ptr
                0x0000000000034488        0x4 /usr/bin/../lib/gcc/arm-none-eabi/7.3.1/../../../../arm-none-eabi/lib/thumb/v7e-m/fpv4-sp/hard/libc.a(lib_a-impure.o)
                0x0000000000034488                _global_impure_ptr
 .rodata._setlocale_r.str1.4
                0x000000000003448c        0xa /usr/bin/../lib/gcc/arm-none-eabi/7.3.1/../../../../arm-none-eabi/lib/thumb/v7e-m/fpv4-sp/hard/libc.a(lib_a-locale.o)
                                          0xd (size before relaxing)
 *fill*         0x0000000000034496        0x2 
 .rodata.str1.4
                0x0000000000034498        0x2 /usr/bin/../lib/gcc/arm-none-eabi/7.3.1/../../../../arm-none-eabi/lib/thumb/v7e-m/fpv4-sp/hard/libc.a(lib_a-locale.o)
 *fill*         0x000000000003449a        0x2 
 .rodata._vfprintf_r.str1.4
                0x000000000003449c       0x42 /usr/bin/../lib/gcc/arm-none-eabi/7.3.1/../../../../arm-none-eabi/lib/thumb/v7e-m/fpv4-sp/hard/libc.a(lib_a-vfprintf.o)
 *fill*         0x00000000000344de        0x2 
 .rodata.blanks.8605
                0x00000000000344e0       0x10 /usr/bin/../lib/gcc/arm-none-eabi/7.3.1/../../../../arm-none-eabi/lib/thumb/v7e-m/fpv4-sp/hard/libc.a(lib_a-vfprintf.o)
 .rodata.zeroes.8606
                0x00000000000344f0       0x10 /usr/bin/../lib/gcc/arm-none-eabi/7.3.1/../../../../arm-none-eabi/lib/thumb/v7e-m/fpv4-sp/hard/libc.a(lib_a-vfprintf.o)
 .rodata._ctype_
                0x0000000000034500      0x101 /usr/bin/../lib/gcc/arm-none-eabi/7.3.1/../../../../arm-none-eabi/lib/thumb/v7e-m/fpv4-sp/hard/libc.a(lib_a-ctype_.o)
                0x0000000000034500                _ctype_
 *fill*         0x0000000000034601        0x3 
 .rodata._dtoa_r.str1.4
                0x0000000000034604       0x10 /usr/bin/../lib/gcc/arm-none-eabi/7.3.1/../../../../arm-none-eabi/lib/thumb/v7e-m/fpv4-sp/hard/libc.a(lib_a-dtoa.o)
                                         0x12 (size before relaxing)
 *fill*         0x0000000000034614        0x4 
 .rodata.__mprec_bigtens
                0x0000000000034618       0x28 /usr/bin/../lib/gcc/arm-none-eabi/7.3.1/../../../../arm-none-eabi/lib/thumb/v7e-m/fpv4-sp/hard/libc.a(lib_a-mprec.o)
                0x0000000000034618                __mprec_bigtens
 .rodata.__mprec_tens
                0x0000000000034640       0xc8 /usr/bin/../lib/gcc/arm-none-eabi/7.3.1/../../../../arm-none-eabi/lib/thumb/v7e-m/fpv4-sp/hard/libc.a(lib_a-mprec.o)
                0x0000000000034640                __mprec_tens
 .rodata.p05.7367
                0x0000000000034708        0xc /usr/bin/../lib/gcc/arm-none-eabi/7.3.1/../../../../arm-none-eabi/lib/thumb/v7e-m/fpv4-sp/hard/libc.a(lib_a-mprec.o)
 *fill*         0x0000000000034714        0x4 
 .rodata.atanhi
                0x0000000000034718       0x20 /usr/bin/../lib/gcc/arm-none-eabi/7.3.1/../../../../arm-none-eabi/lib/thumb/v7e-m/fpv4-sp/hard/libm.a(lib_a-s_atan.o)
 .rodata.atanlo
                0x0000000000034738       0x20 /usr/bin/../lib/gcc/arm-none-eabi/7.3.1/../../../../arm-none-eabi/lib/thumb/v7e-m/fpv4-sp/hard/libm.a(lib_a-s_atan.o)
 *(.eh_frame*)
 .eh_frame      0x0000000000034758        0x0 /usr/bin/../lib/gcc/arm-none-eabi/7.3.1/thumb/v7e-m/fpv4-sp/hard/crtbegin.o
 .eh_frame      0x0000000000034758        0x4 /usr/bin/../lib/gcc/arm-none-eabi/7.3.1/thumb/v7e-m/fpv4-sp/hard/crtend.o

.glue_7         0x000000000003475c        0x0
 .glue_7        0x000000000003475c        0x0 linker stubs

.glue_7t        0x000000000003475c        0x0
 .glue_7t       0x000000000003475c        0x0 linker stubs

.vfp11_veneer   0x000000000003475c        0x0
 .vfp11_veneer  0x000000000003475c        0x0 linker stubs

.v4_bx          0x000000000003475c        0x0
 .v4_bx         0x000000000003475c        0x0 linker stubs

.iplt           0x000000000003475c        0x0
 .iplt          0x000000000003475c        0x0 /usr/bin/../lib/gcc/arm-none-eabi/7.3.1/thumb/v7e-m/fpv4-sp/hard/crtbegin.o

.mem_section_dummy_rom

.sdh_soc_observers
                0x000000000003475c       0x10
                [!provide]                        PROVIDE (__start_sdh_soc_observers = .)
 *(SORT_BY_NAME(.sdh_soc_observers*))
 .sdh_soc_observers0
                0x000000000003475c        0x8 _build/nrf_drv_clock.o
 .sdh_soc_observers1
                0x0000000000034764        0x8 _build/simple_ble.o
                [!provide]                        PROVIDE (__stop_sdh_soc_observers = .)

.crypto_data    0x000000000003476c        0x0
                [!provide]                        PROVIDE (__start_crypto_data = .)
 *(SORT_BY_NAME(.crypto_data*))
                [!provide]                        PROVIDE (__stop_crypto_data = .)

.log_const_data
                0x000000000003476c       0x98
                0x000000000003476c                PROVIDE (__start_log_const_data = .)
 *(SORT_BY_NAME(.log_const_data*))
 .log_const_data_CLOCK
                0x000000000003476c        0x8 _build/nrfx_clock.o
                0x000000000003476c                m_nrf_log_CLOCK_logs_data_const
 .log_const_data_GPIOTE
                0x0000000000034774        0x8 _build/nrfx_gpiote.o
                0x0000000000034774                m_nrf_log_GPIOTE_logs_data_const
 .log_const_data_PPI
                0x000000000003477c        0x8 _build/nrfx_ppi.o
                0x000000000003477c                m_nrf_log_PPI_logs_data_const
 .log_const_data_PRS
                0x0000000000034784        0x8 _build/nrfx_prs.o
                0x0000000000034784                m_nrf_log_PRS_logs_data_const
 .log_const_data_PWM
                0x000000000003478c        0x8 _build/nrfx_pwm.o
                0x000000000003478c                m_nrf_log_PWM_logs_data_const
 .log_const_data_SAADC
                0x0000000000034794        0x8 _build/nrfx_saadc.o
                0x0000000000034794                m_nrf_log_SAADC_logs_data_const
 .log_const_data_SPIM
                0x000000000003479c        0x8 _build/nrfx_spim.o
                0x000000000003479c                m_nrf_log_SPIM_logs_data_const
 .log_const_data_TIMER
                0x00000000000347a4        0x8 _build/nrfx_timer.o
                0x00000000000347a4                m_nrf_log_TIMER_logs_data_const
 .log_const_data_TWIM
                0x00000000000347ac        0x8 _build/nrfx_twim.o
                0x00000000000347ac                m_nrf_log_TWIM_logs_data_const
 .log_const_data_UART
                0x00000000000347b4        0x8 _build/nrfx_uart.o
                0x00000000000347b4                m_nrf_log_UART_logs_data_const
 .log_const_data_UARTE
                0x00000000000347bc        0x8 _build/nrfx_uarte.o
                0x00000000000347bc                m_nrf_log_UARTE_logs_data_const
 .log_const_data_app
                0x00000000000347c4        0x8 _build/nrf_log_frontend.o
                0x00000000000347c4                m_nrf_log_app_logs_data_const
 .log_const_data_clock
                0x00000000000347cc        0x8 _build/nrf_drv_clock.o
                0x00000000000347cc                m_nrf_log_clock_logs_data_const
 .log_const_data_hardfault
                0x00000000000347d4        0x8 _build/hardfault_implementation.o
                0x00000000000347d4                m_nrf_log_hardfault_logs_data_const
 .log_const_data_nrf_ble_gatt
                0x00000000000347dc        0x8 _build/nrf_ble_gatt.o
                0x00000000000347dc                m_nrf_log_nrf_ble_gatt_logs_data_const
 .log_const_data_nrf_fstorage
                0x00000000000347e4        0x8 _build/nrf_fstorage.o
                0x00000000000347e4                m_nrf_log_nrf_fstorage_logs_data_const
 .log_const_data_nrf_sdh
                0x00000000000347ec        0x8 _build/nrf_sdh.o
                0x00000000000347ec                m_nrf_log_nrf_sdh_logs_data_const
 .log_const_data_nrf_sdh_ble
                0x00000000000347f4        0x8 _build/nrf_sdh_ble.o
                0x00000000000347f4                m_nrf_log_nrf_sdh_ble_logs_data_const
 .log_const_data_pwr_mgmt
                0x00000000000347fc        0x8 _build/nrf_pwr_mgmt.o
                0x00000000000347fc                m_nrf_log_pwr_mgmt_logs_data_const
                0x0000000000034804                PROVIDE (__stop_log_const_data = .)

.nrf_balloc     0x0000000000034804       0x14
                [!provide]                        PROVIDE (__start_nrf_balloc = .)
 *(.nrf_balloc)
 .nrf_balloc    0x0000000000034804       0x14 _build/nrf_log_frontend.o
                0x0000000000034804                log_mempool
                [!provide]                        PROVIDE (__stop_nrf_balloc = .)

.nrf_queue      0x0000000000034818       0x3c
                [!provide]                        PROVIDE (__start_nrf_queue = .)
 *(.nrf_queue)
 .nrf_queue     0x0000000000034818       0x14 _build/main.o
                0x0000000000034818                twi_mngr_instance_queue
 .nrf_queue     0x000000000003482c       0x28 _build/kobukiUtilities.o
                0x000000000003482c                serial_queues_txq
                0x0000000000034840                serial_queues_rxq
                [!provide]                        PROVIDE (__stop_nrf_queue = .)

.sdh_state_observers
                0x0000000000034854        0x8
                0x0000000000034854                PROVIDE (__start_sdh_state_observers = .)
 *(SORT_BY_NAME(.sdh_state_observers*))
 .sdh_state_observers0
                0x0000000000034854        0x8 _build/nrf_drv_clock.o
                0x000000000003485c                PROVIDE (__stop_sdh_state_observers = .)

.sdh_stack_observers
                0x000000000003485c        0x8
                0x000000000003485c                PROVIDE (__start_sdh_stack_observers = .)
 *(SORT_BY_NAME(.sdh_stack_observers*))
 .sdh_stack_observers0
                0x000000000003485c        0x8 _build/nrf_sdh_ble.o
                0x0000000000034864                PROVIDE (__stop_sdh_stack_observers = .)

.sdh_req_observers
                0x0000000000034864        0x0
                0x0000000000034864                PROVIDE (__start_sdh_req_observers = .)
 *(SORT_BY_NAME(.sdh_req_observers*))
                0x0000000000034864                PROVIDE (__stop_sdh_req_observers = .)

.cli_command    0x0000000000034864        0x0
                [!provide]                        PROVIDE (__start_cli_command = .)
 *(.cli_command)
                [!provide]                        PROVIDE (__stop_cli_command = .)

.pwr_mgmt_data  0x0000000000034864        0x0
                0x0000000000034864                PROVIDE (__start_pwr_mgmt_data = .)
 *(SORT_BY_NAME(.pwr_mgmt_data*))
                0x0000000000034864                PROVIDE (__stop_pwr_mgmt_data = .)

.sdh_ble_observers
                0x0000000000034864       0x28
                0x0000000000034864                PROVIDE (__start_sdh_ble_observers = .)
 *(SORT_BY_NAME(.sdh_ble_observers*))
 .sdh_ble_observers1
                0x0000000000034864        0x8 _build/ble_conn_params.o
 .sdh_ble_observers1
                0x000000000003486c       0x10 _build/simple_ble.o
 .sdh_ble_observers2
                0x000000000003487c        0x8 _build/simple_ble.o
 .sdh_ble_observers3
                0x0000000000034884        0x8 _build/simple_ble.o
                0x000000000003488c                PROVIDE (__stop_sdh_ble_observers = .)

.log_backends   0x000000000003488c       0x10
 .log_backends  0x000000000003488c       0x10 _build/nrf_log_default_backends.o

.dfu_trans      0x000000000003489c        0x0
                [!provide]                        PROVIDE (__start_dfu_trans = .)
 *(SORT_BY_NAME(.dfu_trans*))
                [!provide]                        PROVIDE (__stop_dfu_trans = .)

.ARM.extab
 *(.ARM.extab* .gnu.linkonce.armextab.*)
                0x000000000003489c                __exidx_start = .

.ARM.exidx      0x000000000003489c        0x8
 *(.ARM.exidx* .gnu.linkonce.armexidx.*)
 .ARM.exidx     0x000000000003489c        0x8 /usr/bin/../lib/gcc/arm-none-eabi/7.3.1/../../../../arm-none-eabi/lib/thumb/v7e-m/fpv4-sp/hard/crt0.o
 .ARM.exidx     0x00000000000348a4        0x0 /usr/bin/../lib/gcc/arm-none-eabi/7.3.1/thumb/v7e-m/fpv4-sp/hard/libgcc.a(_udivmoddi4.o)
                                          0x8 (size before relaxing)
                0x00000000000348a4                __exidx_end = .
                0x00000000000348a4                __etext = .

.rel.dyn        0x00000000000348a4        0x0
 .rel.iplt      0x00000000000348a4        0x0 /usr/bin/../lib/gcc/arm-none-eabi/7.3.1/thumb/v7e-m/fpv4-sp/hard/crtbegin.o

.data           0x00000000200098a8      0xa38 load address 0x00000000000348a4
                0x00000000200098a8                __data_start__ = .
 *(vtable)
 *(.data*)
 .data.CheckSumResult.8110
                0x00000000200098a8        0x1 _build/YDLidar.o
 *fill*         0x00000000200098a9        0x1 
 .data.angle_char
                0x00000000200098aa        0xa _build/main.o
 .data.ble_config
                0x00000000200098b4       0x10 _build/main.o
 .data.dist_char
                0x00000000200098c4        0xa _build/main.o
 *fill*         0x00000000200098ce        0x2 
 .data.robot_service
                0x00000000200098d0       0x28 _build/main.o
 .data.app_uart_inst
                0x00000000200098f8       0x14 _build/app_uart.o
 .data.log_backend_cb_rtt_log_backend
                0x000000002000990c        0x8 _build/nrf_log_default_backends.o
 .data.m_adv_uuids
                0x0000000020009914        0x4 _build/simple_ble.o
 .data.m_scan_buffer
                0x0000000020009918        0x8 _build/simple_ble.o
 .data.SystemCoreClock
                0x0000000020009920        0x4 _build/system_nrf52.o
                0x0000000020009920                SystemCoreClock
 .data._impure_ptr
                0x0000000020009924        0x4 /usr/bin/../lib/gcc/arm-none-eabi/7.3.1/../../../../arm-none-eabi/lib/thumb/v7e-m/fpv4-sp/hard/libc.a(lib_a-impure.o)
                0x0000000020009924                _impure_ptr
 .data.impure_data
                0x0000000020009928      0x428 /usr/bin/../lib/gcc/arm-none-eabi/7.3.1/../../../../arm-none-eabi/lib/thumb/v7e-m/fpv4-sp/hard/libc.a(lib_a-impure.o)
 .data.__global_locale
                0x0000000020009d50      0x16c /usr/bin/../lib/gcc/arm-none-eabi/7.3.1/../../../../arm-none-eabi/lib/thumb/v7e-m/fpv4-sp/hard/libc.a(lib_a-locale.o)
                0x0000000020009d50                __global_locale
 .data.__atexit_recursive_mutex
                0x0000000020009ebc        0x4 /usr/bin/../lib/gcc/arm-none-eabi/7.3.1/../../../../arm-none-eabi/lib/thumb/v7e-m/fpv4-sp/hard/libc.a(lib_a-__call_atexit.o)
                0x0000000020009ebc                __atexit_recursive_mutex
 .data.__malloc_av_
                0x0000000020009ec0      0x408 /usr/bin/../lib/gcc/arm-none-eabi/7.3.1/../../../../arm-none-eabi/lib/thumb/v7e-m/fpv4-sp/hard/libc.a(lib_a-mallocr.o)
                0x0000000020009ec0                __malloc_av_
 .data.__malloc_sbrk_base
                0x000000002000a2c8        0x4 /usr/bin/../lib/gcc/arm-none-eabi/7.3.1/../../../../arm-none-eabi/lib/thumb/v7e-m/fpv4-sp/hard/libc.a(lib_a-mallocr.o)
                0x000000002000a2c8                __malloc_sbrk_base
 .data.__malloc_trim_threshold
                0x000000002000a2cc        0x4 /usr/bin/../lib/gcc/arm-none-eabi/7.3.1/../../../../arm-none-eabi/lib/thumb/v7e-m/fpv4-sp/hard/libc.a(lib_a-mallocr.o)
                0x000000002000a2cc                __malloc_trim_threshold
                0x000000002000a2d0                . = ALIGN (0x4)
                0x000000002000a2d0                PROVIDE (__preinit_array_start = .)
 *(.preinit_array)
                0x000000002000a2d0                PROVIDE (__preinit_array_end = .)
                0x000000002000a2d0                . = ALIGN (0x4)
                0x000000002000a2d0                PROVIDE (__init_array_start = .)
 *(SORT_BY_NAME(.init_array.*))
 .init_array.00000
                0x000000002000a2d0        0x4 /usr/bin/../lib/gcc/arm-none-eabi/7.3.1/../../../../arm-none-eabi/lib/thumb/v7e-m/fpv4-sp/hard/libc.a(lib_a-__call_atexit.o)
 *(.init_array)
 .init_array    0x000000002000a2d4        0x4 /usr/bin/../lib/gcc/arm-none-eabi/7.3.1/thumb/v7e-m/fpv4-sp/hard/crtbegin.o
 .init_array    0x000000002000a2d8        0x4 _build/before_startup.o
                0x000000002000a2dc                PROVIDE (__init_array_end = .)
                0x000000002000a2dc                . = ALIGN (0x4)
                0x000000002000a2dc                PROVIDE (__fini_array_start = .)
 *(SORT_BY_NAME(.fini_array.*))
 *(.fini_array)
 .fini_array    0x000000002000a2dc        0x4 /usr/bin/../lib/gcc/arm-none-eabi/7.3.1/thumb/v7e-m/fpv4-sp/hard/crtbegin.o
                0x000000002000a2e0                PROVIDE (__fini_array_end = .)
 *(.jcr*)
                0x000000002000a2e0                . = ALIGN (0x4)
                0x000000002000a2e0                __data_end__ = .
LOAD /usr/bin/../lib/gcc/arm-none-eabi/7.3.1/thumb/v7e-m/fpv4-sp/hard/crti.o
LOAD /usr/bin/../lib/gcc/arm-none-eabi/7.3.1/thumb/v7e-m/fpv4-sp/hard/crtbegin.o
LOAD /usr/bin/../lib/gcc/arm-none-eabi/7.3.1/../../../../arm-none-eabi/lib/thumb/v7e-m/fpv4-sp/hard/crt0.o
START GROUP
LOAD _build/YDLidar.o
LOAD _build/main.o
LOAD _build/display.o
LOAD _build/mpu9250.o
LOAD _build/kobukiUART.o
LOAD _build/kobukiSensor.o
LOAD _build/kobukiUtilities.o
LOAD _build/kobukiSensorPoll.o
LOAD _build/kobukiActuator.o
LOAD _build/better_error_handling.o
LOAD _build/max44009.o
LOAD _build/lsm9ds1.o
LOAD _build/opt3004.o
LOAD _build/SEGGER_RTT.o
LOAD _build/SEGGER_RTT_Syscalls_GCC.o
LOAD _build/SEGGER_RTT_printf.o
LOAD _build/app_error.o
LOAD _build/app_error_handler_gcc.o
LOAD _build/app_pwm.o
LOAD _build/app_scheduler.o